Archive member included because of file (symbol)

c:/espardino_tmp/bin/../lib/gcc/arm-elf/4.4.0/thumb/interwork\libgcc.a(_arm_addsubdf3.o)
                              main.o (__adddf3)
c:/espardino_tmp/bin/../lib/gcc/arm-elf/4.4.0/../../../../arm-elf/lib\liblua.a(lua_io_wrappers.o)
                              main.o (LUA_setup_fatfs)
c:/espardino_tmp/bin/../lib/gcc/arm-elf/4.4.0/../../../../arm-elf/lib\liblua.a(lualib.o)
                              main.o (LUA_close)
c:/espardino_tmp/bin/../lib/gcc/arm-elf/4.4.0/../../../../arm-elf/lib\liblua.a(lualib_console.o)
                              main.o (LUA_console)
c:/espardino_tmp/bin/../lib/gcc/arm-elf/4.4.0/../../../../arm-elf/lib\liblua.a(all.o)
                              main.o (lua_gettop)
c:/espardino_tmp/bin/../lib/gcc/arm-elf/4.4.0/../../../../arm-elf/lib\liblua.a(lualib_bit.o)
                              c:/espardino_tmp/bin/../lib/gcc/arm-elf/4.4.0/../../../../arm-elf/lib\liblua.a(lualib.o) (luaopen_bit)
c:/espardino_tmp/bin/../lib/gcc/arm-elf/4.4.0/../../../../arm-elf/lib/thumb/interwork\libffs.a(ff.o)
                              main.o (f_mount)
c:/espardino_tmp/bin/../lib/gcc/arm-elf/4.4.0/../../../../arm-elf/lib/thumb/interwork\libffs.a(sd_spi_lpc2000.o)
                              c:/espardino_tmp/bin/../lib/gcc/arm-elf/4.4.0/../../../../arm-elf/lib/thumb/interwork\libffs.a(ff.o) (disk_status)
c:/espardino_tmp/bin/../lib/gcc/arm-elf/4.4.0/../../../../arm-elf/lib/thumb/interwork\libffs.a(ccsbcs.o)
                              c:/espardino_tmp/bin/../lib/gcc/arm-elf/4.4.0/../../../../arm-elf/lib/thumb/interwork\libffs.a(ff.o) (ff_convert)
c:/espardino_tmp/bin/../lib/gcc/arm-elf/4.4.0/../../../../arm-elf/lib/thumb/interwork\libffs.a(fattime.o)
                              c:/espardino_tmp/bin/../lib/gcc/arm-elf/4.4.0/../../../../arm-elf/lib/thumb/interwork\libffs.a(ff.o) (get_fattime)
c:/espardino_tmp/bin/../lib/gcc/arm-elf/4.4.0/../../../../arm-elf/lib/thumb/interwork\libvcom.a(main_serial.o)
                              main.o (VCOM_putchar_nl)
c:/espardino_tmp/bin/../lib/gcc/arm-elf/4.4.0/../../../../arm-elf/lib/thumb/interwork\libvcom.a(usbhw_lpc.o)
                              c:/espardino_tmp/bin/../lib/gcc/arm-elf/4.4.0/../../../../arm-elf/lib/thumb/interwork\libvcom.a(main_serial.o) (USBHwRegisterEPIntHandler)
c:/espardino_tmp/bin/../lib/gcc/arm-elf/4.4.0/../../../../arm-elf/lib/thumb/interwork\libvcom.a(usbcontrol.o)
                              c:/espardino_tmp/bin/../lib/gcc/arm-elf/4.4.0/../../../../arm-elf/lib/thumb/interwork\libvcom.a(main_serial.o) (USBRegisterRequestHandler)
c:/espardino_tmp/bin/../lib/gcc/arm-elf/4.4.0/../../../../arm-elf/lib/thumb/interwork\libvcom.a(usbstdreq.o)
                              c:/espardino_tmp/bin/../lib/gcc/arm-elf/4.4.0/../../../../arm-elf/lib/thumb/interwork\libvcom.a(main_serial.o) (USBRegisterDescriptors)
c:/espardino_tmp/bin/../lib/gcc/arm-elf/4.4.0/../../../../arm-elf/lib/thumb/interwork\libvcom.a(usbinit.o)
                              c:/espardino_tmp/bin/../lib/gcc/arm-elf/4.4.0/../../../../arm-elf/lib/thumb/interwork\libvcom.a(main_serial.o) (USBInit)
c:/espardino_tmp/bin/../lib/gcc/arm-elf/4.4.0/../../../../arm-elf/lib/thumb/interwork\libvcom.a(serial_fifo.o)
                              c:/espardino_tmp/bin/../lib/gcc/arm-elf/4.4.0/../../../../arm-elf/lib/thumb/interwork\libvcom.a(main_serial.o) (fifo_init)
c:/espardino_tmp/bin/../lib/gcc/arm-elf/4.4.0/../../../../arm-elf/lib/thumb/interwork\libvcom.a(armVIC.o)
                              c:/espardino_tmp/bin/../lib/gcc/arm-elf/4.4.0/../../../../arm-elf/lib/thumb/interwork\libvcom.a(main_serial.o) (enableIRQ)
c:/espardino_tmp/bin/../lib/gcc/arm-elf/4.4.0/../../../../arm-elf/lib\libmicro214x.a(leds.o)
                              main.o (LEDS_init)
c:/espardino_tmp/bin/../lib/gcc/arm-elf/4.4.0/../../../../arm-elf/lib\libmicro214x.a(adc.o)
                              c:/espardino_tmp/bin/../lib/gcc/arm-elf/4.4.0/../../../../arm-elf/lib\liblua.a(lualib.o) (ADC_read)
c:/espardino_tmp/bin/../lib/gcc/arm-elf/4.4.0/../../../../arm-elf/lib\libmicro214x.a(sysclocks.o)
                              c:/espardino_tmp/bin/../lib/gcc/arm-elf/4.4.0/../../../../arm-elf/lib\liblua.a(lualib.o) (VPB_get_speed)
c:/espardino_tmp/bin/../lib/gcc/arm-elf/4.4.0/../../../../arm-elf/lib\libmicro214x.a(iolib.o)
                              c:/espardino_tmp/bin/../lib/gcc/arm-elf/4.4.0/../../../../arm-elf/lib\liblua.a(lualib.o) (IO_input)
c:/espardino_tmp/bin/../lib/gcc/arm-elf/4.4.0/../../../../arm-elf/lib\libmicro214x.a(rtc.o)
                              c:/espardino_tmp/bin/../lib/gcc/arm-elf/4.4.0/../../../../arm-elf/lib/thumb/interwork\libffs.a(fattime.o) (RTC_get)
c:/espardino_tmp/bin/../lib/gcc/arm-elf/4.4.0/../../../../arm-elf/lib\libmicro214x.a(miniprintf.o)
                              main.o (xprintf_output)
[...]
Memory Configuration

Name             Origin             Length             Attributes
ROM              0x00002000         0x0007a000         xr
RAM              0x40000000         0x00008000         rw
*default*        0x00000000         0xffffffff

Linker script and memory map

LOAD startup.o
LOAD main.o
LOAD c:/espardino_tmp/bin/../lib/gcc/arm-elf/4.4.0/../../../../arm-elf/lib/thumb/interwork\libc.a
LOAD c:/espardino_tmp/bin/../lib/gcc/arm-elf/4.4.0/../../../../arm-elf/lib/thumb/interwork\libm.a
LOAD c:/espardino_tmp/bin/../lib/gcc/arm-elf/4.4.0/../../../../arm-elf/lib/thumb/interwork\libc.a
LOAD c:/espardino_tmp/bin/../lib/gcc/arm-elf/4.4.0/thumb/interwork\libgcc.a
LOAD c:/espardino_tmp/bin/../lib/gcc/arm-elf/4.4.0/../../../../arm-elf/lib/thumb/interwork\libstdc++.a
LOAD c:/espardino_tmp/bin/../lib/gcc/arm-elf/4.4.0/../../../../arm-elf/lib\liblua.a
LOAD c:/espardino_tmp/bin/../lib/gcc/arm-elf/4.4.0/../../../../arm-elf/lib/thumb/interwork\libffs.a
LOAD c:/espardino_tmp/bin/../lib/gcc/arm-elf/4.4.0/../../../../arm-elf/lib/thumb/interwork\libvcom.a
LOAD c:/espardino_tmp/bin/../lib/gcc/arm-elf/4.4.0/../../../../arm-elf/lib\libmicro214x.a
LOAD c:/espardino_tmp/bin/../lib/gcc/arm-elf/4.4.0/../../../../arm-elf/lib/thumb/interwork\libm.a
START GROUP
LOAD c:/espardino_tmp/bin/../lib/gcc/arm-elf/4.4.0/thumb/interwork\libgcc.a
LOAD c:/espardino_tmp/bin/../lib/gcc/arm-elf/4.4.0/../../../../arm-elf/lib/thumb/interwork\libg.a
LOAD c:/espardino_tmp/bin/../lib/gcc/arm-elf/4.4.0/../../../../arm-elf/lib/thumb/interwork\libc.a
END GROUP
                0x00000010                STACK_SIZE = 0x10
                0x00008000                RAM_LENGTH = 0x8000

.startup        0x00002000      0x1b4
 *startup.o(.text)
 .text          0x00002000      0x1b4 startup.o
                0x00002000                _boot
                0x00002178                __exit_THUMB
                0x00002174                __exit_ARM

.text           0x000021b4    0x22804
 *(.init)
 *(.text .text.*)
 .text          0x000021b4      0x188 main.o
                0x000021b4                exec_from_file
                0x000022b8                main
                0x00002258                run_lua_console
                0x00002208                exec_from_string
 .text          0x0000233c      0x430 c:/espardino_tmp/bin/../lib/gcc/arm-elf/4.4.0/thumb/interwork\libgcc.a(_arm_addsubdf3.o)
                0x00002700                __floatdidf
                0x00002680                __floatsidf
                0x00002658                __aeabi_ui2d
                0x0000233c                __aeabi_drsub
                0x000026ac                __extendsfdf2
                0x00002348                __adddf3
                0x00002658                __floatunsidf
                0x00002348                __aeabi_dadd
                0x000026ec                __aeabi_ul2d
                0x00002344                __aeabi_dsub
                0x000026ec                __floatundidf
                0x00002680                __aeabi_i2d
                0x00002700                __aeabi_l2d
                0x000026ac                __aeabi_f2d
                0x00002344                __subdf3
 .text          0x0000276c      0x480 c:/espardino_tmp/bin/../lib/gcc/arm-elf/4.4.0/../../../../arm-elf/lib\liblua.a(lua_io_wrappers.o)
                0x00002b54                my_fclose
                0x000029cc                my_fread
                0x000027b4                my_ftell
                0x00002778                my_feof
                0x0000276c                LUA_setup_fatfs
                0x00002b30                my_fflush
                0x00002bd0                my_freopen
                0x00002890                my_fputc
                0x000028c0                my_putchar
                0x00002860                my_ungetc
                0x00002918                my_fgets
                0x00002a68                my_getc
                0x00002abc                my_fwrite
                0x00002824                my_fseek
                0x000028d4                my_fputs
                0x000027fc                my_fprintF
                0x000029bc                my_exit
                0x00002b84                my_fopen
                0x000027d0                my_sprintF
                0x000027e8                my_printF
 .text          0x00002bec      0x524 c:/espardino_tmp/bin/../lib/gcc/arm-elf/4.4.0/../../../../arm-elf/lib\liblua.a(lualib.o)
                0x000030ec                LUA_init
                0x00002e7c                delay_init
                0x00002bec                delay_us
                0x00002eac                register_funcs
                0x00002cc0                IO_check_port_pin
                0x00002fbc                ADC_check_port_pin
                0x000030b8                openlibs
                0x00002c00                LUA_close
 .text          0x00003110      0x31c c:/espardino_tmp/bin/../lib/gcc/arm-elf/4.4.0/../../../../arm-elf/lib\liblua.a(lualib_console.o)
                0x00003258                LUA_console
 .text          0x0000342c     0xc370 c:/espardino_tmp/bin/../lib/gcc/arm-elf/4.4.0/../../../../arm-elf/lib\liblua.a(all.o)
                0x000067dc                lua_resume
                0x000038b0                lua_getupvalue
                0x00003594                lua_insert
                0x00003720                lua_touserdata
                0x000037e0                lua_pushlightuserdata
                0x00003510                lua_atpanic
                0x00004c74                lua_isnumber
                0x00003898                lua_getallocf
                0x00008578                luaL_ref
                0x0000d954                luaL_openlib
                0x00003958                lua_sethook
                0x000072f8                lua_load
                0x00006354                lua_objlen
                0x000073b0                lua_pcall
                0x0000a59c                luaL_addlstring
                0x0000a8d4                lua_getfield
                0x00003978                lua_gethookmask
                0x0000a4c4                lua_concat
                0x0000f43c                luaL_callmeta
                0x00003700                lua_tocfunction
                0x0000ad8c                lua_next
                0x00008504                luaL_unref
                0x00003518                lua_gettop
                0x0000a4a8                lua_pushvfstring
                0x00003740                lua_tothread
                0x00004c1c                lua_tointeger
                0x0000dcb0                luaL_checkstack
                0x0000380c                lua_getmetatable
                0x0000e7e0                luaL_checklstring
                0x0000ac98                luaL_findtable
                0x00003798                lua_pushnumber
                0x00003568                lua_remove
                0x0000ab30                lua_setfield
                0x00003980                lua_gethookcount
                0x00003508                lua_setlevel
                0x00007350                luaL_loadbuffer
                0x00007920                lua_pushlstring
                0x0000736c                luaL_loadstring
                0x0000363c                lua_isstring
                0x0000718c                luaL_newstate
                0x000035c8                lua_pushvalue
                0x00008620                lua_getinfo
                0x0000378c                lua_pushnil
                0x0000d858                luaL_error
                0x00004c44                lua_tonumber
                0x000038a8                lua_setallocf
                0x00003538                lua_settop
                0x00007850                lua_pushcclosure
                0x000079c4                luaL_getmetafield
                0x0000a258                lua_pushfstring
                0x0000e234                luaL_checknumber
                0x0000a760                luaL_gsub
                0x00007a14                lua_tolstring
                0x0000e03c                luaL_checkany
                0x00003ac8                lua_setlocal
                0x000035e8                lua_type
                0x00003620                lua_iscfunction
                0x000037cc                lua_pushboolean
                0x00004a1c                luaL_buffinit
                0x000034bc                lua_xmove
                0x0000ac74                lua_settable
                0x0000a32c                luaL_where
                0x0000a658                luaL_pushresult
                0x00004608                lua_setmetatable
                0x00003758                lua_topointer
                0x0000703c                lua_close
                0x000084a8                lua_rawseti
                0x000048b4                lua_rawget
                0x00004ae4                lua_dump
                0x0000e8bc                luaL_optlstring
                0x0000abc4                luaL_newmetatable
                0x00007c0c                lua_newuserdata
                0x00008d38                lua_lessthan
                0x0000ad58                lua_yield
                0x0000f3d8                lua_call
                0x00007088                lua_newstate
                0x00003894                lua_status
                0x0000daec                luaopen_io
                0x0000d84c                lua_error
                0x0000a5d4                luaL_addstring
                0x000066f0                lua_checkstack
                0x0000f74c                lua_equal
                0x0000a9a4                lua_gettable
                0x0000a5f0                luaL_addvalue
                0x00007998                lua_pushstring
                0x0000dcd4                luaL_argerror
                0x00003974                lua_gethook
                0x0000e1c8                luaL_checkinteger
                0x0000738c                lua_cpcall
                0x00003984                lua_getstack
                0x0000dbd4                luaopen_base
                0x0000d7b4                lua_replace
                0x00007b1c                lua_gc
                0x00007a84                lua_newthread
                0x0000eb64                luaL_checkudata
                0x000045ac                lua_setfenv
                0x00004518                lua_setupvalue
                0x0000e7b8                luaL_optnumber
                0x000047c4                lua_rawgeti
                0x0000e210                luaL_optinteger
                0x000037f0                lua_pushthread
                0x0000da58                luaopen_math
                0x0000e184                luaL_typerror
                0x000088e8                lua_rawset
                0x0000a580                luaL_prepbuffer
                0x0000edb4                luaL_checkoption
                0x0000e9d0                luaL_checktype
                0x00003a88                lua_getlocal
                0x0000da4c                luaL_register
                0x000036dc                lua_toboolean
                0x00003604                lua_typename
                0x0000384c                lua_getfenv
                0x00003650                lua_isuserdata
                0x0000366c                lua_rawequal
                0x0000a378                luaL_loadfile
                0x0000f408                luaL_openlibs
                0x00008058                lua_createtable
                0x000037ac                lua_pushinteger
 .text          0x0000f79c      0x4a8 c:/espardino_tmp/bin/../lib/gcc/arm-elf/4.4.0/../../../../arm-elf/lib\liblua.a(lualib_bit.o)
                0x0000f7e0                luaopen_bit
 .text          0x0000fc44     0x2a24 c:/espardino_tmp/bin/../lib/gcc/arm-elf/4.4.0/../../../../arm-elf/lib/thumb/interwork\libffs.a(ff.o)
                0x000117a0                f_gets
                0x0001146c                f_printf
                0x000121ac                f_rename
                0x00010b0c                f_truncate
                0x0000fc44                gen_numname
                0x00011e24                f_unlink
                0x00011414                f_putc
                0x00011444                f_puts
                0x0001109c                f_close
                0x000115f0                f_read
                0x000118f8                f_readdir
                0x00011dc0                f_chmod
                0x00010ffc                f_sync
                0x0000fd08                f_mkfs
                0x0000fcdc                f_mount
                0x00011f34                f_opendir
                0x000110b0                f_lseek
                0x00011ee0                f_stat
                0x00011d5c                f_utime
                0x00011230                f_write
                0x000124f8                f_open
                0x000122f4                f_mkdir
                0x00010f1c                f_getfree
 .text          0x00012668      0x9bc c:/espardino_tmp/bin/../lib/gcc/arm-elf/4.4.0/../../../../arm-elf/lib/thumb/interwork\libffs.a(sd_spi_lpc2000.o)
                0x00012ea4                disk_initialize
                0x00012810                disk_status
                0x00012c24                disk_ioctl
                0x00012ad8                disk_write
                0x00012b88                disk_read
 .text          0x00013024       0x74 c:/espardino_tmp/bin/../lib/gcc/arm-elf/4.4.0/../../../../arm-elf/lib/thumb/interwork\libffs.a(ccsbcs.o)
                0x00013068                ff_wtoupper
                0x00013024                ff_convert
 .text          0x00013098       0x54 c:/espardino_tmp/bin/../lib/gcc/arm-elf/4.4.0/../../../../arm-elf/lib/thumb/interwork\libffs.a(fattime.o)
                0x00013098                get_fattime
 .text          0x000130ec      0x3b0 c:/espardino_tmp/bin/../lib/gcc/arm-elf/4.4.0/../../../../arm-elf/lib/thumb/interwork\libvcom.a(main_serial.o)
                0x000133b8                VCOM_init_internal
                0x0001312c                VCOM_kbhit
                0x000131b0                VCOM_putchar
                0x0001320c                VCOM_putchar_nl
                0x000132b4                VCOM_getchar_nonblock
                0x00013260                VCOM_putchar_nonblock_nl
                0x00013234                VCOM_putchar_nonblock
                0x000131e0                VCOM_puts
                0x00013288                VCOM_getchar
                0x000133e4                VCOM_init
 .text          0x0001349c      0x650 c:/espardino_tmp/bin/../lib/gcc/arm-elf/4.4.0/../../../../arm-elf/lib/thumb/interwork\libvcom.a(usbhw_lpc.o)
                0x000137d0                USBHwEPRead
                0x000138e4                USBHwISR
                0x00013734                USBHwEPWrite
                0x0001349c                USBHwEPConfig
                0x00013588                USBHwSetAddress
                0x000135dc                USBHwConnect
                0x000136d0                USBHwEPStall
                0x00013558                USBHwRegisterDevIntHandler
                0x00013524                USBHwRegisterEPIntHandler
                0x00013898                USBHwConfigDevice
                0x00013628                USBHwNakIntEnable
                0x00013a0c                USBHwInit
                0x00013570                USBHwRegisterFrameHandler
                0x00013674                USBHwEPGetStatus
 .text          0x00013aec      0x130 c:/espardino_tmp/bin/../lib/gcc/arm-elf/4.4.0/../../../../arm-elf/lib/thumb/interwork\libvcom.a(usbcontrol.o)
                0x00013b3c                USBHandleControlTransfer
                0x00013aec                USBRegisterRequestHandler
 .text          0x00013c1c      0x1b0 c:/espardino_tmp/bin/../lib/gcc/arm-elf/4.4.0/../../../../arm-elf/lib/thumb/interwork\libvcom.a(usbstdreq.o)
                0x00013c28                USBGetDescriptor
                0x00013c74                USBRegisterCustomReqHandler
                0x00013c1c                USBRegisterDescriptors
                0x00013c80                USBHandleStandardRequest
 .text          0x00013dcc       0x54 c:/espardino_tmp/bin/../lib/gcc/arm-elf/4.4.0/../../../../arm-elf/lib/thumb/interwork\libvcom.a(usbinit.o)
                0x00013dd0                USBInit
 .text          0x00013e20       0xb8 c:/espardino_tmp/bin/../lib/gcc/arm-elf/4.4.0/../../../../arm-elf/lib/thumb/interwork\libvcom.a(serial_fifo.o)
                0x00013e94                fifo_avail
                0x00013e2c                fifo_put
                0x00013e20                fifo_init
                0x00013e64                fifo_get
                0x00013eb4                fifo_free
 .text          0x00013ed8       0x78 c:/espardino_tmp/bin/../lib/gcc/arm-elf/4.4.0/../../../../arm-elf/lib/thumb/interwork\libvcom.a(armVIC.o)
                0x00013ee8                restoreIRQ
                0x00013f40                enableFIQ
                0x00013f14                disableFIQ
                0x00013f04                enableIRQ
                0x00013f24                restoreFIQ
                0x00013ed8                disableIRQ
 .text          0x00013f50       0x64 c:/espardino_tmp/bin/../lib/gcc/arm-elf/4.4.0/../../../../arm-elf/lib\libmicro214x.a(leds.o)
                0x00013f84                LEDS_on
                0x00013f50                LEDS_init
                0x00013f54                LEDS_off
 .text          0x00013fb4      0x254 c:/espardino_tmp/bin/../lib/gcc/arm-elf/4.4.0/../../../../arm-elf/lib\libmicro214x.a(adc.o)
                0x000140c0                ADC_init
                0x00014098                ADC_get
                0x0001402c                ADC_read
                0x00014078                ADC_done
                0x00013fb4                ADC_set_precission
                0x00013fe4                ADC_start
 .text          0x00014208       0x30 c:/espardino_tmp/bin/../lib/gcc/arm-elf/4.4.0/../../../../arm-elf/lib\libmicro214x.a(sysclocks.o)
                0x00014208                VPB_set_speed
                0x00014220                SYSCLK_set_speed
                0x00014214                VPB_get_speed
                0x0001422c                SYSCLK_get_speed
 .text          0x00014238      0x168 c:/espardino_tmp/bin/../lib/gcc/arm-elf/4.4.0/../../../../arm-elf/lib\libmicro214x.a(iolib.o)
                0x00014238                IO_init
                0x0001437c                IO_output_low
                0x000142d4                IO_output
                0x00014388                IO_output_high
                0x00014258                IO_input
                0x00014394                IO_get_mode
 .text          0x000143a0       0x90 c:/espardino_tmp/bin/../lib/gcc/arm-elf/4.4.0/../../../../arm-elf/lib\libmicro214x.a(rtc.o)
                0x000143f0                RTC_set
                0x000143a0                RTC_get
 .text          0x00014430      0x6b8 c:/espardino_tmp/bin/../lib/gcc/arm-elf/4.4.0/../../../../arm-elf/lib\libmicro214x.a(miniprintf.o)
                0x000146f4                print
                0x00014430                xprintf_output
                0x00014ac8                xprintf
                0x0001449c                xputs
                0x00014aa0                xsprintf
                0x00014a78                xfprintf
 .text          0x00014ae8      0x34c c:/espardino_tmp/bin/../lib/gcc/arm-elf/4.4.0/../../../../arm-elf/lib/thumb/interwork\libm.a(lib_a-s_atan.o)
                0x00014ae8                atan
 .text          0x00014e34      0x150 c:/espardino_tmp/bin/../lib/gcc/arm-elf/4.4.0/../../../../arm-elf/lib/thumb/interwork\libm.a(lib_a-s_ceil.o)
                0x00014e34                ceil
 .text          0x00014f84       0xb4 c:/espardino_tmp/bin/../lib/gcc/arm-elf/4.4.0/../../../../arm-elf/lib/thumb/interwork\libm.a(lib_a-s_cos.o)
                0x00014f84                cos
 .text          0x00015038       0x14 c:/espardino_tmp/bin/../lib/gcc/arm-elf/4.4.0/../../../../arm-elf/lib/thumb/interwork\libm.a(lib_a-s_fabs.o)
                0x00015038                fabs
 .text          0x0001504c      0x150 c:/espardino_tmp/bin/../lib/gcc/arm-elf/4.4.0/../../../../arm-elf/lib/thumb/interwork\libm.a(lib_a-s_floor.o)
                0x0001504c                floor
 .text          0x0001519c       0x78 c:/espardino_tmp/bin/../lib/gcc/arm-elf/4.4.0/../../../../arm-elf/lib/thumb/interwork\libm.a(lib_a-s_frexp.o)
                0x0001519c                frexp
 .text          0x00015214       0x64 c:/espardino_tmp/bin/../lib/gcc/arm-elf/4.4.0/../../../../arm-elf/lib/thumb/interwork\libm.a(lib_a-s_ldexp.o)
                0x00015214                ldexp
 .text          0x00015278       0xa0 c:/espardino_tmp/bin/../lib/gcc/arm-elf/4.4.0/../../../../arm-elf/lib/thumb/interwork\libm.a(lib_a-s_modf.o)
                0x00015278                modf
 .text          0x00015318      0x120 c:/espardino_tmp/bin/../lib/gcc/arm-elf/4.4.0/../../../../arm-elf/lib/thumb/interwork\libm.a(lib_a-s_scalbn.o)
                0x00015318                scalbn
 .text          0x00015438       0xb8 c:/espardino_tmp/bin/../lib/gcc/arm-elf/4.4.0/../../../../arm-elf/lib/thumb/interwork\libm.a(lib_a-s_sin.o)
                0x00015438                sin
 .text          0x000154f0       0x74 c:/espardino_tmp/bin/../lib/gcc/arm-elf/4.4.0/../../../../arm-elf/lib/thumb/interwork\libm.a(lib_a-s_tan.o)
                0x000154f0                tan
 .text          0x00015564      0x108 c:/espardino_tmp/bin/../lib/gcc/arm-elf/4.4.0/../../../../arm-elf/lib/thumb/interwork\libm.a(lib_a-s_tanh.o)
                0x00015564                tanh
 .text          0x0001566c       0xb8 c:/espardino_tmp/bin/../lib/gcc/arm-elf/4.4.0/../../../../arm-elf/lib/thumb/interwork\libm.a(lib_a-w_acos.o)
                0x0001566c                acos
 .text          0x00015724       0xb8 c:/espardino_tmp/bin/../lib/gcc/arm-elf/4.4.0/../../../../arm-elf/lib/thumb/interwork\libm.a(lib_a-w_asin.o)
                0x00015724                asin
 .text          0x000157dc        0xc c:/espardino_tmp/bin/../lib/gcc/arm-elf/4.4.0/../../../../arm-elf/lib/thumb/interwork\libm.a(lib_a-w_atan2.o)
                0x000157dc                atan2
 .text          0x000157e8       0xcc c:/espardino_tmp/bin/../lib/gcc/arm-elf/4.4.0/../../../../arm-elf/lib/thumb/interwork\libm.a(lib_a-w_cosh.o)
                0x000157e8                cosh
 .text          0x000158b4      0x100 c:/espardino_tmp/bin/../lib/gcc/arm-elf/4.4.0/../../../../arm-elf/lib/thumb/interwork\libm.a(lib_a-w_exp.o)
                0x000158b4                exp
 .text          0x000159b4       0xd4 c:/espardino_tmp/bin/../lib/gcc/arm-elf/4.4.0/../../../../arm-elf/lib/thumb/interwork\libm.a(lib_a-w_fmod.o)
                0x000159b4                fmod
 .text          0x00015a88      0x104 c:/espardino_tmp/bin/../lib/gcc/arm-elf/4.4.0/../../../../arm-elf/lib/thumb/interwork\libm.a(lib_a-w_log.o)
                0x00015a88                log
 .text          0x00015b8c      0x104 c:/espardino_tmp/bin/../lib/gcc/arm-elf/4.4.0/../../../../arm-elf/lib/thumb/interwork\libm.a(lib_a-w_log10.o)
                0x00015b8c                log10
 .text          0x00015c90      0x39c c:/espardino_tmp/bin/../lib/gcc/arm-elf/4.4.0/../../../../arm-elf/lib/thumb/interwork\libm.a(lib_a-w_pow.o)
                0x00015c90                pow
 .text          0x0001602c       0xf4 c:/espardino_tmp/bin/../lib/gcc/arm-elf/4.4.0/../../../../arm-elf/lib/thumb/interwork\libm.a(lib_a-w_sinh.o)
                0x0001602c                sinh
 .text          0x00016120       0xc0 c:/espardino_tmp/bin/../lib/gcc/arm-elf/4.4.0/../../../../arm-elf/lib/thumb/interwork\libm.a(lib_a-w_sqrt.o)
                0x00016120                sqrt
 .text          0x000161e0      0x49c c:/espardino_tmp/bin/../lib/gcc/arm-elf/4.4.0/../../../../arm-elf/lib/thumb/interwork\libm.a(lib_a-e_acos.o)
                0x000161e0                __ieee754_acos
 .text          0x0001667c      0x44c c:/espardino_tmp/bin/../lib/gcc/arm-elf/4.4.0/../../../../arm-elf/lib/thumb/interwork\libm.a(lib_a-e_asin.o)
                0x0001667c                __ieee754_asin
 .text          0x00016ac8      0x200 c:/espardino_tmp/bin/../lib/gcc/arm-elf/4.4.0/../../../../arm-elf/lib/thumb/interwork\libm.a(lib_a-e_atan2.o)
                0x00016ac8                __ieee754_atan2
 .text          0x00016cc8      0x17c c:/espardino_tmp/bin/../lib/gcc/arm-elf/4.4.0/../../../../arm-elf/lib/thumb/interwork\libm.a(lib_a-e_cosh.o)
                0x00016cc8                __ieee754_cosh
 .text          0x00016e44      0x30c c:/espardino_tmp/bin/../lib/gcc/arm-elf/4.4.0/../../../../arm-elf/lib/thumb/interwork\libm.a(lib_a-e_exp.o)
                0x00016e44                __ieee754_exp
 .text          0x00017150      0x280 c:/espardino_tmp/bin/../lib/gcc/arm-elf/4.4.0/../../../../arm-elf/lib/thumb/interwork\libm.a(lib_a-e_fmod.o)
                0x00017150                __ieee754_fmod
 .text          0x000173d0      0x42c c:/espardino_tmp/bin/../lib/gcc/arm-elf/4.4.0/../../../../arm-elf/lib/thumb/interwork\libm.a(lib_a-e_log.o)
                0x000173d0                __ieee754_log
 .text          0x000177fc      0x140 c:/espardino_tmp/bin/../lib/gcc/arm-elf/4.4.0/../../../../arm-elf/lib/thumb/interwork\libm.a(lib_a-e_log10.o)
                0x000177fc                __ieee754_log10
 .text          0x0001793c      0xb68 c:/espardino_tmp/bin/../lib/gcc/arm-elf/4.4.0/../../../../arm-elf/lib/thumb/interwork\libm.a(lib_a-e_pow.o)
                0x0001793c                __ieee754_pow
 .text          0x000184a4      0x440 c:/espardino_tmp/bin/../lib/gcc/arm-elf/4.4.0/../../../../arm-elf/lib/thumb/interwork\libm.a(lib_a-e_rem_pio2.o)
                0x000184a4                __ieee754_rem_pio2
 .text          0x000188e4      0x1cc c:/espardino_tmp/bin/../lib/gcc/arm-elf/4.4.0/../../../../arm-elf/lib/thumb/interwork\libm.a(lib_a-e_sinh.o)
                0x000188e4                __ieee754_sinh
 .text          0x00018ab0      0x1d0 c:/espardino_tmp/bin/../lib/gcc/arm-elf/4.4.0/../../../../arm-elf/lib/thumb/interwork\libm.a(lib_a-e_sqrt.o)
                0x00018ab0                __ieee754_sqrt
 .text          0x00018c80      0x244 c:/espardino_tmp/bin/../lib/gcc/arm-elf/4.4.0/../../../../arm-elf/lib/thumb/interwork\libm.a(lib_a-k_cos.o)
                0x00018c80                __kernel_cos
 .text          0x00018ec4      0x81c c:/espardino_tmp/bin/../lib/gcc/arm-elf/4.4.0/../../../../arm-elf/lib/thumb/interwork\libm.a(lib_a-k_rem_pio2.o)
                0x00018ec4                __kernel_rem_pio2
 .text          0x000196e0      0x16c c:/espardino_tmp/bin/../lib/gcc/arm-elf/4.4.0/../../../../arm-elf/lib/thumb/interwork\libm.a(lib_a-k_sin.o)
                0x000196e0                __kernel_sin
 .text          0x0001984c      0x3b4 c:/espardino_tmp/bin/../lib/gcc/arm-elf/4.4.0/../../../../arm-elf/lib/thumb/interwork\libm.a(lib_a-k_tan.o)
                0x0001984c                __kernel_tan
 .text          0x00019c00       0x1c c:/espardino_tmp/bin/../lib/gcc/arm-elf/4.4.0/../../../../arm-elf/lib/thumb/interwork\libm.a(lib_a-s_copysign.o)
                0x00019c00                copysign
 .text          0x00019c1c      0x4b8 c:/espardino_tmp/bin/../lib/gcc/arm-elf/4.4.0/../../../../arm-elf/lib/thumb/interwork\libm.a(lib_a-s_expm1.o)
                0x00019c1c                expm1
 .text          0x0001a0d4       0x14 c:/espardino_tmp/bin/../lib/gcc/arm-elf/4.4.0/../../../../arm-elf/lib/thumb/interwork\libm.a(lib_a-s_finite.o)
                0x0001a0d4                finite
 .text          0x0001a0e8       0x1c c:/espardino_tmp/bin/../lib/gcc/arm-elf/4.4.0/../../../../arm-elf/lib/thumb/interwork\libm.a(lib_a-s_isnand.o)
                0x0001a0e8                __isnand
 .text          0x0001a104        0x0 c:/espardino_tmp/bin/../lib/gcc/arm-elf/4.4.0/../../../../arm-elf/lib/thumb/interwork\libm.a(lib_a-s_lib_ver.o)
 .text          0x0001a104        0x4 c:/espardino_tmp/bin/../lib/gcc/arm-elf/4.4.0/../../../../arm-elf/lib/thumb/interwork\libm.a(lib_a-s_matherr.o)
                0x0001a104                matherr
 .text          0x0001a108       0x10 c:/espardino_tmp/bin/../lib/gcc/arm-elf/4.4.0/../../../../arm-elf/lib/thumb/interwork\libm.a(lib_a-s_nan.o)
                0x0001a108                nan
 .text          0x0001a118      0x13c c:/espardino_tmp/bin/../lib/gcc/arm-elf/4.4.0/../../../../arm-elf/lib/thumb/interwork\libm.a(lib_a-s_rint.o)
                0x0001a118                rint
 .text          0x0001a254       0x8c c:/espardino_tmp/bin/../lib/gcc/arm-elf/4.4.0/thumb/interwork\libgcc.a(_udivsi3.o)
                0x0001a254                __udivsi3
                0x0001a254                __aeabi_uidiv
                0x0001a2d0                __aeabi_uidivmod
 .text          0x0001a2e0       0xa4 c:/espardino_tmp/bin/../lib/gcc/arm-elf/4.4.0/thumb/interwork\libgcc.a(_divsi3.o)
                0x0001a2e0                __aeabi_idiv
                0x0001a2e0                __divsi3
                0x0001a374                __aeabi_idivmod
 .text          0x0001a384       0xc8 c:/espardino_tmp/bin/../lib/gcc/arm-elf/4.4.0/thumb/interwork\libgcc.a(_umodsi3.o)
                0x0001a384                __umodsi3
 .text          0x0001a44c       0xd8 c:/espardino_tmp/bin/../lib/gcc/arm-elf/4.4.0/thumb/interwork\libgcc.a(_modsi3.o)
                0x0001a44c                __modsi3
 .text          0x0001a524        0x4 c:/espardino_tmp/bin/../lib/gcc/arm-elf/4.4.0/thumb/interwork\libgcc.a(_dvmd_tls.o)
                0x0001a524                __aeabi_ldiv0
                0x0001a524                __div0
                0x0001a524                __aeabi_idiv0
 .text          0x0001a528      0x49c c:/espardino_tmp/bin/../lib/gcc/arm-elf/4.4.0/thumb/interwork\libgcc.a(_arm_muldivdf3.o)
                0x0001a7b8                __aeabi_ddiv
                0x0001a528                __aeabi_dmul
                0x0001a7b8                __divdf3
                0x0001a528                __muldf3
 .text          0x0001a9c4      0x140 c:/espardino_tmp/bin/../lib/gcc/arm-elf/4.4.0/thumb/interwork\libgcc.a(_arm_cmpdf2.o)
                0x0001aabc                __aeabi_dcmple
                0x0001a9d4                __cmpdf2
                0x0001a9d4                __eqdf2
                0x0001a9c4                __gtdf2
                0x0001aa74                __aeabi_cdcmple
                0x0001aa58                __aeabi_cdrcmple
                0x0001a9cc                __ltdf2
                0x0001aaa4                __aeabi_dcmplt
                0x0001a9cc                __ledf2
                0x0001aaec                __aeabi_dcmpgt
                0x0001aad4                __aeabi_dcmpge
                0x0001a9d4                __nedf2
                0x0001aa8c                __aeabi_dcmpeq
                0x0001aa74                __aeabi_cdcmpeq
                0x0001a9c4                __gedf2
 .text          0x0001ab04       0x5c c:/espardino_tmp/bin/../lib/gcc/arm-elf/4.4.0/thumb/interwork\libgcc.a(_arm_fixdfsi.o)
                0x0001ab04                __fixdfsi
                0x0001ab04                __aeabi_d2iz
 .text          0x0001ab60       0x54 c:/espardino_tmp/bin/../lib/gcc/arm-elf/4.4.0/thumb/interwork\libgcc.a(_arm_fixunsdfsi.o)
                0x0001ab60                __fixunsdfsi
                0x0001ab60                __aeabi_d2uiz
 .text          0x0001abb4        0x0 c:/espardino_tmp/bin/../lib/gcc/arm-elf/4.4.0/../../../../arm-elf/lib/thumb/interwork\libg.a(lib_a-ctype_.o)
 .text          0x0001abb4        0xc c:/espardino_tmp/bin/../lib/gcc/arm-elf/4.4.0/../../../../arm-elf/lib/thumb/interwork\libg.a(lib_a-errno.o)
                0x0001abb4                __errno
 .text          0x0001abc0        0x0 c:/espardino_tmp/bin/../lib/gcc/arm-elf/4.4.0/../../../../arm-elf/lib/thumb/interwork\libg.a(lib_a-impure.o)
 .text          0x0001abc0       0x80 c:/espardino_tmp/bin/../lib/gcc/arm-elf/4.4.0/../../../../arm-elf/lib/thumb/interwork\libg.a(lib_a-locale.o)
                0x0001abe4                _setlocale_r
                0x0001abc0                __locale_charset
                0x0001abcc                _localeconv_r
                0x0001ac28                setlocale
                0x0001abd8                localeconv
 .text          0x0001ac40       0x28 c:/espardino_tmp/bin/../lib/gcc/arm-elf/4.4.0/../../../../arm-elf/lib/thumb/interwork\libg.a(lib_a-malloc.o)
                0x0001ac54                malloc
                0x0001ac40                free
 .text          0x0001ac68      0x51c c:/espardino_tmp/bin/../lib/gcc/arm-elf/4.4.0/../../../../arm-elf/lib/thumb/interwork\libg.a(lib_a-mallocr.o)
                0x0001ac68                _malloc_r
 .text          0x0001b184       0x58 c:/espardino_tmp/bin/../lib/gcc/arm-elf/4.4.0/../../../../arm-elf/lib/thumb/interwork\libg.a(lib_a-memcmp.o)
                0x0001b184                memcmp
 .text          0x0001b1dc       0x80 c:/espardino_tmp/bin/../lib/gcc/arm-elf/4.4.0/../../../../arm-elf/lib/thumb/interwork\libg.a(lib_a-memcpy.o)
                0x0001b1dc                memcpy
 .text          0x0001b25c        0x8 c:/espardino_tmp/bin/../lib/gcc/arm-elf/4.4.0/../../../../arm-elf/lib/thumb/interwork\libg.a(lib_a-mlock.o)
                0x0001b260                __malloc_unlock
                0x0001b25c                __malloc_lock
 .text          0x0001b264       0x50 c:/espardino_tmp/bin/../lib/gcc/arm-elf/4.4.0/../../../../arm-elf/lib/thumb/interwork\libg.a(lib_a-rand.o)
                0x0001b278                rand
                0x0001b264                srand
 .text          0x0001b2b4       0x18 c:/espardino_tmp/bin/../lib/gcc/arm-elf/4.4.0/../../../../arm-elf/lib/thumb/interwork\libg.a(lib_a-realloc.o)
                0x0001b2b4                realloc
 .text          0x0001b2cc      0x360 c:/espardino_tmp/bin/../lib/gcc/arm-elf/4.4.0/../../../../arm-elf/lib/thumb/interwork\libg.a(lib_a-reallocr.o)
                0x0001b2cc                _realloc_r
 .text          0x0001b62c       0x28 c:/espardino_tmp/bin/../lib/gcc/arm-elf/4.4.0/../../../../arm-elf/lib/thumb/interwork\libg.a(lib_a-sbrkr.o)
                0x0001b62c                _sbrk_r
 .text          0x0001b654       0x34 c:/espardino_tmp/bin/../lib/gcc/arm-elf/4.4.0/../../../../arm-elf/lib/thumb/interwork\libg.a(lib_a-setjmp.o)
                0x0001b66c                longjmp
                0x0001b654                setjmp
 .text          0x0001b688       0x50 c:/espardino_tmp/bin/../lib/gcc/arm-elf/4.4.0/../../../../arm-elf/lib/thumb/interwork\libg.a(lib_a-strcat.o)
                0x0001b688                strcat
 .text          0x0001b6d8       0xd4 c:/espardino_tmp/bin/../lib/gcc/arm-elf/4.4.0/../../../../arm-elf/lib/thumb/interwork\libg.a(lib_a-strchr.o)
                0x0001b6d8                strchr
 .text          0x0001b7ac       0x5c c:/espardino_tmp/bin/../lib/gcc/arm-elf/4.4.0/../../../../arm-elf/lib/thumb/interwork\libg.a(lib_a-strcmp.o)
                0x0001b7ac                strcmp
 .text          0x0001b808        0xc c:/espardino_tmp/bin/../lib/gcc/arm-elf/4.4.0/../../../../arm-elf/lib/thumb/interwork\libg.a(lib_a-strcoll.o)
                0x0001b808                strcoll
 .text          0x0001b814       0x4c c:/espardino_tmp/bin/../lib/gcc/arm-elf/4.4.0/../../../../arm-elf/lib/thumb/interwork\libg.a(lib_a-strcpy.o)
                0x0001b814                strcpy
 .text          0x0001b860       0x38 c:/espardino_tmp/bin/../lib/gcc/arm-elf/4.4.0/../../../../arm-elf/lib/thumb/interwork\libg.a(lib_a-strcspn.o)
                0x0001b860                strcspn
 .text          0x0001b898       0x6c c:/espardino_tmp/bin/../lib/gcc/arm-elf/4.4.0/../../../../arm-elf/lib/thumb/interwork\libg.a(lib_a-strlen.o)
                0x0001b898                strlen
 .text          0x0001b904       0x70 c:/espardino_tmp/bin/../lib/gcc/arm-elf/4.4.0/../../../../arm-elf/lib/thumb/interwork\libg.a(lib_a-strncat.o)
                0x0001b904                strncat
 .text          0x0001b974       0x64 c:/espardino_tmp/bin/../lib/gcc/arm-elf/4.4.0/../../../../arm-elf/lib/thumb/interwork\libg.a(lib_a-strncpy.o)
                0x0001b974                strncpy
 .text          0x0001b9d8      0x5ec c:/espardino_tmp/bin/../lib/gcc/arm-elf/4.4.0/../../../../arm-elf/lib/thumb/interwork\libg.a(lib_a-strstr.o)
                0x0001bd4c                strstr
 .text          0x0001bfc4      0xedc c:/espardino_tmp/bin/../lib/gcc/arm-elf/4.4.0/../../../../arm-elf/lib/thumb/interwork\libg.a(lib_a-strtod.o)
                0x0001bfc4                _strtod_r
                0x0001ce88                strtod
                0x0001ce50                strtof
 .text          0x0001cea0      0x17c c:/espardino_tmp/bin/../lib/gcc/arm-elf/4.4.0/../../../../arm-elf/lib/thumb/interwork\libg.a(lib_a-strtoul.o)
                0x0001cffc                strtoul
                0x0001cea0                _strtoul_r
 .text          0x0001d01c      0x5e8 c:/espardino_tmp/bin/../lib/gcc/arm-elf/4.4.0/../../../../arm-elf/lib/thumb/interwork\libg.a(lib_a-syscalls.o)
                0x0001d0dc                _getpid
                0x0001d01c                initialise_monitor_handles
                0x0001d5e0                _fstat
                0x0001d35c                _isatty
                0x0001d2c0                _open
                0x0001d2dc                _sbrk
                0x0001d0e8                _raise
                0x0001d118                _times
                0x0001d5a4                _stat
                0x0001d508                _lseek
                0x0001d0e0                _link
                0x0001d3e8                _swiwrite
                0x0001d15c                _rename
                0x0001d474                _swilseek
                0x0001d38c                _swiclose
                0x0001d234                _swiopen
                0x0001d1f8                _unlink
                0x0001d410                _write
                0x0001d094                _kill
                0x0001d0ec                _gettimeofday
                0x0001d544                _read
                0x0001d0c4                _exit
                0x0001d1a4                _system
                0x0001d51c                _swiread
                0x0001d3d4                _close
 .text          0x0001d604       0x98 c:/espardino_tmp/bin/../lib/gcc/arm-elf/4.4.0/../../../../arm-elf/lib/thumb/interwork\libg.a(lib_a-tmpfile.o)
                0x0001d688                tmpfile
                0x0001d604                _tmpfile_r
 .text          0x0001d69c      0x174 c:/espardino_tmp/bin/../lib/gcc/arm-elf/4.4.0/../../../../arm-elf/lib/thumb/interwork\libg.a(lib_a-tmpnam.o)
                0x0001d7b0                _tmpnam_r
                0x0001d7fc                tmpnam
                0x0001d718                _tempnam_r
                0x0001d798                tempnam
 .text          0x0001d810       0x28 c:/espardino_tmp/bin/../lib/gcc/arm-elf/4.4.0/../../../../arm-elf/lib/thumb/interwork\libg.a(lib_a-closer.o)
                0x0001d810                _close_r
 .text          0x0001d838       0x6c c:/espardino_tmp/bin/../lib/gcc/arm-elf/4.4.0/../../../../arm-elf/lib/thumb/interwork\libg.a(lib_a-fdopen.o)
                0x0001d838                _fdopen_r
                0x0001d88c                fdopen
 .text          0x0001d8a4      0x1d4 c:/espardino_tmp/bin/../lib/gcc/arm-elf/4.4.0/../../../../arm-elf/lib/thumb/interwork\libg.a(lib_a-findfp.o)
                0x0001d95c                __sinit
                0x0001d9b8                __sfmoreglue
                0x0001d8fc                _cleanup
                0x0001d8ec                _cleanup_r
                0x0001d8d4                __fp_lock_all
                0x0001d8a4                __sfp_lock_acquire
                0x0001d9e8                __sfp
                0x0001d8b0                __sinit_lock_release
                0x0001d8bc                __fp_unlock_all
                0x0001d8a8                __sfp_lock_release
                0x0001d8ac                __sinit_lock_acquire
 .text          0x0001da78       0x70 c:/espardino_tmp/bin/../lib/gcc/arm-elf/4.4.0/../../../../arm-elf/lib/thumb/interwork\libg.a(lib_a-flags.o)
                0x0001da78                __sflags
 .text          0x0001dae8      0x250 c:/espardino_tmp/bin/../lib/gcc/arm-elf/4.4.0/../../../../arm-elf/lib/thumb/interwork\libg.a(lib_a-freer.o)
                0x0001db8c                _free_r
                0x0001dae8                _malloc_trim_r
 .text          0x0001dd38       0xc4 c:/espardino_tmp/bin/../lib/gcc/arm-elf/4.4.0/../../../../arm-elf/lib/thumb/interwork\libg.a(lib_a-fwalk.o)
                0x0001dd9c                _fwalk
                0x0001dd38                _fwalk_reent
 .text          0x0001ddfc      0x5a0 c:/espardino_tmp/bin/../lib/gcc/arm-elf/4.4.0/../../../../arm-elf/lib/thumb/interwork\libg.a(lib_a-gdtoa-gethex.o)
                0x0001ddfc                __hexdig_init
                0x0001def8                __gethex
 .text          0x0001e39c      0x1b8 c:/espardino_tmp/bin/../lib/gcc/arm-elf/4.4.0/../../../../arm-elf/lib/thumb/interwork\libg.a(lib_a-gdtoa-hexnan.o)
                0x0001e39c                __hexnan
 .text          0x0001e554       0x34 c:/espardino_tmp/bin/../lib/gcc/arm-elf/4.4.0/../../../../arm-elf/lib/thumb/interwork\libg.a(lib_a-getenv.o)
                0x0001e554                getenv
                0x0001e570                _findenv
 .text          0x0001e588       0xa4 c:/espardino_tmp/bin/../lib/gcc/arm-elf/4.4.0/../../../../arm-elf/lib/thumb/interwork\libg.a(lib_a-getenv_r.o)
                0x0001e588                _findenv_r
                0x0001e61c                _getenv_r
 .text          0x0001e62c       0x80 c:/espardino_tmp/bin/../lib/gcc/arm-elf/4.4.0/../../../../arm-elf/lib/thumb/interwork\libg.a(lib_a-memchr.o)
                0x0001e62c                memchr
 .text          0x0001e6ac       0xa0 c:/espardino_tmp/bin/../lib/gcc/arm-elf/4.4.0/../../../../arm-elf/lib/thumb/interwork\libg.a(lib_a-memmove.o)
                0x0001e6ac                memmove
 .text          0x0001e74c       0x94 c:/espardino_tmp/bin/../lib/gcc/arm-elf/4.4.0/../../../../arm-elf/lib/thumb/interwork\libg.a(lib_a-memset.o)
                0x0001e74c                memset
 .text          0x0001e7e0      0x9ac c:/espardino_tmp/bin/../lib/gcc/arm-elf/4.4.0/../../../../arm-elf/lib/thumb/interwork\libg.a(lib_a-mprec.o)
                0x0001ea44                _mprec_log10
                0x0001eacc                __any_on
                0x0001eb18                _Balloc
                0x0001e9e0                __ratio
                0x0001ef80                __i2b
                0x0001e934                __b2d
                0x0001f0f0                __s2b
                0x0001e8a0                __mcmp
                0x0001e7f4                __hi0bits
                0x0001f038                __pow5mult
                0x0001ed60                __lshift
                0x0001ee20                __multiply
                0x0001eb6c                __d2b
                0x0001ea84                __copybits
                0x0001e8e0                __ulp
                0x0001ec4c                __mdiff
                0x0001e83c                __lo0bits
                0x0001ef98                __multadd
                0x0001e7e0                _Bfree
 .text          0x0001f18c       0x2c c:/espardino_tmp/bin/../lib/gcc/arm-elf/4.4.0/../../../../arm-elf/lib/thumb/interwork\libg.a(lib_a-openr.o)
                0x0001f18c                _open_r
 .text          0x0001f1b8      0x10c c:/espardino_tmp/bin/../lib/gcc/arm-elf/4.4.0/../../../../arm-elf/lib/thumb/interwork\libg.a(lib_a-reent.o)
                0x0001f204                cleanup_glue
                0x0001f224                _reclaim_reent
                0x0001f1b8                _wrapup_reent
 .text          0x0001f2c4       0x24 c:/espardino_tmp/bin/../lib/gcc/arm-elf/4.4.0/../../../../arm-elf/lib/thumb/interwork\libg.a(lib_a-remove.o)
                0x0001f2d4                remove
                0x0001f2c4                _remove_r
 .text          0x0001f2e8        0x8 c:/espardino_tmp/bin/../lib/gcc/arm-elf/4.4.0/../../../../arm-elf/lib/thumb/interwork\libg.a(lib_a-sf_nan.o)
                0x0001f2e8                nanf
 .text          0x0001f2f0       0x38 c:/espardino_tmp/bin/../lib/gcc/arm-elf/4.4.0/../../../../arm-elf/lib/thumb/interwork\libg.a(lib_a-signalr.o)
                0x0001f2fc                _kill_r
                0x0001f2f0                _getpid_r
 .text          0x0001f328       0x84 c:/espardino_tmp/bin/../lib/gcc/arm-elf/4.4.0/../../../../arm-elf/lib/thumb/interwork\libg.a(lib_a-sprintf.o)
                0x0001f36c                _sprintf_r
                0x0001f328                sprintf
 .text          0x0001f3ac       0xa8 c:/espardino_tmp/bin/../lib/gcc/arm-elf/4.4.0/../../../../arm-elf/lib/thumb/interwork\libg.a(lib_a-stdio.o)
                0x0001f3bc                __sseek
                0x0001f428                __sread
                0x0001f3ac                __sclose
                0x0001f3ec                __swrite
 .text          0x0001f454       0xac c:/espardino_tmp/bin/../lib/gcc/arm-elf/4.4.0/../../../../arm-elf/lib/thumb/interwork\libg.a(lib_a-strncmp.o)
                0x0001f454                strncmp
 .text          0x0001f500     0x1454 c:/espardino_tmp/bin/../lib/gcc/arm-elf/4.4.0/../../../../arm-elf/lib/thumb/interwork\libg.a(lib_a-svfprintf.o)
                0x0001f634                _svfprintf_r
 .text          0x00020954       0x28 c:/espardino_tmp/bin/../lib/gcc/arm-elf/4.4.0/../../../../arm-elf/lib/thumb/interwork\libg.a(lib_a-unlinkr.o)
                0x00020954                _unlink_r
 .text          0x0002097c       0x2c c:/espardino_tmp/bin/../lib/gcc/arm-elf/4.4.0/../../../../arm-elf/lib/thumb/interwork\libg.a(lib_a-writer.o)
                0x0002097c                _write_r
 .text          0x000209a8       0x5c c:/espardino_tmp/bin/../lib/gcc/arm-elf/4.4.0/../../../../arm-elf/lib/thumb/interwork\libg.a(lib_a-callocr.o)
                0x000209a8                _calloc_r
 .text          0x00020a04     0x102c c:/espardino_tmp/bin/../lib/gcc/arm-elf/4.4.0/../../../../arm-elf/lib/thumb/interwork\libg.a(lib_a-dtoa.o)
                0x00020b64                _dtoa_r
 .text          0x00021a30        0x0 c:/espardino_tmp/bin/../lib/gcc/arm-elf/4.4.0/../../../../arm-elf/lib/thumb/interwork\libg.a(lib_a-environ.o)
 .text          0x00021a30        0x8 c:/espardino_tmp/bin/../lib/gcc/arm-elf/4.4.0/../../../../arm-elf/lib/thumb/interwork\libg.a(lib_a-envlock.o)
                0x00021a34                __env_unlock
                0x00021a30                __env_lock
 .text          0x00021a38       0xbc c:/espardino_tmp/bin/../lib/gcc/arm-elf/4.4.0/../../../../arm-elf/lib/thumb/interwork\libg.a(lib_a-fclose.o)
                0x00021a38                _fclose_r
                0x00021adc                fclose
 .text          0x00021af4      0x144 c:/espardino_tmp/bin/../lib/gcc/arm-elf/4.4.0/../../../../arm-elf/lib/thumb/interwork\libg.a(lib_a-fflush.o)
                0x00021c08                fflush
                0x00021af4                _fflush_r
 .text          0x00021c38       0x2c c:/espardino_tmp/bin/../lib/gcc/arm-elf/4.4.0/../../../../arm-elf/lib/thumb/interwork\libg.a(lib_a-lseekr.o)
                0x00021c38                _lseek_r
 .text          0x00021c64       0x2c c:/espardino_tmp/bin/../lib/gcc/arm-elf/4.4.0/../../../../arm-elf/lib/thumb/interwork\libg.a(lib_a-readr.o)
                0x00021c64                _read_r
 .text          0x00021c90       0x24 c:/espardino_tmp/bin/../lib/gcc/arm-elf/4.4.0/../../../../arm-elf/lib/thumb/interwork\libg.a(lib_a-s_isinfd.o)
                0x00021c90                __isinfd
 .text          0x00021cb4       0xa0 c:/espardino_tmp/bin/../lib/gcc/arm-elf/4.4.0/thumb/interwork\libgcc.a(_arm_truncdfsf2.o)
                0x00021cb4                __aeabi_d2f
                0x00021cb4                __truncdfsf2
 .text          0x00021d54       0x70 c:/espardino_tmp/bin/../lib/gcc/arm-elf/4.4.0/thumb/interwork\libgcc.a(_muldi3.o)
                0x00021d54                __muldi3
 *(.gnu.linkonce.t.*)
 *(.gcc_except_table)
 *(.glue_7)
 .glue_7        0x00021dc4        0x0 startup.o
 .glue_7        0x00021dc4        0x0 main.o
 .glue_7        0x00021dc4        0x0 c:/espardino_tmp/bin/../lib/gcc/arm-elf/4.4.0/thumb/interwork\libgcc.a(_arm_addsubdf3.o)
 .glue_7        0x00021dc4        0x0 c:/espardino_tmp/bin/../lib/gcc/arm-elf/4.4.0/../../../../arm-elf/lib\liblua.a(lua_io_wrappers.o)
 .glue_7        0x00021dc4        0x0 c:/espardino_tmp/bin/../lib/gcc/arm-elf/4.4.0/../../../../arm-elf/lib\liblua.a(lualib.o)
 .glue_7        0x00021dc4        0x0 c:/espardino_tmp/bin/../lib/gcc/arm-elf/4.4.0/../../../../arm-elf/lib\liblua.a(lualib_console.o)
 .glue_7        0x00021dc4        0x0 c:/espardino_tmp/bin/../lib/gcc/arm-elf/4.4.0/../../../../arm-elf/lib\liblua.a(all.o)
 .glue_7        0x00021dc4        0x0 c:/espardino_tmp/bin/../lib/gcc/arm-elf/4.4.0/../../../../arm-elf/lib\liblua.a(lualib_bit.o)
 .glue_7        0x00021dc4        0x0 c:/espardino_tmp/bin/../lib/gcc/arm-elf/4.4.0/../../../../arm-elf/lib/thumb/interwork\libffs.a(ff.o)
 .glue_7        0x00021dc4        0x0 c:/espardino_tmp/bin/../lib/gcc/arm-elf/4.4.0/../../../../arm-elf/lib/thumb/interwork\libffs.a(sd_spi_lpc2000.o)
 .glue_7        0x00021dc4        0x0 c:/espardino_tmp/bin/../lib/gcc/arm-elf/4.4.0/../../../../arm-elf/lib/thumb/interwork\libffs.a(ccsbcs.o)
 .glue_7        0x00021dc4        0x0 c:/espardino_tmp/bin/../lib/gcc/arm-elf/4.4.0/../../../../arm-elf/lib/thumb/interwork\libffs.a(fattime.o)
 .glue_7        0x00021dc4        0x0 c:/espardino_tmp/bin/../lib/gcc/arm-elf/4.4.0/../../../../arm-elf/lib/thumb/interwork\libvcom.a(main_serial.o)
 .glue_7        0x00021dc4        0x0 c:/espardino_tmp/bin/../lib/gcc/arm-elf/4.4.0/../../../../arm-elf/lib/thumb/interwork\libvcom.a(usbhw_lpc.o)
 .glue_7        0x00021dc4        0x0 c:/espardino_tmp/bin/../lib/gcc/arm-elf/4.4.0/../../../../arm-elf/lib/thumb/interwork\libvcom.a(usbcontrol.o)
 .glue_7        0x00021dc4        0x0 c:/espardino_tmp/bin/../lib/gcc/arm-elf/4.4.0/../../../../arm-elf/lib/thumb/interwork\libvcom.a(usbstdreq.o)
 .glue_7        0x00021dc4        0x0 c:/espardino_tmp/bin/../lib/gcc/arm-elf/4.4.0/../../../../arm-elf/lib/thumb/interwork\libvcom.a(usbinit.o)
 .glue_7        0x00021dc4        0x0 c:/espardino_tmp/bin/../lib/gcc/arm-elf/4.4.0/../../../../arm-elf/lib/thumb/interwork\libvcom.a(serial_fifo.o)
 .glue_7        0x00021dc4        0x0 c:/espardino_tmp/bin/../lib/gcc/arm-elf/4.4.0/../../../../arm-elf/lib/thumb/interwork\libvcom.a(armVIC.o)
 .glue_7        0x00021dc4        0x0 c:/espardino_tmp/bin/../lib/gcc/arm-elf/4.4.0/../../../../arm-elf/lib\libmicro214x.a(leds.o)
 .glue_7        0x00021dc4        0x0 c:/espardino_tmp/bin/../lib/gcc/arm-elf/4.4.0/../../../../arm-elf/lib\libmicro214x.a(adc.o)
 .glue_7        0x00021dc4        0x0 c:/espardino_tmp/bin/../lib/gcc/arm-elf/4.4.0/../../../../arm-elf/lib\libmicro214x.a(sysclocks.o)
 .glue_7        0x00021dc4        0x0 c:/espardino_tmp/bin/../lib/gcc/arm-elf/4.4.0/../../../../arm-elf/lib\libmicro214x.a(iolib.o)
 .glue_7        0x00021dc4        0x0 c:/espardino_tmp/bin/../lib/gcc/arm-elf/4.4.0/../../../../arm-elf/lib\libmicro214x.a(rtc.o)
 .glue_7        0x00021dc4        0x0 c:/espardino_tmp/bin/../lib/gcc/arm-elf/4.4.0/../../../../arm-elf/lib\libmicro214x.a(miniprintf.o)
 .glue_7        0x00021dc4        0x0 c:/espardino_tmp/bin/../lib/gcc/arm-elf/4.4.0/../../../../arm-elf/lib/thumb/interwork\libm.a(lib_a-s_atan.o)
 .glue_7        0x00021dc4        0x0 c:/espardino_tmp/bin/../lib/gcc/arm-elf/4.4.0/../../../../arm-elf/lib/thumb/interwork\libm.a(lib_a-s_ceil.o)
 .glue_7        0x00021dc4        0x0 c:/espardino_tmp/bin/../lib/gcc/arm-elf/4.4.0/../../../../arm-elf/lib/thumb/interwork\libm.a(lib_a-s_cos.o)
 .glue_7        0x00021dc4        0x0 c:/espardino_tmp/bin/../lib/gcc/arm-elf/4.4.0/../../../../arm-elf/lib/thumb/interwork\libm.a(lib_a-s_fabs.o)
 .glue_7        0x00021dc4        0x0 c:/espardino_tmp/bin/../lib/gcc/arm-elf/4.4.0/../../../../arm-elf/lib/thumb/interwork\libm.a(lib_a-s_floor.o)
 .glue_7        0x00021dc4        0x0 c:/espardino_tmp/bin/../lib/gcc/arm-elf/4.4.0/../../../../arm-elf/lib/thumb/interwork\libm.a(lib_a-s_frexp.o)
 .glue_7        0x00021dc4        0x0 c:/espardino_tmp/bin/../lib/gcc/arm-elf/4.4.0/../../../../arm-elf/lib/thumb/interwork\libm.a(lib_a-s_ldexp.o)
 .glue_7        0x00021dc4        0x0 c:/espardino_tmp/bin/../lib/gcc/arm-elf/4.4.0/../../../../arm-elf/lib/thumb/interwork\libm.a(lib_a-s_modf.o)
 .glue_7        0x00021dc4        0x0 c:/espardino_tmp/bin/../lib/gcc/arm-elf/4.4.0/../../../../arm-elf/lib/thumb/interwork\libm.a(lib_a-s_scalbn.o)
 .glue_7        0x00021dc4        0x0 c:/espardino_tmp/bin/../lib/gcc/arm-elf/4.4.0/../../../../arm-elf/lib/thumb/interwork\libm.a(lib_a-s_sin.o)
 .glue_7        0x00021dc4        0x0 c:/espardino_tmp/bin/../lib/gcc/arm-elf/4.4.0/../../../../arm-elf/lib/thumb/interwork\libm.a(lib_a-s_tan.o)
 .glue_7        0x00021dc4        0x0 c:/espardino_tmp/bin/../lib/gcc/arm-elf/4.4.0/../../../../arm-elf/lib/thumb/interwork\libm.a(lib_a-s_tanh.o)
 .glue_7        0x00021dc4        0x0 c:/espardino_tmp/bin/../lib/gcc/arm-elf/4.4.0/../../../../arm-elf/lib/thumb/interwork\libm.a(lib_a-w_acos.o)
 .glue_7        0x00021dc4        0x0 c:/espardino_tmp/bin/../lib/gcc/arm-elf/4.4.0/../../../../arm-elf/lib/thumb/interwork\libm.a(lib_a-w_asin.o)
 .glue_7        0x00021dc4        0x0 c:/espardino_tmp/bin/../lib/gcc/arm-elf/4.4.0/../../../../arm-elf/lib/thumb/interwork\libm.a(lib_a-w_atan2.o)
 .glue_7        0x00021dc4        0x0 c:/espardino_tmp/bin/../lib/gcc/arm-elf/4.4.0/../../../../arm-elf/lib/thumb/interwork\libm.a(lib_a-w_cosh.o)
 .glue_7        0x00021dc4        0x0 c:/espardino_tmp/bin/../lib/gcc/arm-elf/4.4.0/../../../../arm-elf/lib/thumb/interwork\libm.a(lib_a-w_exp.o)
 .glue_7        0x00021dc4        0x0 c:/espardino_tmp/bin/../lib/gcc/arm-elf/4.4.0/../../../../arm-elf/lib/thumb/interwork\libm.a(lib_a-w_fmod.o)
 .glue_7        0x00021dc4        0x0 c:/espardino_tmp/bin/../lib/gcc/arm-elf/4.4.0/../../../../arm-elf/lib/thumb/interwork\libm.a(lib_a-w_log.o)
 .glue_7        0x00021dc4        0x0 c:/espardino_tmp/bin/../lib/gcc/arm-elf/4.4.0/../../../../arm-elf/lib/thumb/interwork\libm.a(lib_a-w_log10.o)
 .glue_7        0x00021dc4        0x0 c:/espardino_tmp/bin/../lib/gcc/arm-elf/4.4.0/../../../../arm-elf/lib/thumb/interwork\libm.a(lib_a-w_pow.o)
 .glue_7        0x00021dc4        0x0 c:/espardino_tmp/bin/../lib/gcc/arm-elf/4.4.0/../../../../arm-elf/lib/thumb/interwork\libm.a(lib_a-w_sinh.o)
 .glue_7        0x00021dc4        0x0 c:/espardino_tmp/bin/../lib/gcc/arm-elf/4.4.0/../../../../arm-elf/lib/thumb/interwork\libm.a(lib_a-w_sqrt.o)
 .glue_7        0x00021dc4        0x0 c:/espardino_tmp/bin/../lib/gcc/arm-elf/4.4.0/../../../../arm-elf/lib/thumb/interwork\libm.a(lib_a-e_acos.o)
 .glue_7        0x00021dc4        0x0 c:/espardino_tmp/bin/../lib/gcc/arm-elf/4.4.0/../../../../arm-elf/lib/thumb/interwork\libm.a(lib_a-e_asin.o)
 .glue_7        0x00021dc4        0x0 c:/espardino_tmp/bin/../lib/gcc/arm-elf/4.4.0/../../../../arm-elf/lib/thumb/interwork\libm.a(lib_a-e_atan2.o)
 .glue_7        0x00021dc4        0x0 c:/espardino_tmp/bin/../lib/gcc/arm-elf/4.4.0/../../../../arm-elf/lib/thumb/interwork\libm.a(lib_a-e_cosh.o)
 .glue_7        0x00021dc4        0x0 c:/espardino_tmp/bin/../lib/gcc/arm-elf/4.4.0/../../../../arm-elf/lib/thumb/interwork\libm.a(lib_a-e_exp.o)
 .glue_7        0x00021dc4        0x0 c:/espardino_tmp/bin/../lib/gcc/arm-elf/4.4.0/../../../../arm-elf/lib/thumb/interwork\libm.a(lib_a-e_fmod.o)
 .glue_7        0x00021dc4        0x0 c:/espardino_tmp/bin/../lib/gcc/arm-elf/4.4.0/../../../../arm-elf/lib/thumb/interwork\libm.a(lib_a-e_log.o)
 .glue_7        0x00021dc4        0x0 c:/espardino_tmp/bin/../lib/gcc/arm-elf/4.4.0/../../../../arm-elf/lib/thumb/interwork\libm.a(lib_a-e_log10.o)
 .glue_7        0x00021dc4        0x0 c:/espardino_tmp/bin/../lib/gcc/arm-elf/4.4.0/../../../../arm-elf/lib/thumb/interwork\libm.a(lib_a-e_pow.o)
 .glue_7        0x00021dc4        0x0 c:/espardino_tmp/bin/../lib/gcc/arm-elf/4.4.0/../../../../arm-elf/lib/thumb/interwork\libm.a(lib_a-e_rem_pio2.o)
 .glue_7        0x00021dc4        0x0 c:/espardino_tmp/bin/../lib/gcc/arm-elf/4.4.0/../../../../arm-elf/lib/thumb/interwork\libm.a(lib_a-e_sinh.o)
 .glue_7        0x00021dc4        0x0 c:/espardino_tmp/bin/../lib/gcc/arm-elf/4.4.0/../../../../arm-elf/lib/thumb/interwork\libm.a(lib_a-e_sqrt.o)
 .glue_7        0x00021dc4        0x0 c:/espardino_tmp/bin/../lib/gcc/arm-elf/4.4.0/../../../../arm-elf/lib/thumb/interwork\libm.a(lib_a-k_cos.o)
 .glue_7        0x00021dc4        0x0 c:/espardino_tmp/bin/../lib/gcc/arm-elf/4.4.0/../../../../arm-elf/lib/thumb/interwork\libm.a(lib_a-k_rem_pio2.o)
 .glue_7        0x00021dc4        0x0 c:/espardino_tmp/bin/../lib/gcc/arm-elf/4.4.0/../../../../arm-elf/lib/thumb/interwork\libm.a(lib_a-k_sin.o)
 .glue_7        0x00021dc4        0x0 c:/espardino_tmp/bin/../lib/gcc/arm-elf/4.4.0/../../../../arm-elf/lib/thumb/interwork\libm.a(lib_a-k_tan.o)
 .glue_7        0x00021dc4        0x0 c:/espardino_tmp/bin/../lib/gcc/arm-elf/4.4.0/../../../../arm-elf/lib/thumb/interwork\libm.a(lib_a-s_copysign.o)
 .glue_7        0x00021dc4        0x0 c:/espardino_tmp/bin/../lib/gcc/arm-elf/4.4.0/../../../../arm-elf/lib/thumb/interwork\libm.a(lib_a-s_expm1.o)
 .glue_7        0x00021dc4        0x0 c:/espardino_tmp/bin/../lib/gcc/arm-elf/4.4.0/../../../../arm-elf/lib/thumb/interwork\libm.a(lib_a-s_finite.o)
 .glue_7        0x00021dc4        0x0 c:/espardino_tmp/bin/../lib/gcc/arm-elf/4.4.0/../../../../arm-elf/lib/thumb/interwork\libm.a(lib_a-s_isnand.o)
 .glue_7        0x00021dc4        0x0 c:/espardino_tmp/bin/../lib/gcc/arm-elf/4.4.0/../../../../arm-elf/lib/thumb/interwork\libm.a(lib_a-s_lib_ver.o)
 .glue_7        0x00021dc4        0x0 c:/espardino_tmp/bin/../lib/gcc/arm-elf/4.4.0/../../../../arm-elf/lib/thumb/interwork\libm.a(lib_a-s_matherr.o)
 .glue_7        0x00021dc4        0x0 c:/espardino_tmp/bin/../lib/gcc/arm-elf/4.4.0/../../../../arm-elf/lib/thumb/interwork\libm.a(lib_a-s_nan.o)
 .glue_7        0x00021dc4        0x0 c:/espardino_tmp/bin/../lib/gcc/arm-elf/4.4.0/../../../../arm-elf/lib/thumb/interwork\libm.a(lib_a-s_rint.o)
 .glue_7        0x00021dc4        0x0 c:/espardino_tmp/bin/../lib/gcc/arm-elf/4.4.0/thumb/interwork\libgcc.a(_udivsi3.o)
 .glue_7        0x00021dc4        0x0 c:/espardino_tmp/bin/../lib/gcc/arm-elf/4.4.0/thumb/interwork\libgcc.a(_divsi3.o)
 .glue_7        0x00021dc4        0x0 c:/espardino_tmp/bin/../lib/gcc/arm-elf/4.4.0/thumb/interwork\libgcc.a(_umodsi3.o)
 .glue_7        0x00021dc4        0x0 c:/espardino_tmp/bin/../lib/gcc/arm-elf/4.4.0/thumb/interwork\libgcc.a(_modsi3.o)
 .glue_7        0x00021dc4        0x0 c:/espardino_tmp/bin/../lib/gcc/arm-elf/4.4.0/thumb/interwork\libgcc.a(_dvmd_tls.o)
 .glue_7        0x00021dc4        0x0 c:/espardino_tmp/bin/../lib/gcc/arm-elf/4.4.0/thumb/interwork\libgcc.a(_arm_muldivdf3.o)
 .glue_7        0x00021dc4        0x0 c:/espardino_tmp/bin/../lib/gcc/arm-elf/4.4.0/thumb/interwork\libgcc.a(_arm_cmpdf2.o)
 .glue_7        0x00021dc4        0x0 c:/espardino_tmp/bin/../lib/gcc/arm-elf/4.4.0/thumb/interwork\libgcc.a(_arm_fixdfsi.o)
 .glue_7        0x00021dc4        0x0 c:/espardino_tmp/bin/../lib/gcc/arm-elf/4.4.0/thumb/interwork\libgcc.a(_arm_fixunsdfsi.o)
 .glue_7        0x00021dc4        0x0 c:/espardino_tmp/bin/../lib/gcc/arm-elf/4.4.0/../../../../arm-elf/lib/thumb/interwork\libg.a(lib_a-ctype_.o)
 .glue_7        0x00021dc4        0x0 c:/espardino_tmp/bin/../lib/gcc/arm-elf/4.4.0/../../../../arm-elf/lib/thumb/interwork\libg.a(lib_a-errno.o)
 .glue_7        0x00021dc4        0x0 c:/espardino_tmp/bin/../lib/gcc/arm-elf/4.4.0/../../../../arm-elf/lib/thumb/interwork\libg.a(lib_a-impure.o)
 .glue_7        0x00021dc4        0x0 c:/espardino_tmp/bin/../lib/gcc/arm-elf/4.4.0/../../../../arm-elf/lib/thumb/interwork\libg.a(lib_a-locale.o)
 .glue_7        0x00021dc4        0x0 c:/espardino_tmp/bin/../lib/gcc/arm-elf/4.4.0/../../../../arm-elf/lib/thumb/interwork\libg.a(lib_a-malloc.o)
 .glue_7        0x00021dc4        0x0 c:/espardino_tmp/bin/../lib/gcc/arm-elf/4.4.0/../../../../arm-elf/lib/thumb/interwork\libg.a(lib_a-mallocr.o)
 .glue_7        0x00021dc4        0x0 c:/espardino_tmp/bin/../lib/gcc/arm-elf/4.4.0/../../../../arm-elf/lib/thumb/interwork\libg.a(lib_a-memcmp.o)
 .glue_7        0x00021dc4        0x0 c:/espardino_tmp/bin/../lib/gcc/arm-elf/4.4.0/../../../../arm-elf/lib/thumb/interwork\libg.a(lib_a-memcpy.o)
 .glue_7        0x00021dc4        0x0 c:/espardino_tmp/bin/../lib/gcc/arm-elf/4.4.0/../../../../arm-elf/lib/thumb/interwork\libg.a(lib_a-mlock.o)
 .glue_7        0x00021dc4        0x0 c:/espardino_tmp/bin/../lib/gcc/arm-elf/4.4.0/../../../../arm-elf/lib/thumb/interwork\libg.a(lib_a-rand.o)
 .glue_7        0x00021dc4        0x0 c:/espardino_tmp/bin/../lib/gcc/arm-elf/4.4.0/../../../../arm-elf/lib/thumb/interwork\libg.a(lib_a-realloc.o)
 .glue_7        0x00021dc4        0x0 c:/espardino_tmp/bin/../lib/gcc/arm-elf/4.4.0/../../../../arm-elf/lib/thumb/interwork\libg.a(lib_a-reallocr.o)
 .glue_7        0x00021dc4        0x0 c:/espardino_tmp/bin/../lib/gcc/arm-elf/4.4.0/../../../../arm-elf/lib/thumb/interwork\libg.a(lib_a-sbrkr.o)
 .glue_7        0x00021dc4        0x0 c:/espardino_tmp/bin/../lib/gcc/arm-elf/4.4.0/../../../../arm-elf/lib/thumb/interwork\libg.a(lib_a-setjmp.o)
 .glue_7        0x00021dc4        0x0 c:/espardino_tmp/bin/../lib/gcc/arm-elf/4.4.0/../../../../arm-elf/lib/thumb/interwork\libg.a(lib_a-strcat.o)
 .glue_7        0x00021dc4        0x0 c:/espardino_tmp/bin/../lib/gcc/arm-elf/4.4.0/../../../../arm-elf/lib/thumb/interwork\libg.a(lib_a-strchr.o)
 .glue_7        0x00021dc4        0x0 c:/espardino_tmp/bin/../lib/gcc/arm-elf/4.4.0/../../../../arm-elf/lib/thumb/interwork\libg.a(lib_a-strcmp.o)
 .glue_7        0x00021dc4        0x0 c:/espardino_tmp/bin/../lib/gcc/arm-elf/4.4.0/../../../../arm-elf/lib/thumb/interwork\libg.a(lib_a-strcoll.o)
 .glue_7        0x00021dc4        0x0 c:/espardino_tmp/bin/../lib/gcc/arm-elf/4.4.0/../../../../arm-elf/lib/thumb/interwork\libg.a(lib_a-strcpy.o)
 .glue_7        0x00021dc4        0x0 c:/espardino_tmp/bin/../lib/gcc/arm-elf/4.4.0/../../../../arm-elf/lib/thumb/interwork\libg.a(lib_a-strcspn.o)
 .glue_7        0x00021dc4        0x0 c:/espardino_tmp/bin/../lib/gcc/arm-elf/4.4.0/../../../../arm-elf/lib/thumb/interwork\libg.a(lib_a-strlen.o)
 .glue_7        0x00021dc4        0x0 c:/espardino_tmp/bin/../lib/gcc/arm-elf/4.4.0/../../../../arm-elf/lib/thumb/interwork\libg.a(lib_a-strncat.o)
 .glue_7        0x00021dc4        0x0 c:/espardino_tmp/bin/../lib/gcc/arm-elf/4.4.0/../../../../arm-elf/lib/thumb/interwork\libg.a(lib_a-strncpy.o)
 .glue_7        0x00021dc4        0x0 c:/espardino_tmp/bin/../lib/gcc/arm-elf/4.4.0/../../../../arm-elf/lib/thumb/interwork\libg.a(lib_a-strstr.o)
 .glue_7        0x00021dc4        0x0 c:/espardino_tmp/bin/../lib/gcc/arm-elf/4.4.0/../../../../arm-elf/lib/thumb/interwork\libg.a(lib_a-strtod.o)
 .glue_7        0x00021dc4        0x0 c:/espardino_tmp/bin/../lib/gcc/arm-elf/4.4.0/../../../../arm-elf/lib/thumb/interwork\libg.a(lib_a-strtoul.o)
 .glue_7        0x00021dc4        0x0 c:/espardino_tmp/bin/../lib/gcc/arm-elf/4.4.0/../../../../arm-elf/lib/thumb/interwork\libg.a(lib_a-syscalls.o)
 .glue_7        0x00021dc4        0x0 c:/espardino_tmp/bin/../lib/gcc/arm-elf/4.4.0/../../../../arm-elf/lib/thumb/interwork\libg.a(lib_a-tmpfile.o)
 .glue_7        0x00021dc4        0x0 c:/espardino_tmp/bin/../lib/gcc/arm-elf/4.4.0/../../../../arm-elf/lib/thumb/interwork\libg.a(lib_a-tmpnam.o)
 .glue_7        0x00021dc4        0x0 c:/espardino_tmp/bin/../lib/gcc/arm-elf/4.4.0/../../../../arm-elf/lib/thumb/interwork\libg.a(lib_a-closer.o)
 .glue_7        0x00021dc4        0x0 c:/espardino_tmp/bin/../lib/gcc/arm-elf/4.4.0/../../../../arm-elf/lib/thumb/interwork\libg.a(lib_a-fdopen.o)
 .glue_7        0x00021dc4        0x0 c:/espardino_tmp/bin/../lib/gcc/arm-elf/4.4.0/../../../../arm-elf/lib/thumb/interwork\libg.a(lib_a-findfp.o)
 .glue_7        0x00021dc4        0x0 c:/espardino_tmp/bin/../lib/gcc/arm-elf/4.4.0/../../../../arm-elf/lib/thumb/interwork\libg.a(lib_a-flags.o)
 .glue_7        0x00021dc4        0x0 c:/espardino_tmp/bin/../lib/gcc/arm-elf/4.4.0/../../../../arm-elf/lib/thumb/interwork\libg.a(lib_a-freer.o)
 .glue_7        0x00021dc4        0x0 c:/espardino_tmp/bin/../lib/gcc/arm-elf/4.4.0/../../../../arm-elf/lib/thumb/interwork\libg.a(lib_a-fwalk.o)
 .glue_7        0x00021dc4        0x0 c:/espardino_tmp/bin/../lib/gcc/arm-elf/4.4.0/../../../../arm-elf/lib/thumb/interwork\libg.a(lib_a-gdtoa-gethex.o)
 .glue_7        0x00021dc4        0x0 c:/espardino_tmp/bin/../lib/gcc/arm-elf/4.4.0/../../../../arm-elf/lib/thumb/interwork\libg.a(lib_a-gdtoa-hexnan.o)
 .glue_7        0x00021dc4        0x0 c:/espardino_tmp/bin/../lib/gcc/arm-elf/4.4.0/../../../../arm-elf/lib/thumb/interwork\libg.a(lib_a-getenv.o)
 .glue_7        0x00021dc4        0x0 c:/espardino_tmp/bin/../lib/gcc/arm-elf/4.4.0/../../../../arm-elf/lib/thumb/interwork\libg.a(lib_a-getenv_r.o)
 .glue_7        0x00021dc4        0x0 c:/espardino_tmp/bin/../lib/gcc/arm-elf/4.4.0/../../../../arm-elf/lib/thumb/interwork\libg.a(lib_a-memchr.o)
 .glue_7        0x00021dc4        0x0 c:/espardino_tmp/bin/../lib/gcc/arm-elf/4.4.0/../../../../arm-elf/lib/thumb/interwork\libg.a(lib_a-memmove.o)
 .glue_7        0x00021dc4        0x0 c:/espardino_tmp/bin/../lib/gcc/arm-elf/4.4.0/../../../../arm-elf/lib/thumb/interwork\libg.a(lib_a-memset.o)
 .glue_7        0x00021dc4        0x0 c:/espardino_tmp/bin/../lib/gcc/arm-elf/4.4.0/../../../../arm-elf/lib/thumb/interwork\libg.a(lib_a-mprec.o)
 .glue_7        0x00021dc4        0x0 c:/espardino_tmp/bin/../lib/gcc/arm-elf/4.4.0/../../../../arm-elf/lib/thumb/interwork\libg.a(lib_a-openr.o)
 .glue_7        0x00021dc4        0x0 c:/espardino_tmp/bin/../lib/gcc/arm-elf/4.4.0/../../../../arm-elf/lib/thumb/interwork\libg.a(lib_a-reent.o)
 .glue_7        0x00021dc4        0x0 c:/espardino_tmp/bin/../lib/gcc/arm-elf/4.4.0/../../../../arm-elf/lib/thumb/interwork\libg.a(lib_a-remove.o)
 .glue_7        0x00021dc4        0x0 c:/espardino_tmp/bin/../lib/gcc/arm-elf/4.4.0/../../../../arm-elf/lib/thumb/interwork\libg.a(lib_a-sf_nan.o)
 .glue_7        0x00021dc4        0x0 c:/espardino_tmp/bin/../lib/gcc/arm-elf/4.4.0/../../../../arm-elf/lib/thumb/interwork\libg.a(lib_a-signalr.o)
 .glue_7        0x00021dc4        0x0 c:/espardino_tmp/bin/../lib/gcc/arm-elf/4.4.0/../../../../arm-elf/lib/thumb/interwork\libg.a(lib_a-sprintf.o)
 .glue_7        0x00021dc4        0x0 c:/espardino_tmp/bin/../lib/gcc/arm-elf/4.4.0/../../../../arm-elf/lib/thumb/interwork\libg.a(lib_a-stdio.o)
 .glue_7        0x00021dc4        0x0 c:/espardino_tmp/bin/../lib/gcc/arm-elf/4.4.0/../../../../arm-elf/lib/thumb/interwork\libg.a(lib_a-strncmp.o)
 .glue_7        0x00021dc4        0x0 c:/espardino_tmp/bin/../lib/gcc/arm-elf/4.4.0/../../../../arm-elf/lib/thumb/interwork\libg.a(lib_a-svfprintf.o)
 .glue_7        0x00021dc4        0x0 c:/espardino_tmp/bin/../lib/gcc/arm-elf/4.4.0/../../../../arm-elf/lib/thumb/interwork\libg.a(lib_a-unlinkr.o)
 .glue_7        0x00021dc4        0x0 c:/espardino_tmp/bin/../lib/gcc/arm-elf/4.4.0/../../../../arm-elf/lib/thumb/interwork\libg.a(lib_a-writer.o)
 .glue_7        0x00021dc4        0x0 c:/espardino_tmp/bin/../lib/gcc/arm-elf/4.4.0/../../../../arm-elf/lib/thumb/interwork\libg.a(lib_a-callocr.o)
 .glue_7        0x00021dc4        0x0 c:/espardino_tmp/bin/../lib/gcc/arm-elf/4.4.0/../../../../arm-elf/lib/thumb/interwork\libg.a(lib_a-dtoa.o)
 .glue_7        0x00021dc4        0x0 c:/espardino_tmp/bin/../lib/gcc/arm-elf/4.4.0/../../../../arm-elf/lib/thumb/interwork\libg.a(lib_a-environ.o)
 .glue_7        0x00021dc4        0x0 c:/espardino_tmp/bin/../lib/gcc/arm-elf/4.4.0/../../../../arm-elf/lib/thumb/interwork\libg.a(lib_a-envlock.o)
 .glue_7        0x00021dc4        0x0 c:/espardino_tmp/bin/../lib/gcc/arm-elf/4.4.0/../../../../arm-elf/lib/thumb/interwork\libg.a(lib_a-fclose.o)
 .glue_7        0x00021dc4        0x0 c:/espardino_tmp/bin/../lib/gcc/arm-elf/4.4.0/../../../../arm-elf/lib/thumb/interwork\libg.a(lib_a-fflush.o)
 .glue_7        0x00021dc4        0x0 c:/espardino_tmp/bin/../lib/gcc/arm-elf/4.4.0/../../../../arm-elf/lib/thumb/interwork\libg.a(lib_a-lseekr.o)
 .glue_7        0x00021dc4        0x0 c:/espardino_tmp/bin/../lib/gcc/arm-elf/4.4.0/../../../../arm-elf/lib/thumb/interwork\libg.a(lib_a-readr.o)
 .glue_7        0x00021dc4        0x0 c:/espardino_tmp/bin/../lib/gcc/arm-elf/4.4.0/../../../../arm-elf/lib/thumb/interwork\libg.a(lib_a-s_isinfd.o)
 .glue_7        0x00021dc4        0x0 c:/espardino_tmp/bin/../lib/gcc/arm-elf/4.4.0/thumb/interwork\libgcc.a(_arm_truncdfsf2.o)
 .glue_7        0x00021dc4       0xe4 c:/espardino_tmp/bin/../lib/gcc/arm-elf/4.4.0/thumb/interwork\libgcc.a(_muldi3.o)
                0x00021dc4                __USBHwISR_from_arm
                0x00021e78                __USBHwConnect_from_arm
                0x00021e0c                __fifo_get_from_arm
                0x00021e18                __USBHwEPWrite_from_arm
                0x00021e30                __fifo_init_from_arm
                0x00021ddc                __USBHwNakIntEnable_from_arm
                0x00021e84                ____umodsi3_from_arm
                0x00021e90                ____udivsi3_from_arm
                0x00021dd0                __fifo_avail_from_arm
                0x00021e3c                __USBInit_from_arm
                0x00021e24                __memcpy_from_arm
                0x00021e6c                __USBHwRegisterFrameHandler_from_arm
                0x00021e48                __USBRegisterDescriptors_from_arm
                0x00021e54                __USBRegisterRequestHandler_from_arm
                0x00021e9c                __floor_from_arm
                0x00021e00                __fifo_put_from_arm
                0x00021df4                __USBHwEPRead_from_arm
                0x00021de8                __fifo_free_from_arm
                0x00021e60                __USBHwRegisterEPIntHandler_from_arm
 *(.glue_7t)
 .glue_7t       0x00021ea8        0x0 startup.o
 .glue_7t       0x00021ea8        0x0 main.o
 .glue_7t       0x00021ea8        0x0 c:/espardino_tmp/bin/../lib/gcc/arm-elf/4.4.0/thumb/interwork\libgcc.a(_arm_addsubdf3.o)
 .glue_7t       0x00021ea8        0x0 c:/espardino_tmp/bin/../lib/gcc/arm-elf/4.4.0/../../../../arm-elf/lib\liblua.a(lua_io_wrappers.o)
 .glue_7t       0x00021ea8        0x0 c:/espardino_tmp/bin/../lib/gcc/arm-elf/4.4.0/../../../../arm-elf/lib\liblua.a(lualib.o)
 .glue_7t       0x00021ea8        0x0 c:/espardino_tmp/bin/../lib/gcc/arm-elf/4.4.0/../../../../arm-elf/lib\liblua.a(lualib_console.o)
 .glue_7t       0x00021ea8        0x0 c:/espardino_tmp/bin/../lib/gcc/arm-elf/4.4.0/../../../../arm-elf/lib\liblua.a(all.o)
 .glue_7t       0x00021ea8        0x0 c:/espardino_tmp/bin/../lib/gcc/arm-elf/4.4.0/../../../../arm-elf/lib\liblua.a(lualib_bit.o)
 .glue_7t       0x00021ea8        0x0 c:/espardino_tmp/bin/../lib/gcc/arm-elf/4.4.0/../../../../arm-elf/lib/thumb/interwork\libffs.a(ff.o)
 .glue_7t       0x00021ea8        0x0 c:/espardino_tmp/bin/../lib/gcc/arm-elf/4.4.0/../../../../arm-elf/lib/thumb/interwork\libffs.a(sd_spi_lpc2000.o)
 .glue_7t       0x00021ea8        0x0 c:/espardino_tmp/bin/../lib/gcc/arm-elf/4.4.0/../../../../arm-elf/lib/thumb/interwork\libffs.a(ccsbcs.o)
 .glue_7t       0x00021ea8        0x0 c:/espardino_tmp/bin/../lib/gcc/arm-elf/4.4.0/../../../../arm-elf/lib/thumb/interwork\libffs.a(fattime.o)
 .glue_7t       0x00021ea8        0x0 c:/espardino_tmp/bin/../lib/gcc/arm-elf/4.4.0/../../../../arm-elf/lib/thumb/interwork\libvcom.a(main_serial.o)
 .glue_7t       0x00021ea8        0x0 c:/espardino_tmp/bin/../lib/gcc/arm-elf/4.4.0/../../../../arm-elf/lib/thumb/interwork\libvcom.a(usbhw_lpc.o)
 .glue_7t       0x00021ea8        0x0 c:/espardino_tmp/bin/../lib/gcc/arm-elf/4.4.0/../../../../arm-elf/lib/thumb/interwork\libvcom.a(usbcontrol.o)
 .glue_7t       0x00021ea8        0x0 c:/espardino_tmp/bin/../lib/gcc/arm-elf/4.4.0/../../../../arm-elf/lib/thumb/interwork\libvcom.a(usbstdreq.o)
 .glue_7t       0x00021ea8        0x0 c:/espardino_tmp/bin/../lib/gcc/arm-elf/4.4.0/../../../../arm-elf/lib/thumb/interwork\libvcom.a(usbinit.o)
 .glue_7t       0x00021ea8        0x0 c:/espardino_tmp/bin/../lib/gcc/arm-elf/4.4.0/../../../../arm-elf/lib/thumb/interwork\libvcom.a(serial_fifo.o)
 .glue_7t       0x00021ea8        0x0 c:/espardino_tmp/bin/../lib/gcc/arm-elf/4.4.0/../../../../arm-elf/lib/thumb/interwork\libvcom.a(armVIC.o)
 .glue_7t       0x00021ea8        0x0 c:/espardino_tmp/bin/../lib/gcc/arm-elf/4.4.0/../../../../arm-elf/lib\libmicro214x.a(leds.o)
 .glue_7t       0x00021ea8        0x0 c:/espardino_tmp/bin/../lib/gcc/arm-elf/4.4.0/../../../../arm-elf/lib\libmicro214x.a(adc.o)
 .glue_7t       0x00021ea8        0x0 c:/espardino_tmp/bin/../lib/gcc/arm-elf/4.4.0/../../../../arm-elf/lib\libmicro214x.a(sysclocks.o)
 .glue_7t       0x00021ea8        0x0 c:/espardino_tmp/bin/../lib/gcc/arm-elf/4.4.0/../../../../arm-elf/lib\libmicro214x.a(iolib.o)
 .glue_7t       0x00021ea8        0x0 c:/espardino_tmp/bin/../lib/gcc/arm-elf/4.4.0/../../../../arm-elf/lib\libmicro214x.a(rtc.o)
 .glue_7t       0x00021ea8        0x0 c:/espardino_tmp/bin/../lib/gcc/arm-elf/4.4.0/../../../../arm-elf/lib\libmicro214x.a(miniprintf.o)
 .glue_7t       0x00021ea8        0x0 c:/espardino_tmp/bin/../lib/gcc/arm-elf/4.4.0/../../../../arm-elf/lib/thumb/interwork\libm.a(lib_a-s_atan.o)
 .glue_7t       0x00021ea8        0x0 c:/espardino_tmp/bin/../lib/gcc/arm-elf/4.4.0/../../../../arm-elf/lib/thumb/interwork\libm.a(lib_a-s_ceil.o)
 .glue_7t       0x00021ea8        0x0 c:/espardino_tmp/bin/../lib/gcc/arm-elf/4.4.0/../../../../arm-elf/lib/thumb/interwork\libm.a(lib_a-s_cos.o)
 .glue_7t       0x00021ea8        0x0 c:/espardino_tmp/bin/../lib/gcc/arm-elf/4.4.0/../../../../arm-elf/lib/thumb/interwork\libm.a(lib_a-s_fabs.o)
 .glue_7t       0x00021ea8        0x0 c:/espardino_tmp/bin/../lib/gcc/arm-elf/4.4.0/../../../../arm-elf/lib/thumb/interwork\libm.a(lib_a-s_floor.o)
 .glue_7t       0x00021ea8        0x0 c:/espardino_tmp/bin/../lib/gcc/arm-elf/4.4.0/../../../../arm-elf/lib/thumb/interwork\libm.a(lib_a-s_frexp.o)
 .glue_7t       0x00021ea8        0x0 c:/espardino_tmp/bin/../lib/gcc/arm-elf/4.4.0/../../../../arm-elf/lib/thumb/interwork\libm.a(lib_a-s_ldexp.o)
 .glue_7t       0x00021ea8        0x0 c:/espardino_tmp/bin/../lib/gcc/arm-elf/4.4.0/../../../../arm-elf/lib/thumb/interwork\libm.a(lib_a-s_modf.o)
 .glue_7t       0x00021ea8        0x0 c:/espardino_tmp/bin/../lib/gcc/arm-elf/4.4.0/../../../../arm-elf/lib/thumb/interwork\libm.a(lib_a-s_scalbn.o)
 .glue_7t       0x00021ea8        0x0 c:/espardino_tmp/bin/../lib/gcc/arm-elf/4.4.0/../../../../arm-elf/lib/thumb/interwork\libm.a(lib_a-s_sin.o)
 .glue_7t       0x00021ea8        0x0 c:/espardino_tmp/bin/../lib/gcc/arm-elf/4.4.0/../../../../arm-elf/lib/thumb/interwork\libm.a(lib_a-s_tan.o)
 .glue_7t       0x00021ea8        0x0 c:/espardino_tmp/bin/../lib/gcc/arm-elf/4.4.0/../../../../arm-elf/lib/thumb/interwork\libm.a(lib_a-s_tanh.o)
 .glue_7t       0x00021ea8        0x0 c:/espardino_tmp/bin/../lib/gcc/arm-elf/4.4.0/../../../../arm-elf/lib/thumb/interwork\libm.a(lib_a-w_acos.o)
 .glue_7t       0x00021ea8        0x0 c:/espardino_tmp/bin/../lib/gcc/arm-elf/4.4.0/../../../../arm-elf/lib/thumb/interwork\libm.a(lib_a-w_asin.o)
 .glue_7t       0x00021ea8        0x0 c:/espardino_tmp/bin/../lib/gcc/arm-elf/4.4.0/../../../../arm-elf/lib/thumb/interwork\libm.a(lib_a-w_atan2.o)
 .glue_7t       0x00021ea8        0x0 c:/espardino_tmp/bin/../lib/gcc/arm-elf/4.4.0/../../../../arm-elf/lib/thumb/interwork\libm.a(lib_a-w_cosh.o)
 .glue_7t       0x00021ea8        0x0 c:/espardino_tmp/bin/../lib/gcc/arm-elf/4.4.0/../../../../arm-elf/lib/thumb/interwork\libm.a(lib_a-w_exp.o)
 .glue_7t       0x00021ea8        0x0 c:/espardino_tmp/bin/../lib/gcc/arm-elf/4.4.0/../../../../arm-elf/lib/thumb/interwork\libm.a(lib_a-w_fmod.o)
 .glue_7t       0x00021ea8        0x0 c:/espardino_tmp/bin/../lib/gcc/arm-elf/4.4.0/../../../../arm-elf/lib/thumb/interwork\libm.a(lib_a-w_log.o)
 .glue_7t       0x00021ea8        0x0 c:/espardino_tmp/bin/../lib/gcc/arm-elf/4.4.0/../../../../arm-elf/lib/thumb/interwork\libm.a(lib_a-w_log10.o)
 .glue_7t       0x00021ea8        0x0 c:/espardino_tmp/bin/../lib/gcc/arm-elf/4.4.0/../../../../arm-elf/lib/thumb/interwork\libm.a(lib_a-w_pow.o)
 .glue_7t       0x00021ea8        0x0 c:/espardino_tmp/bin/../lib/gcc/arm-elf/4.4.0/../../../../arm-elf/lib/thumb/interwork\libm.a(lib_a-w_sinh.o)
 .glue_7t       0x00021ea8        0x0 c:/espardino_tmp/bin/../lib/gcc/arm-elf/4.4.0/../../../../arm-elf/lib/thumb/interwork\libm.a(lib_a-w_sqrt.o)
 .glue_7t       0x00021ea8        0x0 c:/espardino_tmp/bin/../lib/gcc/arm-elf/4.4.0/../../../../arm-elf/lib/thumb/interwork\libm.a(lib_a-e_acos.o)
 .glue_7t       0x00021ea8        0x0 c:/espardino_tmp/bin/../lib/gcc/arm-elf/4.4.0/../../../../arm-elf/lib/thumb/interwork\libm.a(lib_a-e_asin.o)
 .glue_7t       0x00021ea8        0x0 c:/espardino_tmp/bin/../lib/gcc/arm-elf/4.4.0/../../../../arm-elf/lib/thumb/interwork\libm.a(lib_a-e_atan2.o)
 .glue_7t       0x00021ea8        0x0 c:/espardino_tmp/bin/../lib/gcc/arm-elf/4.4.0/../../../../arm-elf/lib/thumb/interwork\libm.a(lib_a-e_cosh.o)
 .glue_7t       0x00021ea8        0x0 c:/espardino_tmp/bin/../lib/gcc/arm-elf/4.4.0/../../../../arm-elf/lib/thumb/interwork\libm.a(lib_a-e_exp.o)
 .glue_7t       0x00021ea8        0x0 c:/espardino_tmp/bin/../lib/gcc/arm-elf/4.4.0/../../../../arm-elf/lib/thumb/interwork\libm.a(lib_a-e_fmod.o)
 .glue_7t       0x00021ea8        0x0 c:/espardino_tmp/bin/../lib/gcc/arm-elf/4.4.0/../../../../arm-elf/lib/thumb/interwork\libm.a(lib_a-e_log.o)
 .glue_7t       0x00021ea8        0x0 c:/espardino_tmp/bin/../lib/gcc/arm-elf/4.4.0/../../../../arm-elf/lib/thumb/interwork\libm.a(lib_a-e_log10.o)
 .glue_7t       0x00021ea8        0x0 c:/espardino_tmp/bin/../lib/gcc/arm-elf/4.4.0/../../../../arm-elf/lib/thumb/interwork\libm.a(lib_a-e_pow.o)
 .glue_7t       0x00021ea8        0x0 c:/espardino_tmp/bin/../lib/gcc/arm-elf/4.4.0/../../../../arm-elf/lib/thumb/interwork\libm.a(lib_a-e_rem_pio2.o)
 .glue_7t       0x00021ea8        0x0 c:/espardino_tmp/bin/../lib/gcc/arm-elf/4.4.0/../../../../arm-elf/lib/thumb/interwork\libm.a(lib_a-e_sinh.o)
 .glue_7t       0x00021ea8        0x0 c:/espardino_tmp/bin/../lib/gcc/arm-elf/4.4.0/../../../../arm-elf/lib/thumb/interwork\libm.a(lib_a-e_sqrt.o)
 .glue_7t       0x00021ea8        0x0 c:/espardino_tmp/bin/../lib/gcc/arm-elf/4.4.0/../../../../arm-elf/lib/thumb/interwork\libm.a(lib_a-k_cos.o)
 .glue_7t       0x00021ea8        0x0 c:/espardino_tmp/bin/../lib/gcc/arm-elf/4.4.0/../../../../arm-elf/lib/thumb/interwork\libm.a(lib_a-k_rem_pio2.o)
 .glue_7t       0x00021ea8        0x0 c:/espardino_tmp/bin/../lib/gcc/arm-elf/4.4.0/../../../../arm-elf/lib/thumb/interwork\libm.a(lib_a-k_sin.o)
 .glue_7t       0x00021ea8        0x0 c:/espardino_tmp/bin/../lib/gcc/arm-elf/4.4.0/../../../../arm-elf/lib/thumb/interwork\libm.a(lib_a-k_tan.o)
 .glue_7t       0x00021ea8        0x0 c:/espardino_tmp/bin/../lib/gcc/arm-elf/4.4.0/../../../../arm-elf/lib/thumb/interwork\libm.a(lib_a-s_copysign.o)
 .glue_7t       0x00021ea8        0x0 c:/espardino_tmp/bin/../lib/gcc/arm-elf/4.4.0/../../../../arm-elf/lib/thumb/interwork\libm.a(lib_a-s_expm1.o)
 .glue_7t       0x00021ea8        0x0 c:/espardino_tmp/bin/../lib/gcc/arm-elf/4.4.0/../../../../arm-elf/lib/thumb/interwork\libm.a(lib_a-s_finite.o)
 .glue_7t       0x00021ea8        0x0 c:/espardino_tmp/bin/../lib/gcc/arm-elf/4.4.0/../../../../arm-elf/lib/thumb/interwork\libm.a(lib_a-s_isnand.o)
 .glue_7t       0x00021ea8        0x0 c:/espardino_tmp/bin/../lib/gcc/arm-elf/4.4.0/../../../../arm-elf/lib/thumb/interwork\libm.a(lib_a-s_lib_ver.o)
 .glue_7t       0x00021ea8        0x0 c:/espardino_tmp/bin/../lib/gcc/arm-elf/4.4.0/../../../../arm-elf/lib/thumb/interwork\libm.a(lib_a-s_matherr.o)
 .glue_7t       0x00021ea8        0x0 c:/espardino_tmp/bin/../lib/gcc/arm-elf/4.4.0/../../../../arm-elf/lib/thumb/interwork\libm.a(lib_a-s_nan.o)
 .glue_7t       0x00021ea8        0x0 c:/espardino_tmp/bin/../lib/gcc/arm-elf/4.4.0/../../../../arm-elf/lib/thumb/interwork\libm.a(lib_a-s_rint.o)
 .glue_7t       0x00021ea8        0x0 c:/espardino_tmp/bin/../lib/gcc/arm-elf/4.4.0/thumb/interwork\libgcc.a(_udivsi3.o)
 .glue_7t       0x00021ea8        0x0 c:/espardino_tmp/bin/../lib/gcc/arm-elf/4.4.0/thumb/interwork\libgcc.a(_divsi3.o)
 .glue_7t       0x00021ea8        0x0 c:/espardino_tmp/bin/../lib/gcc/arm-elf/4.4.0/thumb/interwork\libgcc.a(_umodsi3.o)
 .glue_7t       0x00021ea8        0x0 c:/espardino_tmp/bin/../lib/gcc/arm-elf/4.4.0/thumb/interwork\libgcc.a(_modsi3.o)
 .glue_7t       0x00021ea8        0x0 c:/espardino_tmp/bin/../lib/gcc/arm-elf/4.4.0/thumb/interwork\libgcc.a(_dvmd_tls.o)
 .glue_7t       0x00021ea8        0x0 c:/espardino_tmp/bin/../lib/gcc/arm-elf/4.4.0/thumb/interwork\libgcc.a(_arm_muldivdf3.o)
 .glue_7t       0x00021ea8        0x0 c:/espardino_tmp/bin/../lib/gcc/arm-elf/4.4.0/thumb/interwork\libgcc.a(_arm_cmpdf2.o)
 .glue_7t       0x00021ea8        0x0 c:/espardino_tmp/bin/../lib/gcc/arm-elf/4.4.0/thumb/interwork\libgcc.a(_arm_fixdfsi.o)
 .glue_7t       0x00021ea8        0x0 c:/espardino_tmp/bin/../lib/gcc/arm-elf/4.4.0/thumb/interwork\libgcc.a(_arm_fixunsdfsi.o)
 .glue_7t       0x00021ea8        0x0 c:/espardino_tmp/bin/../lib/gcc/arm-elf/4.4.0/../../../../arm-elf/lib/thumb/interwork\libg.a(lib_a-ctype_.o)
 .glue_7t       0x00021ea8        0x0 c:/espardino_tmp/bin/../lib/gcc/arm-elf/4.4.0/../../../../arm-elf/lib/thumb/interwork\libg.a(lib_a-errno.o)
 .glue_7t       0x00021ea8        0x0 c:/espardino_tmp/bin/../lib/gcc/arm-elf/4.4.0/../../../../arm-elf/lib/thumb/interwork\libg.a(lib_a-impure.o)
 .glue_7t       0x00021ea8        0x0 c:/espardino_tmp/bin/../lib/gcc/arm-elf/4.4.0/../../../../arm-elf/lib/thumb/interwork\libg.a(lib_a-locale.o)
 .glue_7t       0x00021ea8        0x0 c:/espardino_tmp/bin/../lib/gcc/arm-elf/4.4.0/../../../../arm-elf/lib/thumb/interwork\libg.a(lib_a-malloc.o)
 .glue_7t       0x00021ea8        0x0 c:/espardino_tmp/bin/../lib/gcc/arm-elf/4.4.0/../../../../arm-elf/lib/thumb/interwork\libg.a(lib_a-mallocr.o)
 .glue_7t       0x00021ea8        0x0 c:/espardino_tmp/bin/../lib/gcc/arm-elf/4.4.0/../../../../arm-elf/lib/thumb/interwork\libg.a(lib_a-memcmp.o)
 .glue_7t       0x00021ea8        0x0 c:/espardino_tmp/bin/../lib/gcc/arm-elf/4.4.0/../../../../arm-elf/lib/thumb/interwork\libg.a(lib_a-memcpy.o)
 .glue_7t       0x00021ea8        0x0 c:/espardino_tmp/bin/../lib/gcc/arm-elf/4.4.0/../../../../arm-elf/lib/thumb/interwork\libg.a(lib_a-mlock.o)
 .glue_7t       0x00021ea8        0x0 c:/espardino_tmp/bin/../lib/gcc/arm-elf/4.4.0/../../../../arm-elf/lib/thumb/interwork\libg.a(lib_a-rand.o)
 .glue_7t       0x00021ea8        0x0 c:/espardino_tmp/bin/../lib/gcc/arm-elf/4.4.0/../../../../arm-elf/lib/thumb/interwork\libg.a(lib_a-realloc.o)
 .glue_7t       0x00021ea8        0x0 c:/espardino_tmp/bin/../lib/gcc/arm-elf/4.4.0/../../../../arm-elf/lib/thumb/interwork\libg.a(lib_a-reallocr.o)
 .glue_7t       0x00021ea8        0x0 c:/espardino_tmp/bin/../lib/gcc/arm-elf/4.4.0/../../../../arm-elf/lib/thumb/interwork\libg.a(lib_a-sbrkr.o)
 .glue_7t       0x00021ea8        0x0 c:/espardino_tmp/bin/../lib/gcc/arm-elf/4.4.0/../../../../arm-elf/lib/thumb/interwork\libg.a(lib_a-setjmp.o)
 .glue_7t       0x00021ea8        0x0 c:/espardino_tmp/bin/../lib/gcc/arm-elf/4.4.0/../../../../arm-elf/lib/thumb/interwork\libg.a(lib_a-strcat.o)
 .glue_7t       0x00021ea8        0x0 c:/espardino_tmp/bin/../lib/gcc/arm-elf/4.4.0/../../../../arm-elf/lib/thumb/interwork\libg.a(lib_a-strchr.o)
 .glue_7t       0x00021ea8        0x0 c:/espardino_tmp/bin/../lib/gcc/arm-elf/4.4.0/../../../../arm-elf/lib/thumb/interwork\libg.a(lib_a-strcmp.o)
 .glue_7t       0x00021ea8        0x0 c:/espardino_tmp/bin/../lib/gcc/arm-elf/4.4.0/../../../../arm-elf/lib/thumb/interwork\libg.a(lib_a-strcoll.o)
 .glue_7t       0x00021ea8        0x0 c:/espardino_tmp/bin/../lib/gcc/arm-elf/4.4.0/../../../../arm-elf/lib/thumb/interwork\libg.a(lib_a-strcpy.o)
 .glue_7t       0x00021ea8        0x0 c:/espardino_tmp/bin/../lib/gcc/arm-elf/4.4.0/../../../../arm-elf/lib/thumb/interwork\libg.a(lib_a-strcspn.o)
 .glue_7t       0x00021ea8        0x0 c:/espardino_tmp/bin/../lib/gcc/arm-elf/4.4.0/../../../../arm-elf/lib/thumb/interwork\libg.a(lib_a-strlen.o)
 .glue_7t       0x00021ea8        0x0 c:/espardino_tmp/bin/../lib/gcc/arm-elf/4.4.0/../../../../arm-elf/lib/thumb/interwork\libg.a(lib_a-strncat.o)
 .glue_7t       0x00021ea8        0x0 c:/espardino_tmp/bin/../lib/gcc/arm-elf/4.4.0/../../../../arm-elf/lib/thumb/interwork\libg.a(lib_a-strncpy.o)
 .glue_7t       0x00021ea8        0x0 c:/espardino_tmp/bin/../lib/gcc/arm-elf/4.4.0/../../../../arm-elf/lib/thumb/interwork\libg.a(lib_a-strstr.o)
 .glue_7t       0x00021ea8        0x0 c:/espardino_tmp/bin/../lib/gcc/arm-elf/4.4.0/../../../../arm-elf/lib/thumb/interwork\libg.a(lib_a-strtod.o)
 .glue_7t       0x00021ea8        0x0 c:/espardino_tmp/bin/../lib/gcc/arm-elf/4.4.0/../../../../arm-elf/lib/thumb/interwork\libg.a(lib_a-strtoul.o)
 .glue_7t       0x00021ea8        0x0 c:/espardino_tmp/bin/../lib/gcc/arm-elf/4.4.0/../../../../arm-elf/lib/thumb/interwork\libg.a(lib_a-syscalls.o)
 .glue_7t       0x00021ea8        0x0 c:/espardino_tmp/bin/../lib/gcc/arm-elf/4.4.0/../../../../arm-elf/lib/thumb/interwork\libg.a(lib_a-tmpfile.o)
 .glue_7t       0x00021ea8        0x0 c:/espardino_tmp/bin/../lib/gcc/arm-elf/4.4.0/../../../../arm-elf/lib/thumb/interwork\libg.a(lib_a-tmpnam.o)
 .glue_7t       0x00021ea8        0x0 c:/espardino_tmp/bin/../lib/gcc/arm-elf/4.4.0/../../../../arm-elf/lib/thumb/interwork\libg.a(lib_a-closer.o)
 .glue_7t       0x00021ea8        0x0 c:/espardino_tmp/bin/../lib/gcc/arm-elf/4.4.0/../../../../arm-elf/lib/thumb/interwork\libg.a(lib_a-fdopen.o)
 .glue_7t       0x00021ea8        0x0 c:/espardino_tmp/bin/../lib/gcc/arm-elf/4.4.0/../../../../arm-elf/lib/thumb/interwork\libg.a(lib_a-findfp.o)
 .glue_7t       0x00021ea8        0x0 c:/espardino_tmp/bin/../lib/gcc/arm-elf/4.4.0/../../../../arm-elf/lib/thumb/interwork\libg.a(lib_a-flags.o)
 .glue_7t       0x00021ea8        0x0 c:/espardino_tmp/bin/../lib/gcc/arm-elf/4.4.0/../../../../arm-elf/lib/thumb/interwork\libg.a(lib_a-freer.o)
 .glue_7t       0x00021ea8        0x0 c:/espardino_tmp/bin/../lib/gcc/arm-elf/4.4.0/../../../../arm-elf/lib/thumb/interwork\libg.a(lib_a-fwalk.o)
 .glue_7t       0x00021ea8        0x0 c:/espardino_tmp/bin/../lib/gcc/arm-elf/4.4.0/../../../../arm-elf/lib/thumb/interwork\libg.a(lib_a-gdtoa-gethex.o)
 .glue_7t       0x00021ea8        0x0 c:/espardino_tmp/bin/../lib/gcc/arm-elf/4.4.0/../../../../arm-elf/lib/thumb/interwork\libg.a(lib_a-gdtoa-hexnan.o)
 .glue_7t       0x00021ea8        0x0 c:/espardino_tmp/bin/../lib/gcc/arm-elf/4.4.0/../../../../arm-elf/lib/thumb/interwork\libg.a(lib_a-getenv.o)
 .glue_7t       0x00021ea8        0x0 c:/espardino_tmp/bin/../lib/gcc/arm-elf/4.4.0/../../../../arm-elf/lib/thumb/interwork\libg.a(lib_a-getenv_r.o)
 .glue_7t       0x00021ea8        0x0 c:/espardino_tmp/bin/../lib/gcc/arm-elf/4.4.0/../../../../arm-elf/lib/thumb/interwork\libg.a(lib_a-memchr.o)
 .glue_7t       0x00021ea8        0x0 c:/espardino_tmp/bin/../lib/gcc/arm-elf/4.4.0/../../../../arm-elf/lib/thumb/interwork\libg.a(lib_a-memmove.o)
 .glue_7t       0x00021ea8        0x0 c:/espardino_tmp/bin/../lib/gcc/arm-elf/4.4.0/../../../../arm-elf/lib/thumb/interwork\libg.a(lib_a-memset.o)
 .glue_7t       0x00021ea8        0x0 c:/espardino_tmp/bin/../lib/gcc/arm-elf/4.4.0/../../../../arm-elf/lib/thumb/interwork\libg.a(lib_a-mprec.o)
 .glue_7t       0x00021ea8        0x0 c:/espardino_tmp/bin/../lib/gcc/arm-elf/4.4.0/../../../../arm-elf/lib/thumb/interwork\libg.a(lib_a-openr.o)
 .glue_7t       0x00021ea8        0x0 c:/espardino_tmp/bin/../lib/gcc/arm-elf/4.4.0/../../../../arm-elf/lib/thumb/interwork\libg.a(lib_a-reent.o)
 .glue_7t       0x00021ea8        0x0 c:/espardino_tmp/bin/../lib/gcc/arm-elf/4.4.0/../../../../arm-elf/lib/thumb/interwork\libg.a(lib_a-remove.o)
 .glue_7t       0x00021ea8        0x0 c:/espardino_tmp/bin/../lib/gcc/arm-elf/4.4.0/../../../../arm-elf/lib/thumb/interwork\libg.a(lib_a-sf_nan.o)
 .glue_7t       0x00021ea8        0x0 c:/espardino_tmp/bin/../lib/gcc/arm-elf/4.4.0/../../../../arm-elf/lib/thumb/interwork\libg.a(lib_a-signalr.o)
 .glue_7t       0x00021ea8        0x0 c:/espardino_tmp/bin/../lib/gcc/arm-elf/4.4.0/../../../../arm-elf/lib/thumb/interwork\libg.a(lib_a-sprintf.o)
 .glue_7t       0x00021ea8        0x0 c:/espardino_tmp/bin/../lib/gcc/arm-elf/4.4.0/../../../../arm-elf/lib/thumb/interwork\libg.a(lib_a-stdio.o)
 .glue_7t       0x00021ea8        0x0 c:/espardino_tmp/bin/../lib/gcc/arm-elf/4.4.0/../../../../arm-elf/lib/thumb/interwork\libg.a(lib_a-strncmp.o)
 .glue_7t       0x00021ea8        0x0 c:/espardino_tmp/bin/../lib/gcc/arm-elf/4.4.0/../../../../arm-elf/lib/thumb/interwork\libg.a(lib_a-svfprintf.o)
 .glue_7t       0x00021ea8        0x0 c:/espardino_tmp/bin/../lib/gcc/arm-elf/4.4.0/../../../../arm-elf/lib/thumb/interwork\libg.a(lib_a-unlinkr.o)
 .glue_7t       0x00021ea8        0x0 c:/espardino_tmp/bin/../lib/gcc/arm-elf/4.4.0/../../../../arm-elf/lib/thumb/interwork\libg.a(lib_a-writer.o)
 .glue_7t       0x00021ea8        0x0 c:/espardino_tmp/bin/../lib/gcc/arm-elf/4.4.0/../../../../arm-elf/lib/thumb/interwork\libg.a(lib_a-callocr.o)
 .glue_7t       0x00021ea8        0x0 c:/espardino_tmp/bin/../lib/gcc/arm-elf/4.4.0/../../../../arm-elf/lib/thumb/interwork\libg.a(lib_a-dtoa.o)
 .glue_7t       0x00021ea8        0x0 c:/espardino_tmp/bin/../lib/gcc/arm-elf/4.4.0/../../../../arm-elf/lib/thumb/interwork\libg.a(lib_a-environ.o)
 .glue_7t       0x00021ea8        0x0 c:/espardino_tmp/bin/../lib/gcc/arm-elf/4.4.0/../../../../arm-elf/lib/thumb/interwork\libg.a(lib_a-envlock.o)
 .glue_7t       0x00021ea8        0x0 c:/espardino_tmp/bin/../lib/gcc/arm-elf/4.4.0/../../../../arm-elf/lib/thumb/interwork\libg.a(lib_a-fclose.o)
 .glue_7t       0x00021ea8        0x0 c:/espardino_tmp/bin/../lib/gcc/arm-elf/4.4.0/../../../../arm-elf/lib/thumb/interwork\libg.a(lib_a-fflush.o)
 .glue_7t       0x00021ea8        0x0 c:/espardino_tmp/bin/../lib/gcc/arm-elf/4.4.0/../../../../arm-elf/lib/thumb/interwork\libg.a(lib_a-lseekr.o)
 .glue_7t       0x00021ea8        0x0 c:/espardino_tmp/bin/../lib/gcc/arm-elf/4.4.0/../../../../arm-elf/lib/thumb/interwork\libg.a(lib_a-readr.o)
 .glue_7t       0x00021ea8        0x0 c:/espardino_tmp/bin/../lib/gcc/arm-elf/4.4.0/../../../../arm-elf/lib/thumb/interwork\libg.a(lib_a-s_isinfd.o)
 .glue_7t       0x00021ea8        0x0 c:/espardino_tmp/bin/../lib/gcc/arm-elf/4.4.0/thumb/interwork\libgcc.a(_arm_truncdfsf2.o)
 .glue_7t       0x00021ea8       0xb0 c:/espardino_tmp/bin/../lib/gcc/arm-elf/4.4.0/thumb/interwork\libgcc.a(_muldi3.o)
                0x00021f30                ____gtdf2_from_thumb
                0x00021f20                ____subdf3_from_thumb
                0x00021f3c                ____ltdf2_change_to_arm
                0x00021f28                ____ledf2_from_thumb
                0x00021f24                ____subdf3_change_to_arm
                0x00021f4c                ____gedf2_change_to_arm
                0x00021eb0                __xputs_from_thumb
                0x00021ee4                __VCOM_putchar_nl_change_to_arm
                0x00021f10                ____eqdf2_from_thumb
                0x00021eac                __xprintf_change_to_arm
                0x00021ef8                ____fixdfsi_from_thumb
                0x00021f0c                ____divdf3_change_to_arm
                0x00021f48                ____gedf2_from_thumb
                0x00021f18                ____floatunsidf_from_thumb
                0x00021f50                ____truncdfsf2_from_thumb
                0x00021ef0                ____fixunsdfsi_from_thumb
                0x00021eec                ____muldf3_change_to_arm
                0x00021ee0                __VCOM_putchar_nl_from_thumb
                0x00021efc                ____fixdfsi_change_to_arm
                0x00021f1c                ____floatunsidf_change_to_arm
                0x00021f08                ____divdf3_from_thumb
                0x00021eb4                __xputs_change_to_arm
                0x00021ecc                __VCOM_getchar_change_to_arm
                0x00021edc                __print_change_to_arm
                0x00021ef4                ____fixunsdfsi_change_to_arm
                0x00021ed4                ____adddf3_change_to_arm
                0x00021f34                ____gtdf2_change_to_arm