Se incluyó el miembro del archivo debido al fichero (símbolo)

c:/espardino/bin/../lib/gcc/arm-elf/4.4.0/../../../../arm-elf/lib/thumb/interwork\libvcom.a(main_serial.o)
                              main.o (VCOM_putchar_nl)
c:/espardino/bin/../lib/gcc/arm-elf/4.4.0/../../../../arm-elf/lib/thumb/interwork\libvcom.a(usbhw_lpc.o)
                              c:/espardino/bin/../lib/gcc/arm-elf/4.4.0/../../../../arm-elf/lib/thumb/interwork\libvcom.a(main_serial.o) (USBHwRegisterEPIntHandler)
c:/espardino/bin/../lib/gcc/arm-elf/4.4.0/../../../../arm-elf/lib/thumb/interwork\libvcom.a(usbcontrol.o)
                              c:/espardino/bin/../lib/gcc/arm-elf/4.4.0/../../../../arm-elf/lib/thumb/interwork\libvcom.a(main_serial.o) (USBRegisterRequestHandler)
c:/espardino/bin/../lib/gcc/arm-elf/4.4.0/../../../../arm-elf/lib/thumb/interwork\libvcom.a(usbstdreq.o)
                              c:/espardino/bin/../lib/gcc/arm-elf/4.4.0/../../../../arm-elf/lib/thumb/interwork\libvcom.a(main_serial.o) (USBRegisterDescriptors)
c:/espardino/bin/../lib/gcc/arm-elf/4.4.0/../../../../arm-elf/lib/thumb/interwork\libvcom.a(usbinit.o)
                              c:/espardino/bin/../lib/gcc/arm-elf/4.4.0/../../../../arm-elf/lib/thumb/interwork\libvcom.a(main_serial.o) (USBInit)
c:/espardino/bin/../lib/gcc/arm-elf/4.4.0/../../../../arm-elf/lib/thumb/interwork\libvcom.a(serial_fifo.o)
                              c:/espardino/bin/../lib/gcc/arm-elf/4.4.0/../../../../arm-elf/lib/thumb/interwork\libvcom.a(main_serial.o) (fifo_init)
c:/espardino/bin/../lib/gcc/arm-elf/4.4.0/../../../../arm-elf/lib/thumb/interwork\libvcom.a(armVIC.o)
                              c:/espardino/bin/../lib/gcc/arm-elf/4.4.0/../../../../arm-elf/lib/thumb/interwork\libvcom.a(main_serial.o) (enableIRQ)
c:/espardino/bin/../lib/gcc/arm-elf/4.4.0/../../../../arm-elf/lib\libmicro214x.a(leds.o)
                              main.o (LEDS_init)
c:/espardino/bin/../lib/gcc/arm-elf/4.4.0/../../../../arm-elf/lib\libmicro214x.a(iolib.o)
                              c:/espardino/bin/../lib/gcc/arm-elf/4.4.0/../../../../arm-elf/lib\libmicro214x.a(leds.o) (IO_output_low)
c:/espardino/bin/../lib/gcc/arm-elf/4.4.0/../../../../arm-elf/lib\libmicro214x.a(miniprintf.o)
                              main.o (xprintf_output)
c:/espardino/bin/../lib/gcc/arm-elf/4.4.0/../../../../arm-elf/lib/thumb/interwork\libm.a(lib_a-s_floor.o)
                              c:/espardino/bin/../lib/gcc/arm-elf/4.4.0/../../../../arm-elf/lib\libmicro214x.a(miniprintf.o) (floor)
c:/espardino/bin/../lib/gcc/arm-elf/4.4.0/thumb/interwork\libgcc.a(_udivsi3.o)
                              c:/espardino/bin/../lib/gcc/arm-elf/4.4.0/../../../../arm-elf/lib\libmicro214x.a(miniprintf.o) (__udivsi3)
c:/espardino/bin/../lib/gcc/arm-elf/4.4.0/thumb/interwork\libgcc.a(_umodsi3.o)
                              c:/espardino/bin/../lib/gcc/arm-elf/4.4.0/../../../../arm-elf/lib\libmicro214x.a(miniprintf.o) (__umodsi3)
c:/espardino/bin/../lib/gcc/arm-elf/4.4.0/thumb/interwork\libgcc.a(_dvmd_tls.o)
                              c:/espardino/bin/../lib/gcc/arm-elf/4.4.0/thumb/interwork\libgcc.a(_udivsi3.o) (__div0)
c:/espardino/bin/../lib/gcc/arm-elf/4.4.0/thumb/interwork\libgcc.a(_arm_addsubdf3.o)
                              c:/espardino/bin/../lib/gcc/arm-elf/4.4.0/../../../../arm-elf/lib\libmicro214x.a(miniprintf.o) (__subdf3)
c:/espardino/bin/../lib/gcc/arm-elf/4.4.0/thumb/interwork\libgcc.a(_arm_muldivdf3.o)
                              c:/espardino/bin/../lib/gcc/arm-elf/4.4.0/../../../../arm-elf/lib\libmicro214x.a(miniprintf.o) (__muldf3)
c:/espardino/bin/../lib/gcc/arm-elf/4.4.0/thumb/interwork\libgcc.a(_arm_cmpdf2.o)
                              c:/espardino/bin/../lib/gcc/arm-elf/4.4.0/../../../../arm-elf/lib/thumb/interwork\libm.a(lib_a-s_floor.o) (__gtdf2)
c:/espardino/bin/../lib/gcc/arm-elf/4.4.0/thumb/interwork\libgcc.a(_arm_fixdfsi.o)
                              c:/espardino/bin/../lib/gcc/arm-elf/4.4.0/../../../../arm-elf/lib\libmicro214x.a(miniprintf.o) (__fixdfsi)
c:/espardino/bin/../lib/gcc/arm-elf/4.4.0/../../../../arm-elf/lib/thumb/interwork\libg.a(lib_a-memcpy.o)
                              c:/espardino/bin/../lib/gcc/arm-elf/4.4.0/../../../../arm-elf/lib/thumb/interwork\libvcom.a(main_serial.o) (memcpy)

Configuración de la Memoria

Nombre           Origen             Longitud           Atributos
ROM              0x00002000         0x0000e000         xr
RAM              0x40000000         0x00004000         rw
*default*        0x00000000         0xffffffff

Guión del enlazador y mapa de memoria

LOAD startup.o
LOAD main.o
LOAD c:/espardino/bin/../lib/gcc/arm-elf/4.4.0/../../../../arm-elf/lib/thumb/interwork\libc.a
LOAD c:/espardino/bin/../lib/gcc/arm-elf/4.4.0/../../../../arm-elf/lib/thumb/interwork\libm.a
LOAD c:/espardino/bin/../lib/gcc/arm-elf/4.4.0/../../../../arm-elf/lib/thumb/interwork\libc.a
LOAD c:/espardino/bin/../lib/gcc/arm-elf/4.4.0/thumb/interwork\libgcc.a
LOAD c:/espardino/bin/../lib/gcc/arm-elf/4.4.0/../../../../arm-elf/lib/thumb/interwork\libstdc++.a
LOAD c:/espardino/bin/../lib/gcc/arm-elf/4.4.0/../../../../arm-elf/lib/thumb/interwork\libvcom.a
LOAD c:/espardino/bin/../lib/gcc/arm-elf/4.4.0/../../../../arm-elf/lib\libmicro214x.a
LOAD c:/espardino/bin/../lib/gcc/arm-elf/4.4.0/../../../../arm-elf/lib/thumb/interwork\libm.a
START GROUP
LOAD c:/espardino/bin/../lib/gcc/arm-elf/4.4.0/thumb/interwork\libgcc.a
LOAD c:/espardino/bin/../lib/gcc/arm-elf/4.4.0/../../../../arm-elf/lib/thumb/interwork\libg.a
LOAD c:/espardino/bin/../lib/gcc/arm-elf/4.4.0/../../../../arm-elf/lib/thumb/interwork\libc.a
END GROUP
                0x00000010                STACK_SIZE = 0x10
                0x00004000                RAM_LENGTH = 0x4000

.startup        0x00002000      0x1b4
 *startup.o(.text)
 .text          0x00002000      0x1b4 startup.o
                0x00002000                _boot
                0x00002178                __exit_THUMB
                0x00002174                __exit_ARM

.text           0x000021b4     0x293f
 *(.init)
 *(.text .text.*)
 .text          0x000021b4      0x10c main.o
                0x000021b4                print_banner
                0x00002210                main
 .text          0x000022c0      0x3b0 c:/espardino/bin/../lib/gcc/arm-elf/4.4.0/../../../../arm-elf/lib/thumb/interwork\libvcom.a(main_serial.o)
                0x0000258c                VCOM_init_internal
                0x00002300                VCOM_kbhit
                0x00002384                VCOM_putchar
                0x000023e0                VCOM_putchar_nl
                0x00002488                VCOM_getchar_nonblock
                0x00002434                VCOM_putchar_nonblock_nl
                0x00002408                VCOM_putchar_nonblock
                0x000023b4                VCOM_puts
                0x0000245c                VCOM_getchar
                0x000025b8                VCOM_init
 .text          0x00002670      0x650 c:/espardino/bin/../lib/gcc/arm-elf/4.4.0/../../../../arm-elf/lib/thumb/interwork\libvcom.a(usbhw_lpc.o)
                0x000029a4                USBHwEPRead
                0x00002ab8                USBHwISR
                0x00002908                USBHwEPWrite
                0x00002670                USBHwEPConfig
                0x0000275c                USBHwSetAddress
                0x000027b0                USBHwConnect
                0x000028a4                USBHwEPStall
                0x0000272c                USBHwRegisterDevIntHandler
                0x000026f8                USBHwRegisterEPIntHandler
                0x00002a6c                USBHwConfigDevice
                0x000027fc                USBHwNakIntEnable
                0x00002be0                USBHwInit
                0x00002744                USBHwRegisterFrameHandler
                0x00002848                USBHwEPGetStatus
 .text          0x00002cc0      0x130 c:/espardino/bin/../lib/gcc/arm-elf/4.4.0/../../../../arm-elf/lib/thumb/interwork\libvcom.a(usbcontrol.o)
                0x00002d10                USBHandleControlTransfer
                0x00002cc0                USBRegisterRequestHandler
 .text          0x00002df0      0x1b0 c:/espardino/bin/../lib/gcc/arm-elf/4.4.0/../../../../arm-elf/lib/thumb/interwork\libvcom.a(usbstdreq.o)
                0x00002dfc                USBGetDescriptor
                0x00002e48                USBRegisterCustomReqHandler
                0x00002df0                USBRegisterDescriptors
                0x00002e54                USBHandleStandardRequest
 .text          0x00002fa0       0x54 c:/espardino/bin/../lib/gcc/arm-elf/4.4.0/../../../../arm-elf/lib/thumb/interwork\libvcom.a(usbinit.o)
                0x00002fa4                USBInit
 .text          0x00002ff4       0xb8 c:/espardino/bin/../lib/gcc/arm-elf/4.4.0/../../../../arm-elf/lib/thumb/interwork\libvcom.a(serial_fifo.o)
                0x00003068                fifo_avail
                0x00003000                fifo_put
                0x00002ff4                fifo_init
                0x00003038                fifo_get
                0x00003088                fifo_free
 .text          0x000030ac       0x78 c:/espardino/bin/../lib/gcc/arm-elf/4.4.0/../../../../arm-elf/lib/thumb/interwork\libvcom.a(armVIC.o)
                0x000030bc                restoreIRQ
                0x00003114                enableFIQ
                0x000030e8                disableFIQ
                0x000030d8                enableIRQ
                0x000030f8                restoreFIQ
                0x000030ac                disableIRQ
 .text          0x00003124       0x64 c:/espardino/bin/../lib/gcc/arm-elf/4.4.0/../../../../arm-elf/lib\libmicro214x.a(leds.o)
                0x00003158                LEDS_on
                0x00003124                LEDS_init
                0x00003128                LEDS_off
 .text          0x00003188      0x168 c:/espardino/bin/../lib/gcc/arm-elf/4.4.0/../../../../arm-elf/lib\libmicro214x.a(iolib.o)
                0x00003188                IO_init
                0x000032cc                IO_output_low
                0x00003224                IO_output
                0x000032d8                IO_output_high
                0x000031a8                IO_input
                0x000032e4                IO_get_mode
 .text          0x000032f0      0x6b8 c:/espardino/bin/../lib/gcc/arm-elf/4.4.0/../../../../arm-elf/lib\libmicro214x.a(miniprintf.o)
                0x000035b4                print
                0x000032f0                xprintf_output
                0x00003988                xprintf
                0x0000335c                xputs
                0x00003960                xsprintf
                0x00003938                xfprintf
 .text          0x000039a8      0x150 c:/espardino/bin/../lib/gcc/arm-elf/4.4.0/../../../../arm-elf/lib/thumb/interwork\libm.a(lib_a-s_floor.o)
                0x000039a8                floor
 .text          0x00003af8       0x8c c:/espardino/bin/../lib/gcc/arm-elf/4.4.0/thumb/interwork\libgcc.a(_udivsi3.o)
                0x00003af8                __udivsi3
                0x00003af8                __aeabi_uidiv
                0x00003b74                __aeabi_uidivmod
 .text          0x00003b84       0xc8 c:/espardino/bin/../lib/gcc/arm-elf/4.4.0/thumb/interwork\libgcc.a(_umodsi3.o)
                0x00003b84                __umodsi3
 .text          0x00003c4c        0x4 c:/espardino/bin/../lib/gcc/arm-elf/4.4.0/thumb/interwork\libgcc.a(_dvmd_tls.o)
                0x00003c4c                __aeabi_ldiv0
                0x00003c4c                __div0
                0x00003c4c                __aeabi_idiv0
 .text          0x00003c50      0x430 c:/espardino/bin/../lib/gcc/arm-elf/4.4.0/thumb/interwork\libgcc.a(_arm_addsubdf3.o)
                0x00004014                __floatdidf
                0x00003f94                __floatsidf
                0x00003f6c                __aeabi_ui2d
                0x00003c50                __aeabi_drsub
                0x00003fc0                __extendsfdf2
                0x00003c5c                __adddf3
                0x00003f6c                __floatunsidf
                0x00003c5c                __aeabi_dadd
                0x00004000                __aeabi_ul2d
                0x00003c58                __aeabi_dsub
                0x00004000                __floatundidf
                0x00003f94                __aeabi_i2d
                0x00004014                __aeabi_l2d
                0x00003fc0                __aeabi_f2d
                0x00003c58                __subdf3
 .text          0x00004080      0x49c c:/espardino/bin/../lib/gcc/arm-elf/4.4.0/thumb/interwork\libgcc.a(_arm_muldivdf3.o)
                0x00004310                __aeabi_ddiv
                0x00004080                __aeabi_dmul
                0x00004310                __divdf3
                0x00004080                __muldf3
 .text          0x0000451c      0x140 c:/espardino/bin/../lib/gcc/arm-elf/4.4.0/thumb/interwork\libgcc.a(_arm_cmpdf2.o)
                0x00004614                __aeabi_dcmple
                0x0000452c                __cmpdf2
                0x0000452c                __eqdf2
                0x0000451c                __gtdf2
                0x000045cc                __aeabi_cdcmple
                0x000045b0                __aeabi_cdrcmple
                0x00004524                __ltdf2
                0x000045fc                __aeabi_dcmplt
                0x00004524                __ledf2
                0x00004644                __aeabi_dcmpgt
                0x0000462c                __aeabi_dcmpge
                0x0000452c                __nedf2
                0x000045e4                __aeabi_dcmpeq
                0x000045cc                __aeabi_cdcmpeq
                0x0000451c                __gedf2
 .text          0x0000465c       0x5c c:/espardino/bin/../lib/gcc/arm-elf/4.4.0/thumb/interwork\libgcc.a(_arm_fixdfsi.o)
                0x0000465c                __fixdfsi
                0x0000465c                __aeabi_d2iz
 .text          0x000046b8       0x80 c:/espardino/bin/../lib/gcc/arm-elf/4.4.0/../../../../arm-elf/lib/thumb/interwork\libg.a(lib_a-memcpy.o)
                0x000046b8                memcpy
 *(.gnu.linkonce.t.*)
 *(.gcc_except_table)
 *(.glue_7)
 .glue_7        0x00004738        0x0 startup.o
 .glue_7        0x00004738        0x0 main.o
 .glue_7        0x00004738        0x0 c:/espardino/bin/../lib/gcc/arm-elf/4.4.0/../../../../arm-elf/lib/thumb/interwork\libvcom.a(main_serial.o)
 .glue_7        0x00004738        0x0 c:/espardino/bin/../lib/gcc/arm-elf/4.4.0/../../../../arm-elf/lib/thumb/interwork\libvcom.a(usbhw_lpc.o)
 .glue_7        0x00004738        0x0 c:/espardino/bin/../lib/gcc/arm-elf/4.4.0/../../../../arm-elf/lib/thumb/interwork\libvcom.a(usbcontrol.o)
 .glue_7        0x00004738        0x0 c:/espardino/bin/../lib/gcc/arm-elf/4.4.0/../../../../arm-elf/lib/thumb/interwork\libvcom.a(usbstdreq.o)
 .glue_7        0x00004738        0x0 c:/espardino/bin/../lib/gcc/arm-elf/4.4.0/../../../../arm-elf/lib/thumb/interwork\libvcom.a(usbinit.o)
 .glue_7        0x00004738        0x0 c:/espardino/bin/../lib/gcc/arm-elf/4.4.0/../../../../arm-elf/lib/thumb/interwork\libvcom.a(serial_fifo.o)
 .glue_7        0x00004738        0x0 c:/espardino/bin/../lib/gcc/arm-elf/4.4.0/../../../../arm-elf/lib/thumb/interwork\libvcom.a(armVIC.o)
 .glue_7        0x00004738        0x0 c:/espardino/bin/../lib/gcc/arm-elf/4.4.0/../../../../arm-elf/lib\libmicro214x.a(leds.o)
 .glue_7        0x00004738        0x0 c:/espardino/bin/../lib/gcc/arm-elf/4.4.0/../../../../arm-elf/lib\libmicro214x.a(iolib.o)
 .glue_7        0x00004738        0x0 c:/espardino/bin/../lib/gcc/arm-elf/4.4.0/../../../../arm-elf/lib\libmicro214x.a(miniprintf.o)
 .glue_7        0x00004738        0x0 c:/espardino/bin/../lib/gcc/arm-elf/4.4.0/../../../../arm-elf/lib/thumb/interwork\libm.a(lib_a-s_floor.o)
 .glue_7        0x00004738        0x0 c:/espardino/bin/../lib/gcc/arm-elf/4.4.0/thumb/interwork\libgcc.a(_udivsi3.o)
 .glue_7        0x00004738        0x0 c:/espardino/bin/../lib/gcc/arm-elf/4.4.0/thumb/interwork\libgcc.a(_umodsi3.o)
 .glue_7        0x00004738        0x0 c:/espardino/bin/../lib/gcc/arm-elf/4.4.0/thumb/interwork\libgcc.a(_dvmd_tls.o)
 .glue_7        0x00004738        0x0 c:/espardino/bin/../lib/gcc/arm-elf/4.4.0/thumb/interwork\libgcc.a(_arm_addsubdf3.o)
 .glue_7        0x00004738        0x0 c:/espardino/bin/../lib/gcc/arm-elf/4.4.0/thumb/interwork\libgcc.a(_arm_muldivdf3.o)
 .glue_7        0x00004738        0x0 c:/espardino/bin/../lib/gcc/arm-elf/4.4.0/thumb/interwork\libgcc.a(_arm_cmpdf2.o)
 .glue_7        0x00004738        0x0 c:/espardino/bin/../lib/gcc/arm-elf/4.4.0/thumb/interwork\libgcc.a(_arm_fixdfsi.o)
 .glue_7        0x00004738       0xe4 c:/espardino/bin/../lib/gcc/arm-elf/4.4.0/../../../../arm-elf/lib/thumb/interwork\libg.a(lib_a-memcpy.o)
                0x00004738                __USBHwISR_from_arm
                0x000047ec                __USBHwConnect_from_arm
                0x00004780                __fifo_get_from_arm
                0x0000478c                __USBHwEPWrite_from_arm
                0x000047a4                __fifo_init_from_arm
                0x00004750                __USBHwNakIntEnable_from_arm
                0x000047f8                ____umodsi3_from_arm
                0x00004804                ____udivsi3_from_arm
                0x00004744                __fifo_avail_from_arm
                0x000047b0                __USBInit_from_arm
                0x00004798                __memcpy_from_arm
                0x000047e0                __USBHwRegisterFrameHandler_from_arm
                0x000047bc                __USBRegisterDescriptors_from_arm
                0x000047c8                __USBRegisterRequestHandler_from_arm
                0x00004810                __floor_from_arm
                0x00004774                __fifo_put_from_arm
                0x00004768                __USBHwEPRead_from_arm
                0x0000475c                __fifo_free_from_arm
                0x000047d4                __USBHwRegisterEPIntHandler_from_arm
 *(.glue_7t)
 .glue_7t       0x0000481c        0x0 startup.o
 .glue_7t       0x0000481c        0x0 main.o
 .glue_7t       0x0000481c        0x0 c:/espardino/bin/../lib/gcc/arm-elf/4.4.0/../../../../arm-elf/lib/thumb/interwork\libvcom.a(main_serial.o)
 .glue_7t       0x0000481c        0x0 c:/espardino/bin/../lib/gcc/arm-elf/4.4.0/../../../../arm-elf/lib/thumb/interwork\libvcom.a(usbhw_lpc.o)
 .glue_7t       0x0000481c        0x0 c:/espardino/bin/../lib/gcc/arm-elf/4.4.0/../../../../arm-elf/lib/thumb/interwork\libvcom.a(usbcontrol.o)
 .glue_7t       0x0000481c        0x0 c:/espardino/bin/../lib/gcc/arm-elf/4.4.0/../../../../arm-elf/lib/thumb/interwork\libvcom.a(usbstdreq.o)
 .glue_7t       0x0000481c        0x0 c:/espardino/bin/../lib/gcc/arm-elf/4.4.0/../../../../arm-elf/lib/thumb/interwork\libvcom.a(usbinit.o)
 .glue_7t       0x0000481c        0x0 c:/espardino/bin/../lib/gcc/arm-elf/4.4.0/../../../../arm-elf/lib/thumb/interwork\libvcom.a(serial_fifo.o)
 .glue_7t       0x0000481c        0x0 c:/espardino/bin/../lib/gcc/arm-elf/4.4.0/../../../../arm-elf/lib/thumb/interwork\libvcom.a(armVIC.o)
 .glue_7t       0x0000481c        0x0 c:/espardino/bin/../lib/gcc/arm-elf/4.4.0/../../../../arm-elf/lib\libmicro214x.a(leds.o)
 .glue_7t       0x0000481c        0x0 c:/espardino/bin/../lib/gcc/arm-elf/4.4.0/../../../../arm-elf/lib\libmicro214x.a(iolib.o)
 .glue_7t       0x0000481c        0x0 c:/espardino/bin/../lib/gcc/arm-elf/4.4.0/../../../../arm-elf/lib\libmicro214x.a(miniprintf.o)
 .glue_7t       0x0000481c        0x0 c:/espardino/bin/../lib/gcc/arm-elf/4.4.0/../../../../arm-elf/lib/thumb/interwork\libm.a(lib_a-s_floor.o)
 .glue_7t       0x0000481c        0x0 c:/espardino/bin/../lib/gcc/arm-elf/4.4.0/thumb/interwork\libgcc.a(_udivsi3.o)
 .glue_7t       0x0000481c        0x0 c:/espardino/bin/../lib/gcc/arm-elf/4.4.0/thumb/interwork\libgcc.a(_umodsi3.o)
 .glue_7t       0x0000481c        0x0 c:/espardino/bin/../lib/gcc/arm-elf/4.4.0/thumb/interwork\libgcc.a(_dvmd_tls.o)
 .glue_7t       0x0000481c        0x0 c:/espardino/bin/../lib/gcc/arm-elf/4.4.0/thumb/interwork\libgcc.a(_arm_addsubdf3.o)
 .glue_7t       0x0000481c        0x0 c:/espardino/bin/../lib/gcc/arm-elf/4.4.0/thumb/interwork\libgcc.a(_arm_muldivdf3.o)
 .glue_7t       0x0000481c        0x0 c:/espardino/bin/../lib/gcc/arm-elf/4.4.0/thumb/interwork\libgcc.a(_arm_cmpdf2.o)
 .glue_7t       0x0000481c        0x0 c:/espardino/bin/../lib/gcc/arm-elf/4.4.0/thumb/interwork\libgcc.a(_arm_fixdfsi.o)
 .glue_7t       0x0000481c       0x30 c:/espardino/bin/../lib/gcc/arm-elf/4.4.0/../../../../arm-elf/lib/thumb/interwork\libg.a(lib_a-memcpy.o)
                0x00004844                ____gtdf2_from_thumb
                0x00004820                __xprintf_change_to_arm
                0x00004838                __VCOM_getchar_change_to_arm
                0x00004840                ____adddf3_change_to_arm
                0x00004848                ____gtdf2_change_to_arm
                0x0000482c                __xprintf_output_from_thumb
                0x0000483c                ____adddf3_from_thumb
                0x00004824                __VCOM_init_from_thumb
                0x0000481c                __xprintf_from_thumb
                0x00004828                __VCOM_init_change_to_arm
                0x00004834                __VCOM_getchar_from_thumb
                0x00004830                __xprintf_output_change_to_arm
 *(.rodata)
 .rodata        0x0000484c       0x90 main.o
 .rodata        0x000048dc       0x90 c:/espardino/bin/../lib/gcc/arm-elf/4.4.0/../../../../arm-elf/lib/thumb/interwork\libvcom.a(main_serial.o)
 .rodata        0x0000496c       0x28 c:/espardino/bin/../lib/gcc/arm-elf/4.4.0/../../../../arm-elf/lib/thumb/interwork\libvcom.a(usbstdreq.o)
 *(.rodata*)
 .rodata.str1.4
                0x00004994      0x158 main.o
                                0x15c (tamaño antes de la relajación)
 .rodata.str1.1
                0x00004aec        0x7 c:/espardino/bin/../lib/gcc/arm-elf/4.4.0/../../../../arm-elf/lib\libmicro214x.a(miniprintf.o)
 *(.gnu.linkonce.r.*)

.eh_frame       0x00004af4       0x60
 .eh_frame      0x00004af4       0x60 main.o

.vfp11_veneer   0x00004b54        0x0
 .vfp11_veneer  0x00004b54        0x0 startup.o
 .vfp11_veneer  0x00004b54        0x0 main.o
 .vfp11_veneer  0x00004b54        0x0 c:/espardino/bin/../lib/gcc/arm-elf/4.4.0/../../../../arm-elf/lib/thumb/interwork\libvcom.a(main_serial.o)
 .vfp11_veneer  0x00004b54        0x0 c:/espardino/bin/../lib/gcc/arm-elf/4.4.0/../../../../arm-elf/lib/thumb/interwork\libvcom.a(usbhw_lpc.o)
 .vfp11_veneer  0x00004b54        0x0 c:/espardino/bin/../lib/gcc/arm-elf/4.4.0/../../../../arm-elf/lib/thumb/interwork\libvcom.a(usbcontrol.o)
 .vfp11_veneer  0x00004b54        0x0 c:/espardino/bin/../lib/gcc/arm-elf/4.4.0/../../../../arm-elf/lib/thumb/interwork\libvcom.a(usbstdreq.o)
 .vfp11_veneer  0x00004b54        0x0 c:/espardino/bin/../lib/gcc/arm-elf/4.4.0/../../../../arm-elf/lib/thumb/interwork\libvcom.a(usbinit.o)
 .vfp11_veneer  0x00004b54        0x0 c:/espardino/bin/../lib/gcc/arm-elf/4.4.0/../../../../arm-elf/lib/thumb/interwork\libvcom.a(serial_fifo.o)
 .vfp11_veneer  0x00004b54        0x0 c:/espardino/bin/../lib/gcc/arm-elf/4.4.0/../../../../arm-elf/lib/thumb/interwork\libvcom.a(armVIC.o)
 .vfp11_veneer  0x00004b54        0x0 c:/espardino/bin/../lib/gcc/arm-elf/4.4.0/../../../../arm-elf/lib\libmicro214x.a(leds.o)
 .vfp11_veneer  0x00004b54        0x0 c:/espardino/bin/../lib/gcc/arm-elf/4.4.0/../../../../arm-elf/lib\libmicro214x.a(iolib.o)
 .vfp11_veneer  0x00004b54        0x0 c:/espardino/bin/../lib/gcc/arm-elf/4.4.0/../../../../arm-elf/lib\libmicro214x.a(miniprintf.o)
 .vfp11_veneer  0x00004b54        0x0 c:/espardino/bin/../lib/gcc/arm-elf/4.4.0/../../../../arm-elf/lib/thumb/interwork\libm.a(lib_a-s_floor.o)
 .vfp11_veneer  0x00004b54        0x0 c:/espardino/bin/../lib/gcc/arm-elf/4.4.0/thumb/interwork\libgcc.a(_udivsi3.o)
 .vfp11_veneer  0x00004b54        0x0 c:/espardino/bin/../lib/gcc/arm-elf/4.4.0/thumb/interwork\libgcc.a(_umodsi3.o)
 .vfp11_veneer  0x00004b54        0x0 c:/espardino/bin/../lib/gcc/arm-elf/4.4.0/thumb/interwork\libgcc.a(_dvmd_tls.o)
 .vfp11_veneer  0x00004b54        0x0 c:/espardino/bin/../lib/gcc/arm-elf/4.4.0/thumb/interwork\libgcc.a(_arm_addsubdf3.o)
 .vfp11_veneer  0x00004b54        0x0 c:/espardino/bin/../lib/gcc/arm-elf/4.4.0/thumb/interwork\libgcc.a(_arm_muldivdf3.o)
 .vfp11_veneer  0x00004b54        0x0 c:/espardino/bin/../lib/gcc/arm-elf/4.4.0/thumb/interwork\libgcc.a(_arm_cmpdf2.o)
 .vfp11_veneer  0x00004b54        0x0 c:/espardino/bin/../lib/gcc/arm-elf/4.4.0/thumb/interwork\libgcc.a(_arm_fixdfsi.o)
 .vfp11_veneer  0x00004b54        0x0 c:/espardino/bin/../lib/gcc/arm-elf/4.4.0/../../../../arm-elf/lib/thumb/interwork\libg.a(lib_a-memcpy.o)
                0x00004b54                . = ALIGN (0x4)

.ctors          0x00004b54        0x0
                0x00004b54                PROVIDE (__ctors_start__, .)
 *(SORT(.ctors.*))
 *(.ctors)
                0x00004b54                PROVIDE (__ctors_end__, .)

.dtors          0x00004b54        0x0
                0x00004b54                PROVIDE (__dtors_start__, .)
 *(SORT(.dtors.*))
 *(.dtors)
                0x00004b54                PROVIDE (__dtors_end__, .)
                0x00004b54                . = ALIGN (0x4)
                0x00004b54                _etext = .
                0x00004b54                PROVIDE (etext, .)

.data           0x40000000        0x8 cargar la dirección 0x00004b54
                0x40000000                _data = .
 *(.data)
 .data          0x40000000        0x0 startup.o
 .data          0x40000000        0x0 main.o
 .data          0x40000000        0x8 c:/espardino/bin/../lib/gcc/arm-elf/4.4.0/../../../../arm-elf/lib/thumb/interwork\libvcom.a(main_serial.o)
 .data          0x40000008        0x0 c:/espardino/bin/../lib/gcc/arm-elf/4.4.0/../../../../arm-elf/lib/thumb/interwork\libvcom.a(usbhw_lpc.o)
 .data          0x40000008        0x0 c:/espardino/bin/../lib/gcc/arm-elf/4.4.0/../../../../arm-elf/lib/thumb/interwork\libvcom.a(usbcontrol.o)
 .data          0x40000008        0x0 c:/espardino/bin/../lib/gcc/arm-elf/4.4.0/../../../../arm-elf/lib/thumb/interwork\libvcom.a(usbstdreq.o)
 .data          0x40000008        0x0 c:/espardino/bin/../lib/gcc/arm-elf/4.4.0/../../../../arm-elf/lib/thumb/interwork\libvcom.a(usbinit.o)
 .data          0x40000008        0x0 c:/espardino/bin/../lib/gcc/arm-elf/4.4.0/../../../../arm-elf/lib/thumb/interwork\libvcom.a(serial_fifo.o)
 .data          0x40000008        0x0 c:/espardino/bin/../lib/gcc/arm-elf/4.4.0/../../../../arm-elf/lib/thumb/interwork\libvcom.a(armVIC.o)
 .data          0x40000008        0x0 c:/espardino/bin/../lib/gcc/arm-elf/4.4.0/../../../../arm-elf/lib\libmicro214x.a(leds.o)
 .data          0x40000008        0x0 c:/espardino/bin/../lib/gcc/arm-elf/4.4.0/../../../../arm-elf/lib\libmicro214x.a(iolib.o)
 .data          0x40000008        0x0 c:/espardino/bin/../lib/gcc/arm-elf/4.4.0/../../../../arm-elf/lib\libmicro214x.a(miniprintf.o)
 .data          0x40000008        0x0 c:/espardino/bin/../lib/gcc/arm-elf/4.4.0/../../../../arm-elf/lib/thumb/interwork\libm.a(lib_a-s_floor.o)
 .data          0x40000008        0x0 c:/espardino/bin/../lib/gcc/arm-elf/4.4.0/thumb/interwork\libgcc.a(_udivsi3.o)
 .data          0x40000008        0x0 c:/espardino/bin/../lib/gcc/arm-elf/4.4.0/thumb/interwork\libgcc.a(_umodsi3.o)
 .data          0x40000008        0x0 c:/espardino/bin/../lib/gcc/arm-elf/4.4.0/thumb/interwork\libgcc.a(_dvmd_tls.o)
 .data          0x40000008        0x0 c:/espardino/bin/../lib/gcc/arm-elf/4.4.0/thumb/interwork\libgcc.a(_arm_addsubdf3.o)
 .data          0x40000008        0x0 c:/espardino/bin/../lib/gcc/arm-elf/4.4.0/thumb/interwork\libgcc.a(_arm_muldivdf3.o)
 .data          0x40000008        0x0 c:/espardino/bin/../lib/gcc/arm-elf/4.4.0/thumb/interwork\libgcc.a(_arm_cmpdf2.o)
 .data          0x40000008        0x0 c:/espardino/bin/../lib/gcc/arm-elf/4.4.0/thumb/interwork\libgcc.a(_arm_fixdfsi.o)
 .data          0x40000008        0x0 c:/espardino/bin/../lib/gcc/arm-elf/4.4.0/../../../../arm-elf/lib/thumb/interwork\libg.a(lib_a-memcpy.o)
 *(.data.*)
 *(.gnu.linkonce.d*)
                0x40000008                . = ALIGN (0x4)
 *(.fastrun)
                0x40000008                . = ALIGN (0x4)
                0x40000008                _edata = .
                0x40000008                PROVIDE (edata, .)

.bss            0x40000008      0x1f8 cargar la dirección 0x00004b5c
                0x40000008                __bss_start = .
                0x40000008                __bss_start__ = .
 *(.bss)
 .bss           0x40000008        0x0 startup.o
 .bss           0x40000008        0x0 main.o
 .bss           0x40000008      0x160 c:/espardino/bin/../lib/gcc/arm-elf/4.4.0/../../../../arm-elf/lib/thumb/interwork\libvcom.a(main_serial.o)
 .bss           0x40000168       0x48 c:/espardino/bin/../lib/gcc/arm-elf/4.4.0/../../../../arm-elf/lib/thumb/interwork\libvcom.a(usbhw_lpc.o)
 .bss           0x400001b0       0x34 c:/espardino/bin/../lib/gcc/arm-elf/4.4.0/../../../../arm-elf/lib/thumb/interwork\libvcom.a(usbcontrol.o)
 .bss           0x400001e4        0xc c:/espardino/bin/../lib/gcc/arm-elf/4.4.0/../../../../arm-elf/lib/thumb/interwork\libvcom.a(usbstdreq.o)
 .bss           0x400001f0        0x8 c:/espardino/bin/../lib/gcc/arm-elf/4.4.0/../../../../arm-elf/lib/thumb/interwork\libvcom.a(usbinit.o)
 .bss           0x400001f8        0x0 c:/espardino/bin/../lib/gcc/arm-elf/4.4.0/../../../../arm-elf/lib/thumb/interwork\libvcom.a(serial_fifo.o)
 .bss           0x400001f8        0x0 c:/espardino/bin/../lib/gcc/arm-elf/4.4.0/../../../../arm-elf/lib/thumb/interwork\libvcom.a(armVIC.o)
 .bss           0x400001f8        0x0 c:/espardino/bin/../lib/gcc/arm-elf/4.4.0/../../../../arm-elf/lib\libmicro214x.a(leds.o)
 .bss           0x400001f8        0x4 c:/espardino/bin/../lib/gcc/arm-elf/4.4.0/../../../../arm-elf/lib\libmicro214x.a(iolib.o)
 .bss           0x400001fc        0x4 c:/espardino/bin/../lib/gcc/arm-elf/4.4.0/../../../../arm-elf/lib\libmicro214x.a(miniprintf.o)
 .bss           0x40000200        0x0 c:/espardino/bin/../lib/gcc/arm-elf/4.4.0/../../../../arm-elf/lib/thumb/interwork\libm.a(lib_a-s_floor.o)
 .bss           0x40000200        0x0 c:/espardino/bin/../lib/gcc/arm-elf/4.4.0/thumb/interwork\libgcc.a(_udivsi3.o)
 .bss           0x40000200        0x0 c:/espardino/bin/../lib/gcc/arm-elf/4.4.0/thumb/interwork\libgcc.a(_umodsi3.o)
 .bss           0x40000200        0x0 c:/espardino/bin/../lib/gcc/arm-elf/4.4.0/thumb/interwork\libgcc.a(_dvmd_tls.o)
 .bss           0x40000200        0x0 c:/espardino/bin/../lib/gcc/arm-elf/4.4.0/thumb/interwork\libgcc.a(_arm_addsubdf3.o)
 .bss           0x40000200        0x0 c:/espardino/bin/../lib/gcc/arm-elf/4.4.0/thumb/interwork\libgcc.a(_arm_muldivdf3.o)
 .bss           0x40000200        0x0 c:/espardino/bin/../lib/gcc/arm-elf/4.4.0/thumb/interwork\libgcc.a(_arm_cmpdf2.o)
 .bss           0x40000200        0x0 c:/espardino/bin/../lib/gcc/arm-elf/4.4.0/thumb/interwork\libgcc.a(_arm_fixdfsi.o)
 .bss           0x40000200        0x0 c:/espardino/bin/../lib/gcc/arm-elf/4.4.0/../../../../arm-elf/lib/thumb/interwork\libg.a(lib_a-memcpy.o)
 *(.gnu.linkonce.b*)
 *(COMMON)
                0x40000200                . = ALIGN (0x4)
                0x40000200                . = ALIGN (0x4)
                0x40000200                __bss_end__ = .
                0x40000200                PROVIDE (__bss_end, .)

.stack          0x40000200       0x10 cargar la dirección 0x00004d54
                0x40000210                . = (. + STACK_SIZE)
 *fill*         0x40000200       0x10 00
                0x40000210                PROVIDE (_stack, .)
                0x40000210                _end = .
                0x40000210                PROVIDE (end, .)

.stab
 *(.stab)

.stabstr
 *(.stabstr)

.stab.excl
 *(.stab.excl)

.stab.exclstr
 *(.stab.exclstr)

.stab.index
 *(.stab.index)

.stab.indexstr
 *(.stab.indexstr)

.comment        0x00000000       0xea
 *(.comment)
 .comment       0x00000000       0x12 main.o
 .comment       0x00000012       0x12 c:/espardino/bin/../lib/gcc/arm-elf/4.4.0/../../../../arm-elf/lib/thumb/interwork\libvcom.a(main_serial.o)
 .comment       0x00000024       0x12 c:/espardino/bin/../lib/gcc/arm-elf/4.4.0/../../../../arm-elf/lib/thumb/interwork\libvcom.a(usbhw_lpc.o)
 .comment       0x00000036       0x12 c:/espardino/bin/../lib/gcc/arm-elf/4.4.0/../../../../arm-elf/lib/thumb/interwork\libvcom.a(usbcontrol.o)
 .comment       0x00000048       0x12 c:/espardino/bin/../lib/gcc/arm-elf/4.4.0/../../../../arm-elf/lib/thumb/interwork\libvcom.a(usbstdreq.o)
 .comment       0x0000005a       0x12 c:/espardino/bin/../lib/gcc/arm-elf/4.4.0/../../../../arm-elf/lib/thumb/interwork\libvcom.a(usbinit.o)
 .comment       0x0000006c       0x12 c:/espardino/bin/../lib/gcc/arm-elf/4.4.0/../../../../arm-elf/lib/thumb/interwork\libvcom.a(serial_fifo.o)
 .comment       0x0000007e       0x12 c:/espardino/bin/../lib/gcc/arm-elf/4.4.0/../../../../arm-elf/lib/thumb/interwork\libvcom.a(armVIC.o)
 .comment       0x00000090       0x12 c:/espardino/bin/../lib/gcc/arm-elf/4.4.0/../../../../arm-elf/lib\libmicro214x.a(leds.o)
 .comment       0x000000a2       0x12 c:/espardino/bin/../lib/gcc/arm-elf/4.4.0/../../../../arm-elf/lib\libmicro214x.a(iolib.o)
 .comment       0x000000b4       0x12 c:/espardino/bin/../lib/gcc/arm-elf/4.4.0/../../../../arm-elf/lib\libmicro214x.a(miniprintf.o)
 .comment       0x000000c6       0x12 c:/espardino/bin/../lib/gcc/arm-elf/4.4.0/../../../../arm-elf/lib/thumb/interwork\libm.a(lib_a-s_floor.o)
 .comment       0x000000d8       0x12 c:/espardino/bin/../lib/gcc/arm-elf/4.4.0/../../../../arm-elf/lib/thumb/interwork\libg.a(lib_a-memcpy.o)

.debug
 *(.debug)

.line
 *(.line)

.debug_srcinfo
 *(.debug_srcinfo)

.debug_sfnames
 *(.debug_sfnames)

.debug_aranges  0x00000000      0x160
 *(.debug_aranges)
 .debug_aranges
                0x00000000       0x20 startup.o
 .debug_aranges
                0x00000020       0x20 main.o
 .debug_aranges
                0x00000040       0x20 c:/espardino/bin/../lib/gcc/arm-elf/4.4.0/../../../../arm-elf/lib/thumb/interwork\libm.a(lib_a-s_floor.o)
 .debug_aranges
                0x00000060       0x20 c:/espardino/bin/../lib/gcc/arm-elf/4.4.0/thumb/interwork\libgcc.a(_udivsi3.o)
 .debug_aranges
                0x00000080       0x20 c:/espardino/bin/../lib/gcc/arm-elf/4.4.0/thumb/interwork\libgcc.a(_umodsi3.o)
 .debug_aranges
                0x000000a0       0x20 c:/espardino/bin/../lib/gcc/arm-elf/4.4.0/thumb/interwork\libgcc.a(_dvmd_tls.o)
 .debug_aranges
                0x000000c0       0x20 c:/espardino/bin/../lib/gcc/arm-elf/4.4.0/thumb/interwork\libgcc.a(_arm_addsubdf3.o)
 .debug_aranges
                0x000000e0       0x20 c:/espardino/bin/../lib/gcc/arm-elf/4.4.0/thumb/interwork\libgcc.a(_arm_muldivdf3.o)
 .debug_aranges
                0x00000100       0x20 c:/espardino/bin/../lib/gcc/arm-elf/4.4.0/thumb/interwork\libgcc.a(_arm_cmpdf2.o)
 .debug_aranges
                0x00000120       0x20 c:/espardino/bin/../lib/gcc/arm-elf/4.4.0/thumb/interwork\libgcc.a(_arm_fixdfsi.o)
 .debug_aranges
                0x00000140       0x20 c:/espardino/bin/../lib/gcc/arm-elf/4.4.0/../../../../arm-elf/lib/thumb/interwork\libg.a(lib_a-memcpy.o)

.debug_pubnames
                0x00000000       0x65
 *(.debug_pubnames)
 .debug_pubnames
                0x00000000       0x2c main.o
 .debug_pubnames
                0x0000002c       0x1c c:/espardino/bin/../lib/gcc/arm-elf/4.4.0/../../../../arm-elf/lib/thumb/interwork\libm.a(lib_a-s_floor.o)
 .debug_pubnames
                0x00000048       0x1d c:/espardino/bin/../lib/gcc/arm-elf/4.4.0/../../../../arm-elf/lib/thumb/interwork\libg.a(lib_a-memcpy.o)

.debug_info     0x00000000      0x83e
 *(.debug_info .gnu.linkonce.wi.*)
 .debug_info    0x00000000       0x64 startup.o
 .debug_info    0x00000064       0xc3 main.o
 .debug_info    0x00000127      0x1b1 c:/espardino/bin/../lib/gcc/arm-elf/4.4.0/../../../../arm-elf/lib/thumb/interwork\libm.a(lib_a-s_floor.o)
 .debug_info    0x000002d8       0x98 c:/espardino/bin/../lib/gcc/arm-elf/4.4.0/thumb/interwork\libgcc.a(_udivsi3.o)
 .debug_info    0x00000370       0x98 c:/espardino/bin/../lib/gcc/arm-elf/4.4.0/thumb/interwork\libgcc.a(_umodsi3.o)
 .debug_info    0x00000408       0x98 c:/espardino/bin/../lib/gcc/arm-elf/4.4.0/thumb/interwork\libgcc.a(_dvmd_tls.o)
 .debug_info    0x000004a0       0x97 c:/espardino/bin/../lib/gcc/arm-elf/4.4.0/thumb/interwork\libgcc.a(_arm_addsubdf3.o)
 .debug_info    0x00000537       0x97 c:/espardino/bin/../lib/gcc/arm-elf/4.4.0/thumb/interwork\libgcc.a(_arm_muldivdf3.o)
 .debug_info    0x000005ce       0x97 c:/espardino/bin/../lib/gcc/arm-elf/4.4.0/thumb/interwork\libgcc.a(_arm_cmpdf2.o)
 .debug_info    0x00000665       0x97 c:/espardino/bin/../lib/gcc/arm-elf/4.4.0/thumb/interwork\libgcc.a(_arm_fixdfsi.o)
 .debug_info    0x000006fc      0x142 c:/espardino/bin/../lib/gcc/arm-elf/4.4.0/../../../../arm-elf/lib/thumb/interwork\libg.a(lib_a-memcpy.o)

.debug_abbrev   0x00000000      0x2b0
 *(.debug_abbrev)
 .debug_abbrev  0x00000000       0x14 startup.o
 .debug_abbrev  0x00000014       0x7d main.o
 .debug_abbrev  0x00000091       0xf1 c:/espardino/bin/../lib/gcc/arm-elf/4.4.0/../../../../arm-elf/lib/thumb/interwork\libm.a(lib_a-s_floor.o)
 .debug_abbrev  0x00000182       0x14 c:/espardino/bin/../lib/gcc/arm-elf/4.4.0/thumb/interwork\libgcc.a(_udivsi3.o)
 .debug_abbrev  0x00000196       0x14 c:/espardino/bin/../lib/gcc/arm-elf/4.4.0/thumb/interwork\libgcc.a(_umodsi3.o)
 .debug_abbrev  0x000001aa       0x14 c:/espardino/bin/../lib/gcc/arm-elf/4.4.0/thumb/interwork\libgcc.a(_dvmd_tls.o)
 .debug_abbrev  0x000001be       0x14 c:/espardino/bin/../lib/gcc/arm-elf/4.4.0/thumb/interwork\libgcc.a(_arm_addsubdf3.o)
 .debug_abbrev  0x000001d2       0x14 c:/espardino/bin/../lib/gcc/arm-elf/4.4.0/thumb/interwork\libgcc.a(_arm_muldivdf3.o)
 .debug_abbrev  0x000001e6       0x14 c:/espardino/bin/../lib/gcc/arm-elf/4.4.0/thumb/interwork\libgcc.a(_arm_cmpdf2.o)
 .debug_abbrev  0x000001fa       0x14 c:/espardino/bin/../lib/gcc/arm-elf/4.4.0/thumb/interwork\libgcc.a(_arm_fixdfsi.o)
 .debug_abbrev  0x0000020e       0xa2 c:/espardino/bin/../lib/gcc/arm-elf/4.4.0/../../../../arm-elf/lib/thumb/interwork\libg.a(lib_a-memcpy.o)

.debug_line     0x00000000      0x988
 *(.debug_line)
 .debug_line    0x00000000       0x95 startup.o
 .debug_line    0x00000095       0xad main.o
 .debug_line    0x00000142      0x168 c:/espardino/bin/../lib/gcc/arm-elf/4.4.0/../../../../arm-elf/lib/thumb/interwork\libm.a(lib_a-s_floor.o)
 .debug_line    0x000002aa       0x86 c:/espardino/bin/../lib/gcc/arm-elf/4.4.0/thumb/interwork\libgcc.a(_udivsi3.o)
 .debug_line    0x00000330       0x7e c:/espardino/bin/../lib/gcc/arm-elf/4.4.0/thumb/interwork\libgcc.a(_umodsi3.o)
 .debug_line    0x000003ae       0x70 c:/espardino/bin/../lib/gcc/arm-elf/4.4.0/thumb/interwork\libgcc.a(_dvmd_tls.o)
 .debug_line    0x0000041e      0x178 c:/espardino/bin/../lib/gcc/arm-elf/4.4.0/thumb/interwork\libgcc.a(_arm_addsubdf3.o)
 .debug_line    0x00000596      0x18d c:/espardino/bin/../lib/gcc/arm-elf/4.4.0/thumb/interwork\libgcc.a(_arm_muldivdf3.o)
 .debug_line    0x00000723       0xba c:/espardino/bin/../lib/gcc/arm-elf/4.4.0/thumb/interwork\libgcc.a(_arm_cmpdf2.o)
 .debug_line    0x000007dd       0x85 c:/espardino/bin/../lib/gcc/arm-elf/4.4.0/thumb/interwork\libgcc.a(_arm_fixdfsi.o)
 .debug_line    0x00000862      0x126 c:/espardino/bin/../lib/gcc/arm-elf/4.4.0/../../../../arm-elf/lib/thumb/interwork\libg.a(lib_a-memcpy.o)

.debug_frame    0x00000000       0xc4
 *(.debug_frame)
 .debug_frame   0x00000000       0x40 c:/espardino/bin/../lib/gcc/arm-elf/4.4.0/../../../../arm-elf/lib/thumb/interwork\libm.a(lib_a-s_floor.o)
 .debug_frame   0x00000040       0x28 c:/espardino/bin/../lib/gcc/arm-elf/4.4.0/thumb/interwork\libgcc.a(_udivsi3.o)
 .debug_frame   0x00000068       0x28 c:/espardino/bin/../lib/gcc/arm-elf/4.4.0/thumb/interwork\libgcc.a(_umodsi3.o)
 .debug_frame   0x00000090       0x34 c:/espardino/bin/../lib/gcc/arm-elf/4.4.0/../../../../arm-elf/lib/thumb/interwork\libg.a(lib_a-memcpy.o)

.debug_str      0x00000000      0x245
 *(.debug_str)
 .debug_str     0x00000000       0xb4 main.o
                                 0xed (tamaño antes de la relajación)
 .debug_str     0x000000b4       0xdc c:/espardino/bin/../lib/gcc/arm-elf/4.4.0/../../../../arm-elf/lib/thumb/interwork\libm.a(lib_a-s_floor.o)
                                0x178 (tamaño antes de la relajación)
 .debug_str     0x00000190       0xb5 c:/espardino/bin/../lib/gcc/arm-elf/4.4.0/../../../../arm-elf/lib/thumb/interwork\libg.a(lib_a-memcpy.o)
                                0x14a (tamaño antes de la relajación)

.debug_loc      0x00000000      0x3b8
 *(.debug_loc)
 .debug_loc     0x00000000       0x3b main.o
 .debug_loc     0x0000003b      0x242 c:/espardino/bin/../lib/gcc/arm-elf/4.4.0/../../../../arm-elf/lib/thumb/interwork\libm.a(lib_a-s_floor.o)
 .debug_loc     0x0000027d      0x13b c:/espardino/bin/../lib/gcc/arm-elf/4.4.0/../../../../arm-elf/lib/thumb/interwork\libg.a(lib_a-memcpy.o)

.debug_macinfo
 *(.debug_macinfo)

.debug_weaknames
 *(.debug_weaknames)

.debug_funcnames
 *(.debug_funcnames)

.debug_typenames
 *(.debug_typenames)

.debug_varnames
 *(.debug_varnames)
OUTPUT(main.elf elf32-littlearm)

.ARM.attributes
                0x00000000       0x10
 .ARM.attributes
                0x00000000       0x10 startup.o
 .ARM.attributes
                0x00000010       0x10 main.o
 .ARM.attributes
                0x00000020       0x10 c:/espardino/bin/../lib/gcc/arm-elf/4.4.0/../../../../arm-elf/lib/thumb/interwork\libvcom.a(main_serial.o)
 .ARM.attributes
                0x00000030       0x10 c:/espardino/bin/../lib/gcc/arm-elf/4.4.0/../../../../arm-elf/lib/thumb/interwork\libvcom.a(usbhw_lpc.o)
 .ARM.attributes
                0x00000040       0x10 c:/espardino/bin/../lib/gcc/arm-elf/4.4.0/../../../../arm-elf/lib/thumb/interwork\libvcom.a(usbcontrol.o)
 .ARM.attributes
                0x00000050       0x10 c:/espardino/bin/../lib/gcc/arm-elf/4.4.0/../../../../arm-elf/lib/thumb/interwork\libvcom.a(usbstdreq.o)
 .ARM.attributes
                0x00000060       0x10 c:/espardino/bin/../lib/gcc/arm-elf/4.4.0/../../../../arm-elf/lib/thumb/interwork\libvcom.a(usbinit.o)
 .ARM.attributes
                0x00000070       0x10 c:/espardino/bin/../lib/gcc/arm-elf/4.4.0/../../../../arm-elf/lib/thumb/interwork\libvcom.a(serial_fifo.o)
 .ARM.attributes
                0x00000080       0x10 c:/espardino/bin/../lib/gcc/arm-elf/4.4.0/../../../../arm-elf/lib/thumb/interwork\libvcom.a(armVIC.o)
 .ARM.attributes
                0x00000090       0x10 c:/espardino/bin/../lib/gcc/arm-elf/4.4.0/../../../../arm-elf/lib\libmicro214x.a(leds.o)
 .ARM.attributes
                0x000000a0       0x10 c:/espardino/bin/../lib/gcc/arm-elf/4.4.0/../../../../arm-elf/lib\libmicro214x.a(iolib.o)
 .ARM.attributes
                0x000000b0       0x10 c:/espardino/bin/../lib/gcc/arm-elf/4.4.0/../../../../arm-elf/lib\libmicro214x.a(miniprintf.o)

.debug_ranges   0x00000000       0x18
 .debug_ranges  0x00000000       0x18 c:/espardino/bin/../lib/gcc/arm-elf/4.4.0/../../../../arm-elf/lib/thumb/interwork\libm.a(lib_a-s_floor.o)

Tabla de Referencias Cruzadas

Símbolo                                           Fichero
IO_get_mode                                       c:/espardino/bin/../lib/gcc/arm-elf/4.4.0/../../../../arm-elf/lib\libmicro214x.a(iolib.o)
IO_init                                           c:/espardino/bin/../lib/gcc/arm-elf/4.4.0/../../../../arm-elf/lib\libmicro214x.a(iolib.o)
IO_input                                          c:/espardino/bin/../lib/gcc/arm-elf/4.4.0/../../../../arm-elf/lib\libmicro214x.a(iolib.o)
IO_output                                         c:/espardino/bin/../lib/gcc/arm-elf/4.4.0/../../../../arm-elf/lib\libmicro214x.a(iolib.o)
IO_output_high                                    c:/espardino/bin/../lib/gcc/arm-elf/4.4.0/../../../../arm-elf/lib\libmicro214x.a(iolib.o)
                                                  c:/espardino/bin/../lib/gcc/arm-elf/4.4.0/../../../../arm-elf/lib\libmicro214x.a(leds.o)
IO_output_low                                     c:/espardino/bin/../lib/gcc/arm-elf/4.4.0/../../../../arm-elf/lib\libmicro214x.a(iolib.o)
                                                  c:/espardino/bin/../lib/gcc/arm-elf/4.4.0/../../../../arm-elf/lib\libmicro214x.a(leds.o)
LEDS_init                                         c:/espardino/bin/../lib/gcc/arm-elf/4.4.0/../../../../arm-elf/lib\libmicro214x.a(leds.o)
                                                  main.o
LEDS_off                                          c:/espardino/bin/../lib/gcc/arm-elf/4.4.0/../../../../arm-elf/lib\libmicro214x.a(leds.o)
                                                  main.o
LEDS_on                                           c:/espardino/bin/../lib/gcc/arm-elf/4.4.0/../../../../arm-elf/lib\libmicro214x.a(leds.o)
                                                  main.o
RAM_LENGTH                                        startup.o
USBGetDescriptor                                  c:/espardino/bin/../lib/gcc/arm-elf/4.4.0/../../../../arm-elf/lib/thumb/interwork\libvcom.a(usbstdreq.o)
USBHandleControlTransfer                          c:/espardino/bin/../lib/gcc/arm-elf/4.4.0/../../../../arm-elf/lib/thumb/interwork\libvcom.a(usbcontrol.o)
                                                  c:/espardino/bin/../lib/gcc/arm-elf/4.4.0/../../../../arm-elf/lib/thumb/interwork\libvcom.a(usbinit.o)
USBHandleStandardRequest                          c:/espardino/bin/../lib/gcc/arm-elf/4.4.0/../../../../arm-elf/lib/thumb/interwork\libvcom.a(usbstdreq.o)
                                                  c:/espardino/bin/../lib/gcc/arm-elf/4.4.0/../../../../arm-elf/lib/thumb/interwork\libvcom.a(usbinit.o)
USBHwConfigDevice                                 c:/espardino/bin/../lib/gcc/arm-elf/4.4.0/../../../../arm-elf/lib/thumb/interwork\libvcom.a(usbhw_lpc.o)
                                                  c:/espardino/bin/../lib/gcc/arm-elf/4.4.0/../../../../arm-elf/lib/thumb/interwork\libvcom.a(usbstdreq.o)
USBHwConnect                                      c:/espardino/bin/../lib/gcc/arm-elf/4.4.0/../../../../arm-elf/lib/thumb/interwork\libvcom.a(usbhw_lpc.o)
                                                  c:/espardino/bin/../lib/gcc/arm-elf/4.4.0/../../../../arm-elf/lib/thumb/interwork\libvcom.a(main_serial.o)
USBHwEPConfig                                     c:/espardino/bin/../lib/gcc/arm-elf/4.4.0/../../../../arm-elf/lib/thumb/interwork\libvcom.a(usbhw_lpc.o)
                                                  c:/espardino/bin/../lib/gcc/arm-elf/4.4.0/../../../../arm-elf/lib/thumb/interwork\libvcom.a(usbinit.o)
                                                  c:/espardino/bin/../lib/gcc/arm-elf/4.4.0/../../../../arm-elf/lib/thumb/interwork\libvcom.a(usbstdreq.o)
USBHwEPGetStatus                                  c:/espardino/bin/../lib/gcc/arm-elf/4.4.0/../../../../arm-elf/lib/thumb/interwork\libvcom.a(usbhw_lpc.o)
                                                  c:/espardino/bin/../lib/gcc/arm-elf/4.4.0/../../../../arm-elf/lib/thumb/interwork\libvcom.a(usbstdreq.o)
USBHwEPRead                                       c:/espardino/bin/../lib/gcc/arm-elf/4.4.0/../../../../arm-elf/lib/thumb/interwork\libvcom.a(usbhw_lpc.o)
                                                  c:/espardino/bin/../lib/gcc/arm-elf/4.4.0/../../../../arm-elf/lib/thumb/interwork\libvcom.a(usbcontrol.o)
                                                  c:/espardino/bin/../lib/gcc/arm-elf/4.4.0/../../../../arm-elf/lib/thumb/interwork\libvcom.a(main_serial.o)
USBHwEPStall                                      c:/espardino/bin/../lib/gcc/arm-elf/4.4.0/../../../../arm-elf/lib/thumb/interwork\libvcom.a(usbhw_lpc.o)
                                                  c:/espardino/bin/../lib/gcc/arm-elf/4.4.0/../../../../arm-elf/lib/thumb/interwork\libvcom.a(usbstdreq.o)
                                                  c:/espardino/bin/../lib/gcc/arm-elf/4.4.0/../../../../arm-elf/lib/thumb/interwork\libvcom.a(usbcontrol.o)
USBHwEPWrite                                      c:/espardino/bin/../lib/gcc/arm-elf/4.4.0/../../../../arm-elf/lib/thumb/interwork\libvcom.a(usbhw_lpc.o)
                                                  c:/espardino/bin/../lib/gcc/arm-elf/4.4.0/../../../../arm-elf/lib/thumb/interwork\libvcom.a(usbcontrol.o)
                                                  c:/espardino/bin/../lib/gcc/arm-elf/4.4.0/../../../../arm-elf/lib/thumb/interwork\libvcom.a(main_serial.o)
USBHwISR                                          c:/espardino/bin/../lib/gcc/arm-elf/4.4.0/../../../../arm-elf/lib/thumb/interwork\libvcom.a(usbhw_lpc.o)
                                                  c:/espardino/bin/../lib/gcc/arm-elf/4.4.0/../../../../arm-elf/lib/thumb/interwork\libvcom.a(main_serial.o)
USBHwInit                                         c:/espardino/bin/../lib/gcc/arm-elf/4.4.0/../../../../arm-elf/lib/thumb/interwork\libvcom.a(usbhw_lpc.o)
                                                  c:/espardino/bin/../lib/gcc/arm-elf/4.4.0/../../../../arm-elf/lib/thumb/interwork\libvcom.a(usbinit.o)
USBHwNakIntEnable                                 c:/espardino/bin/../lib/gcc/arm-elf/4.4.0/../../../../arm-elf/lib/thumb/interwork\libvcom.a(usbhw_lpc.o)
                                                  c:/espardino/bin/../lib/gcc/arm-elf/4.4.0/../../../../arm-elf/lib/thumb/interwork\libvcom.a(main_serial.o)
USBHwRegisterDevIntHandler                        c:/espardino/bin/../lib/gcc/arm-elf/4.4.0/../../../../arm-elf/lib/thumb/interwork\libvcom.a(usbhw_lpc.o)
                                                  c:/espardino/bin/../lib/gcc/arm-elf/4.4.0/../../../../arm-elf/lib/thumb/interwork\libvcom.a(usbinit.o)
USBHwRegisterEPIntHandler                         c:/espardino/bin/../lib/gcc/arm-elf/4.4.0/../../../../arm-elf/lib/thumb/interwork\libvcom.a(usbhw_lpc.o)
                                                  c:/espardino/bin/../lib/gcc/arm-elf/4.4.0/../../../../arm-elf/lib/thumb/interwork\libvcom.a(usbinit.o)
                                                  c:/espardino/bin/../lib/gcc/arm-elf/4.4.0/../../../../arm-elf/lib/thumb/interwork\libvcom.a(main_serial.o)
USBHwRegisterFrameHandler                         c:/espardino/bin/../lib/gcc/arm-elf/4.4.0/../../../../arm-elf/lib/thumb/interwork\libvcom.a(usbhw_lpc.o)
                                                  c:/espardino/bin/../lib/gcc/arm-elf/4.4.0/../../../../arm-elf/lib/thumb/interwork\libvcom.a(main_serial.o)
USBHwSetAddress                                   c:/espardino/bin/../lib/gcc/arm-elf/4.4.0/../../../../arm-elf/lib/thumb/interwork\libvcom.a(usbhw_lpc.o)
                                                  c:/espardino/bin/../lib/gcc/arm-elf/4.4.0/../../../../arm-elf/lib/thumb/interwork\libvcom.a(usbstdreq.o)
USBInit                                           c:/espardino/bin/../lib/gcc/arm-elf/4.4.0/../../../../arm-elf/lib/thumb/interwork\libvcom.a(usbinit.o)
                                                  c:/espardino/bin/../lib/gcc/arm-elf/4.4.0/../../../../arm-elf/lib/thumb/interwork\libvcom.a(main_serial.o)
USBRegisterCustomReqHandler                       c:/espardino/bin/../lib/gcc/arm-elf/4.4.0/../../../../arm-elf/lib/thumb/interwork\libvcom.a(usbstdreq.o)
USBRegisterDescriptors                            c:/espardino/bin/../lib/gcc/arm-elf/4.4.0/../../../../arm-elf/lib/thumb/interwork\libvcom.a(usbstdreq.o)
                                                  c:/espardino/bin/../lib/gcc/arm-elf/4.4.0/../../../../arm-elf/lib/thumb/interwork\libvcom.a(main_serial.o)
USBRegisterRequestHandler                         c:/espardino/bin/../lib/gcc/arm-elf/4.4.0/../../../../arm-elf/lib/thumb/interwork\libvcom.a(usbcontrol.o)
                                                  c:/espardino/bin/../lib/gcc/arm-elf/4.4.0/../../../../arm-elf/lib/thumb/interwork\libvcom.a(usbinit.o)
                                                  c:/espardino/bin/../lib/gcc/arm-elf/4.4.0/../../../../arm-elf/lib/thumb/interwork\libvcom.a(main_serial.o)
VCOM_getchar                                      c:/espardino/bin/../lib/gcc/arm-elf/4.4.0/../../../../arm-elf/lib/thumb/interwork\libvcom.a(main_serial.o)
                                                  main.o
VCOM_getchar_nonblock                             c:/espardino/bin/../lib/gcc/arm-elf/4.4.0/../../../../arm-elf/lib/thumb/interwork\libvcom.a(main_serial.o)
VCOM_init                                         c:/espardino/bin/../lib/gcc/arm-elf/4.4.0/../../../../arm-elf/lib/thumb/interwork\libvcom.a(main_serial.o)
                                                  main.o
VCOM_init_internal                                c:/espardino/bin/../lib/gcc/arm-elf/4.4.0/../../../../arm-elf/lib/thumb/interwork\libvcom.a(main_serial.o)
VCOM_kbhit                                        c:/espardino/bin/../lib/gcc/arm-elf/4.4.0/../../../../arm-elf/lib/thumb/interwork\libvcom.a(main_serial.o)
VCOM_putchar                                      c:/espardino/bin/../lib/gcc/arm-elf/4.4.0/../../../../arm-elf/lib/thumb/interwork\libvcom.a(main_serial.o)
VCOM_putchar_nl                                   c:/espardino/bin/../lib/gcc/arm-elf/4.4.0/../../../../arm-elf/lib/thumb/interwork\libvcom.a(main_serial.o)
                                                  main.o
VCOM_putchar_nonblock                             c:/espardino/bin/../lib/gcc/arm-elf/4.4.0/../../../../arm-elf/lib/thumb/interwork\libvcom.a(main_serial.o)
VCOM_putchar_nonblock_nl                          c:/espardino/bin/../lib/gcc/arm-elf/4.4.0/../../../../arm-elf/lib/thumb/interwork\libvcom.a(main_serial.o)
VCOM_puts                                         c:/espardino/bin/../lib/gcc/arm-elf/4.4.0/../../../../arm-elf/lib/thumb/interwork\libvcom.a(main_serial.o)
__USBHwConnect_from_arm                           c:/espardino/bin/../lib/gcc/arm-elf/4.4.0/../../../../arm-elf/lib/thumb/interwork\libg.a(lib_a-memcpy.o)
__USBHwEPRead_from_arm                            c:/espardino/bin/../lib/gcc/arm-elf/4.4.0/../../../../arm-elf/lib/thumb/interwork\libg.a(lib_a-memcpy.o)
__USBHwEPWrite_from_arm                           c:/espardino/bin/../lib/gcc/arm-elf/4.4.0/../../../../arm-elf/lib/thumb/interwork\libg.a(lib_a-memcpy.o)
__USBHwISR_from_arm                               c:/espardino/bin/../lib/gcc/arm-elf/4.4.0/../../../../arm-elf/lib/thumb/interwork\libg.a(lib_a-memcpy.o)
__USBHwNakIntEnable_from_arm                      c:/espardino/bin/../lib/gcc/arm-elf/4.4.0/../../../../arm-elf/lib/thumb/interwork\libg.a(lib_a-memcpy.o)
__USBHwRegisterEPIntHandler_from_arm              c:/espardino/bin/../lib/gcc/arm-elf/4.4.0/../../../../arm-elf/lib/thumb/interwork\libg.a(lib_a-memcpy.o)
__USBHwRegisterFrameHandler_from_arm              c:/espardino/bin/../lib/gcc/arm-elf/4.4.0/../../../../arm-elf/lib/thumb/interwork\libg.a(lib_a-memcpy.o)
__USBInit_from_arm                                c:/espardino/bin/../lib/gcc/arm-elf/4.4.0/../../../../arm-elf/lib/thumb/interwork\libg.a(lib_a-memcpy.o)
__USBRegisterDescriptors_from_arm                 c:/espardino/bin/../lib/gcc/arm-elf/4.4.0/../../../../arm-elf/lib/thumb/interwork\libg.a(lib_a-memcpy.o)
__USBRegisterRequestHandler_from_arm              c:/espardino/bin/../lib/gcc/arm-elf/4.4.0/../../../../arm-elf/lib/thumb/interwork\libg.a(lib_a-memcpy.o)
__VCOM_getchar_change_to_arm                      c:/espardino/bin/../lib/gcc/arm-elf/4.4.0/../../../../arm-elf/lib/thumb/interwork\libg.a(lib_a-memcpy.o)
__VCOM_getchar_from_thumb                         c:/espardino/bin/../lib/gcc/arm-elf/4.4.0/../../../../arm-elf/lib/thumb/interwork\libg.a(lib_a-memcpy.o)
__VCOM_init_change_to_arm                         c:/espardino/bin/../lib/gcc/arm-elf/4.4.0/../../../../arm-elf/lib/thumb/interwork\libg.a(lib_a-memcpy.o)
__VCOM_init_from_thumb                            c:/espardino/bin/../lib/gcc/arm-elf/4.4.0/../../../../arm-elf/lib/thumb/interwork\libg.a(lib_a-memcpy.o)
____adddf3_change_to_arm                          c:/espardino/bin/../lib/gcc/arm-elf/4.4.0/../../../../arm-elf/lib/thumb/interwork\libg.a(lib_a-memcpy.o)
____adddf3_from_thumb                             c:/espardino/bin/../lib/gcc/arm-elf/4.4.0/../../../../arm-elf/lib/thumb/interwork\libg.a(lib_a-memcpy.o)
____gtdf2_change_to_arm                           c:/espardino/bin/../lib/gcc/arm-elf/4.4.0/../../../../arm-elf/lib/thumb/interwork\libg.a(lib_a-memcpy.o)
____gtdf2_from_thumb                              c:/espardino/bin/../lib/gcc/arm-elf/4.4.0/../../../../arm-elf/lib/thumb/interwork\libg.a(lib_a-memcpy.o)
____udivsi3_from_arm                              c:/espardino/bin/../lib/gcc/arm-elf/4.4.0/../../../../arm-elf/lib/thumb/interwork\libg.a(lib_a-memcpy.o)
____umodsi3_from_arm                              c:/espardino/bin/../lib/gcc/arm-elf/4.4.0/../../../../arm-elf/lib/thumb/interwork\libg.a(lib_a-memcpy.o)
__adddf3                                          c:/espardino/bin/../lib/gcc/arm-elf/4.4.0/thumb/interwork\libgcc.a(_arm_addsubdf3.o)
                                                  c:/espardino/bin/../lib/gcc/arm-elf/4.4.0/../../../../arm-elf/lib/thumb/interwork\libm.a(lib_a-s_floor.o)
__aeabi_cdcmpeq                                   c:/espardino/bin/../lib/gcc/arm-elf/4.4.0/thumb/interwork\libgcc.a(_arm_cmpdf2.o)
__aeabi_cdcmple                                   c:/espardino/bin/../lib/gcc/arm-elf/4.4.0/thumb/interwork\libgcc.a(_arm_cmpdf2.o)
__aeabi_cdrcmple                                  c:/espardino/bin/../lib/gcc/arm-elf/4.4.0/thumb/interwork\libgcc.a(_arm_cmpdf2.o)
__aeabi_d2iz                                      c:/espardino/bin/../lib/gcc/arm-elf/4.4.0/thumb/interwork\libgcc.a(_arm_fixdfsi.o)
__aeabi_dadd                                      c:/espardino/bin/../lib/gcc/arm-elf/4.4.0/thumb/interwork\libgcc.a(_arm_addsubdf3.o)
__aeabi_dcmpeq                                    c:/espardino/bin/../lib/gcc/arm-elf/4.4.0/thumb/interwork\libgcc.a(_arm_cmpdf2.o)
__aeabi_dcmpge                                    c:/espardino/bin/../lib/gcc/arm-elf/4.4.0/thumb/interwork\libgcc.a(_arm_cmpdf2.o)
__aeabi_dcmpgt                                    c:/espardino/bin/../lib/gcc/arm-elf/4.4.0/thumb/interwork\libgcc.a(_arm_cmpdf2.o)
__aeabi_dcmple                                    c:/espardino/bin/../lib/gcc/arm-elf/4.4.0/thumb/interwork\libgcc.a(_arm_cmpdf2.o)
__aeabi_dcmplt                                    c:/espardino/bin/../lib/gcc/arm-elf/4.4.0/thumb/interwork\libgcc.a(_arm_cmpdf2.o)
__aeabi_ddiv                                      c:/espardino/bin/../lib/gcc/arm-elf/4.4.0/thumb/interwork\libgcc.a(_arm_muldivdf3.o)
__aeabi_dmul                                      c:/espardino/bin/../lib/gcc/arm-elf/4.4.0/thumb/interwork\libgcc.a(_arm_muldivdf3.o)
__aeabi_drsub                                     c:/espardino/bin/../lib/gcc/arm-elf/4.4.0/thumb/interwork\libgcc.a(_arm_addsubdf3.o)
__aeabi_dsub                                      c:/espardino/bin/../lib/gcc/arm-elf/4.4.0/thumb/interwork\libgcc.a(_arm_addsubdf3.o)
__aeabi_f2d                                       c:/espardino/bin/../lib/gcc/arm-elf/4.4.0/thumb/interwork\libgcc.a(_arm_addsubdf3.o)
__aeabi_i2d                                       c:/espardino/bin/../lib/gcc/arm-elf/4.4.0/thumb/interwork\libgcc.a(_arm_addsubdf3.o)
__aeabi_idiv0                                     c:/espardino/bin/../lib/gcc/arm-elf/4.4.0/thumb/interwork\libgcc.a(_dvmd_tls.o)
__aeabi_l2d                                       c:/espardino/bin/../lib/gcc/arm-elf/4.4.0/thumb/interwork\libgcc.a(_arm_addsubdf3.o)
__aeabi_ldiv0                                     c:/espardino/bin/../lib/gcc/arm-elf/4.4.0/thumb/interwork\libgcc.a(_dvmd_tls.o)
__aeabi_ui2d                                      c:/espardino/bin/../lib/gcc/arm-elf/4.4.0/thumb/interwork\libgcc.a(_arm_addsubdf3.o)
__aeabi_uidiv                                     c:/espardino/bin/../lib/gcc/arm-elf/4.4.0/thumb/interwork\libgcc.a(_udivsi3.o)
__aeabi_uidivmod                                  c:/espardino/bin/../lib/gcc/arm-elf/4.4.0/thumb/interwork\libgcc.a(_udivsi3.o)
__aeabi_ul2d                                      c:/espardino/bin/../lib/gcc/arm-elf/4.4.0/thumb/interwork\libgcc.a(_arm_addsubdf3.o)
__bss_end__                                       startup.o
__bss_start__                                     startup.o
__cmpdf2                                          c:/espardino/bin/../lib/gcc/arm-elf/4.4.0/thumb/interwork\libgcc.a(_arm_cmpdf2.o)
__ctors_end__                                     startup.o
__ctors_start__                                   startup.o
__div0                                            c:/espardino/bin/../lib/gcc/arm-elf/4.4.0/thumb/interwork\libgcc.a(_dvmd_tls.o)
                                                  c:/espardino/bin/../lib/gcc/arm-elf/4.4.0/thumb/interwork\libgcc.a(_umodsi3.o)
                                                  c:/espardino/bin/../lib/gcc/arm-elf/4.4.0/thumb/interwork\libgcc.a(_udivsi3.o)
__divdf3                                          c:/espardino/bin/../lib/gcc/arm-elf/4.4.0/thumb/interwork\libgcc.a(_arm_muldivdf3.o)
__eqdf2                                           c:/espardino/bin/../lib/gcc/arm-elf/4.4.0/thumb/interwork\libgcc.a(_arm_cmpdf2.o)
__exit_ARM                                        startup.o
__exit_THUMB                                      startup.o
__extendsfdf2                                     c:/espardino/bin/../lib/gcc/arm-elf/4.4.0/thumb/interwork\libgcc.a(_arm_addsubdf3.o)
__fifo_avail_from_arm                             c:/espardino/bin/../lib/gcc/arm-elf/4.4.0/../../../../arm-elf/lib/thumb/interwork\libg.a(lib_a-memcpy.o)
__fifo_free_from_arm                              c:/espardino/bin/../lib/gcc/arm-elf/4.4.0/../../../../arm-elf/lib/thumb/interwork\libg.a(lib_a-memcpy.o)
__fifo_get_from_arm                               c:/espardino/bin/../lib/gcc/arm-elf/4.4.0/../../../../arm-elf/lib/thumb/interwork\libg.a(lib_a-memcpy.o)
__fifo_init_from_arm                              c:/espardino/bin/../lib/gcc/arm-elf/4.4.0/../../../../arm-elf/lib/thumb/interwork\libg.a(lib_a-memcpy.o)
__fifo_put_from_arm                               c:/espardino/bin/../lib/gcc/arm-elf/4.4.0/../../../../arm-elf/lib/thumb/interwork\libg.a(lib_a-memcpy.o)
__fixdfsi                                         c:/espardino/bin/../lib/gcc/arm-elf/4.4.0/thumb/interwork\libgcc.a(_arm_fixdfsi.o)
                                                  c:/espardino/bin/../lib/gcc/arm-elf/4.4.0/../../../../arm-elf/lib\libmicro214x.a(miniprintf.o)
__floatdidf                                       c:/espardino/bin/../lib/gcc/arm-elf/4.4.0/thumb/interwork\libgcc.a(_arm_addsubdf3.o)
__floatsidf                                       c:/espardino/bin/../lib/gcc/arm-elf/4.4.0/thumb/interwork\libgcc.a(_arm_addsubdf3.o)
                                                  c:/espardino/bin/../lib/gcc/arm-elf/4.4.0/../../../../arm-elf/lib\libmicro214x.a(miniprintf.o)
__floatundidf                                     c:/espardino/bin/../lib/gcc/arm-elf/4.4.0/thumb/interwork\libgcc.a(_arm_addsubdf3.o)
__floatunsidf                                     c:/espardino/bin/../lib/gcc/arm-elf/4.4.0/thumb/interwork\libgcc.a(_arm_addsubdf3.o)
__floor_from_arm                                  c:/espardino/bin/../lib/gcc/arm-elf/4.4.0/../../../../arm-elf/lib/thumb/interwork\libg.a(lib_a-memcpy.o)
__gedf2                                           c:/espardino/bin/../lib/gcc/arm-elf/4.4.0/thumb/interwork\libgcc.a(_arm_cmpdf2.o)
__gtdf2                                           c:/espardino/bin/../lib/gcc/arm-elf/4.4.0/thumb/interwork\libgcc.a(_arm_cmpdf2.o)
                                                  c:/espardino/bin/../lib/gcc/arm-elf/4.4.0/../../../../arm-elf/lib/thumb/interwork\libm.a(lib_a-s_floor.o)
__ledf2                                           c:/espardino/bin/../lib/gcc/arm-elf/4.4.0/thumb/interwork\libgcc.a(_arm_cmpdf2.o)
__ltdf2                                           c:/espardino/bin/../lib/gcc/arm-elf/4.4.0/thumb/interwork\libgcc.a(_arm_cmpdf2.o)
                                                  c:/espardino/bin/../lib/gcc/arm-elf/4.4.0/../../../../arm-elf/lib\libmicro214x.a(miniprintf.o)
__memcpy_from_arm                                 c:/espardino/bin/../lib/gcc/arm-elf/4.4.0/../../../../arm-elf/lib/thumb/interwork\libg.a(lib_a-memcpy.o)
__muldf3                                          c:/espardino/bin/../lib/gcc/arm-elf/4.4.0/thumb/interwork\libgcc.a(_arm_muldivdf3.o)
                                                  c:/espardino/bin/../lib/gcc/arm-elf/4.4.0/../../../../arm-elf/lib\libmicro214x.a(miniprintf.o)
__nedf2                                           c:/espardino/bin/../lib/gcc/arm-elf/4.4.0/thumb/interwork\libgcc.a(_arm_cmpdf2.o)
__subdf3                                          c:/espardino/bin/../lib/gcc/arm-elf/4.4.0/thumb/interwork\libgcc.a(_arm_addsubdf3.o)
                                                  c:/espardino/bin/../lib/gcc/arm-elf/4.4.0/../../../../arm-elf/lib\libmicro214x.a(miniprintf.o)
__udivsi3                                         c:/espardino/bin/../lib/gcc/arm-elf/4.4.0/thumb/interwork\libgcc.a(_udivsi3.o)
                                                  c:/espardino/bin/../lib/gcc/arm-elf/4.4.0/../../../../arm-elf/lib\libmicro214x.a(miniprintf.o)
__umodsi3                                         c:/espardino/bin/../lib/gcc/arm-elf/4.4.0/thumb/interwork\libgcc.a(_umodsi3.o)
                                                  c:/espardino/bin/../lib/gcc/arm-elf/4.4.0/../../../../arm-elf/lib\libmicro214x.a(miniprintf.o)
__xprintf_change_to_arm                           c:/espardino/bin/../lib/gcc/arm-elf/4.4.0/../../../../arm-elf/lib/thumb/interwork\libg.a(lib_a-memcpy.o)
__xprintf_from_thumb                              c:/espardino/bin/../lib/gcc/arm-elf/4.4.0/../../../../arm-elf/lib/thumb/interwork\libg.a(lib_a-memcpy.o)
__xprintf_output_change_to_arm                    c:/espardino/bin/../lib/gcc/arm-elf/4.4.0/../../../../arm-elf/lib/thumb/interwork\libg.a(lib_a-memcpy.o)
__xprintf_output_from_thumb                       c:/espardino/bin/../lib/gcc/arm-elf/4.4.0/../../../../arm-elf/lib/thumb/interwork\libg.a(lib_a-memcpy.o)
_boot                                             startup.o
_data                                             startup.o
_edata                                            startup.o
_etext                                            startup.o
disableFIQ                                        c:/espardino/bin/../lib/gcc/arm-elf/4.4.0/../../../../arm-elf/lib/thumb/interwork\libvcom.a(armVIC.o)
disableIRQ                                        c:/espardino/bin/../lib/gcc/arm-elf/4.4.0/../../../../arm-elf/lib/thumb/interwork\libvcom.a(armVIC.o)
enableFIQ                                         c:/espardino/bin/../lib/gcc/arm-elf/4.4.0/../../../../arm-elf/lib/thumb/interwork\libvcom.a(armVIC.o)
enableIRQ                                         c:/espardino/bin/../lib/gcc/arm-elf/4.4.0/../../../../arm-elf/lib/thumb/interwork\libvcom.a(armVIC.o)
                                                  c:/espardino/bin/../lib/gcc/arm-elf/4.4.0/../../../../arm-elf/lib/thumb/interwork\libvcom.a(main_serial.o)
fifo_avail                                        c:/espardino/bin/../lib/gcc/arm-elf/4.4.0/../../../../arm-elf/lib/thumb/interwork\libvcom.a(serial_fifo.o)
                                                  c:/espardino/bin/../lib/gcc/arm-elf/4.4.0/../../../../arm-elf/lib/thumb/interwork\libvcom.a(main_serial.o)
fifo_free                                         c:/espardino/bin/../lib/gcc/arm-elf/4.4.0/../../../../arm-elf/lib/thumb/interwork\libvcom.a(serial_fifo.o)
                                                  c:/espardino/bin/../lib/gcc/arm-elf/4.4.0/../../../../arm-elf/lib/thumb/interwork\libvcom.a(main_serial.o)
fifo_get                                          c:/espardino/bin/../lib/gcc/arm-elf/4.4.0/../../../../arm-elf/lib/thumb/interwork\libvcom.a(serial_fifo.o)
                                                  c:/espardino/bin/../lib/gcc/arm-elf/4.4.0/../../../../arm-elf/lib/thumb/interwork\libvcom.a(main_serial.o)
fifo_init                                         c:/espardino/bin/../lib/gcc/arm-elf/4.4.0/../../../../arm-elf/lib/thumb/interwork\libvcom.a(serial_fifo.o)
                                                  c:/espardino/bin/../lib/gcc/arm-elf/4.4.0/../../../../arm-elf/lib/thumb/interwork\libvcom.a(main_serial.o)
fifo_put                                          c:/espardino/bin/../lib/gcc/arm-elf/4.4.0/../../../../arm-elf/lib/thumb/interwork\libvcom.a(serial_fifo.o)
                                                  c:/espardino/bin/../lib/gcc/arm-elf/4.4.0/../../../../arm-elf/lib/thumb/interwork\libvcom.a(main_serial.o)
floor                                             c:/espardino/bin/../lib/gcc/arm-elf/4.4.0/../../../../arm-elf/lib/thumb/interwork\libm.a(lib_a-s_floor.o)
                                                  c:/espardino/bin/../lib/gcc/arm-elf/4.4.0/../../../../arm-elf/lib\libmicro214x.a(miniprintf.o)
main                                              main.o
                                                  startup.o
memcpy                                            c:/espardino/bin/../lib/gcc/arm-elf/4.4.0/../../../../arm-elf/lib/thumb/interwork\libg.a(lib_a-memcpy.o)
                                                  c:/espardino/bin/../lib/gcc/arm-elf/4.4.0/../../../../arm-elf/lib/thumb/interwork\libvcom.a(main_serial.o)
print                                             c:/espardino/bin/../lib/gcc/arm-elf/4.4.0/../../../../arm-elf/lib\libmicro214x.a(miniprintf.o)
print_banner                                      main.o
restoreFIQ                                        c:/espardino/bin/../lib/gcc/arm-elf/4.4.0/../../../../arm-elf/lib/thumb/interwork\libvcom.a(armVIC.o)
restoreIRQ                                        c:/espardino/bin/../lib/gcc/arm-elf/4.4.0/../../../../arm-elf/lib/thumb/interwork\libvcom.a(armVIC.o)
xfprintf                                          c:/espardino/bin/../lib/gcc/arm-elf/4.4.0/../../../../arm-elf/lib\libmicro214x.a(miniprintf.o)
xprintf                                           c:/espardino/bin/../lib/gcc/arm-elf/4.4.0/../../../../arm-elf/lib\libmicro214x.a(miniprintf.o)
                                                  main.o
xprintf_output                                    c:/espardino/bin/../lib/gcc/arm-elf/4.4.0/../../../../arm-elf/lib\libmicro214x.a(miniprintf.o)
                                                  main.o
xputs                                             c:/espardino/bin/../lib/gcc/arm-elf/4.4.0/../../../../arm-elf/lib\libmicro214x.a(miniprintf.o)
xsprintf                                          c:/espardino/bin/../lib/gcc/arm-elf/4.4.0/../../../../arm-elf/lib\libmicro214x.a(miniprintf.o)
