Se incluyó el miembro del archivo debido al fichero (símbolo)

c:/espardino/bin/../lib/gcc/arm-elf/4.4.0/../../../../arm-elf/lib/thumb/interwork\libffs.a(ff.o)
                              main.o (f_mount)
c:/espardino/bin/../lib/gcc/arm-elf/4.4.0/../../../../arm-elf/lib/thumb/interwork\libffs.a(sd_spi_lpc2000.o)
                              c:/espardino/bin/../lib/gcc/arm-elf/4.4.0/../../../../arm-elf/lib/thumb/interwork\libffs.a(ff.o) (disk_status)
c:/espardino/bin/../lib/gcc/arm-elf/4.4.0/../../../../arm-elf/lib/thumb/interwork\libffs.a(ccsbcs.o)
                              c:/espardino/bin/../lib/gcc/arm-elf/4.4.0/../../../../arm-elf/lib/thumb/interwork\libffs.a(ff.o) (ff_convert)
c:/espardino/bin/../lib/gcc/arm-elf/4.4.0/../../../../arm-elf/lib/thumb/interwork\libffs.a(fattime.o)
                              c:/espardino/bin/../lib/gcc/arm-elf/4.4.0/../../../../arm-elf/lib/thumb/interwork\libffs.a(ff.o) (get_fattime)
c:/espardino/bin/../lib/gcc/arm-elf/4.4.0/../../../../arm-elf/lib/thumb/interwork\libvcom.a(main_serial.o)
                              main.o (VCOM_putchar)
c:/espardino/bin/../lib/gcc/arm-elf/4.4.0/../../../../arm-elf/lib/thumb/interwork\libvcom.a(usbhw_lpc.o)
                              c:/espardino/bin/../lib/gcc/arm-elf/4.4.0/../../../../arm-elf/lib/thumb/interwork\libvcom.a(main_serial.o) (USBHwRegisterEPIntHandler)
c:/espardino/bin/../lib/gcc/arm-elf/4.4.0/../../../../arm-elf/lib/thumb/interwork\libvcom.a(usbcontrol.o)
                              c:/espardino/bin/../lib/gcc/arm-elf/4.4.0/../../../../arm-elf/lib/thumb/interwork\libvcom.a(main_serial.o) (USBRegisterRequestHandler)
c:/espardino/bin/../lib/gcc/arm-elf/4.4.0/../../../../arm-elf/lib/thumb/interwork\libvcom.a(usbstdreq.o)
                              c:/espardino/bin/../lib/gcc/arm-elf/4.4.0/../../../../arm-elf/lib/thumb/interwork\libvcom.a(main_serial.o) (USBRegisterDescriptors)
c:/espardino/bin/../lib/gcc/arm-elf/4.4.0/../../../../arm-elf/lib/thumb/interwork\libvcom.a(usbinit.o)
                              c:/espardino/bin/../lib/gcc/arm-elf/4.4.0/../../../../arm-elf/lib/thumb/interwork\libvcom.a(main_serial.o) (USBInit)
c:/espardino/bin/../lib/gcc/arm-elf/4.4.0/../../../../arm-elf/lib/thumb/interwork\libvcom.a(serial_fifo.o)
                              c:/espardino/bin/../lib/gcc/arm-elf/4.4.0/../../../../arm-elf/lib/thumb/interwork\libvcom.a(main_serial.o) (fifo_init)
c:/espardino/bin/../lib/gcc/arm-elf/4.4.0/../../../../arm-elf/lib/thumb/interwork\libvcom.a(armVIC.o)
                              c:/espardino/bin/../lib/gcc/arm-elf/4.4.0/../../../../arm-elf/lib/thumb/interwork\libvcom.a(main_serial.o) (enableIRQ)
c:/espardino/bin/../lib/gcc/arm-elf/4.4.0/../../../../arm-elf/lib\libmicro214x.a(leds.o)
                              main.o (LEDS_init)
c:/espardino/bin/../lib/gcc/arm-elf/4.4.0/../../../../arm-elf/lib\libmicro214x.a(iolib.o)
                              c:/espardino/bin/../lib/gcc/arm-elf/4.4.0/../../../../arm-elf/lib/thumb/interwork\libffs.a(sd_spi_lpc2000.o) (IO_input)
c:/espardino/bin/../lib/gcc/arm-elf/4.4.0/../../../../arm-elf/lib\libmicro214x.a(rtc.o)
                              c:/espardino/bin/../lib/gcc/arm-elf/4.4.0/../../../../arm-elf/lib/thumb/interwork\libffs.a(fattime.o) (RTC_get)
c:/espardino/bin/../lib/gcc/arm-elf/4.4.0/../../../../arm-elf/lib\libmicro214x.a(miniprintf.o)
                              main.o (xprintf_output)
c:/espardino/bin/../lib/gcc/arm-elf/4.4.0/../../../../arm-elf/lib/thumb/interwork\libm.a(lib_a-s_floor.o)
                              c:/espardino/bin/../lib/gcc/arm-elf/4.4.0/../../../../arm-elf/lib\libmicro214x.a(miniprintf.o) (floor)
c:/espardino/bin/../lib/gcc/arm-elf/4.4.0/thumb/interwork\libgcc.a(_udivsi3.o)
                              c:/espardino/bin/../lib/gcc/arm-elf/4.4.0/../../../../arm-elf/lib/thumb/interwork\libffs.a(ff.o) (__udivsi3)
c:/espardino/bin/../lib/gcc/arm-elf/4.4.0/thumb/interwork\libgcc.a(_divsi3.o)
                              c:/espardino/bin/../lib/gcc/arm-elf/4.4.0/../../../../arm-elf/lib/thumb/interwork\libffs.a(ff.o) (__divsi3)
c:/espardino/bin/../lib/gcc/arm-elf/4.4.0/thumb/interwork\libgcc.a(_umodsi3.o)
                              c:/espardino/bin/../lib/gcc/arm-elf/4.4.0/../../../../arm-elf/lib/thumb/interwork\libffs.a(ff.o) (__umodsi3)
c:/espardino/bin/../lib/gcc/arm-elf/4.4.0/thumb/interwork\libgcc.a(_dvmd_tls.o)
                              c:/espardino/bin/../lib/gcc/arm-elf/4.4.0/thumb/interwork\libgcc.a(_udivsi3.o) (__div0)
c:/espardino/bin/../lib/gcc/arm-elf/4.4.0/thumb/interwork\libgcc.a(_arm_addsubdf3.o)
                              c:/espardino/bin/../lib/gcc/arm-elf/4.4.0/../../../../arm-elf/lib\libmicro214x.a(miniprintf.o) (__subdf3)
c:/espardino/bin/../lib/gcc/arm-elf/4.4.0/thumb/interwork\libgcc.a(_arm_muldivdf3.o)
                              c:/espardino/bin/../lib/gcc/arm-elf/4.4.0/../../../../arm-elf/lib\libmicro214x.a(miniprintf.o) (__muldf3)
c:/espardino/bin/../lib/gcc/arm-elf/4.4.0/thumb/interwork\libgcc.a(_arm_cmpdf2.o)
                              c:/espardino/bin/../lib/gcc/arm-elf/4.4.0/../../../../arm-elf/lib/thumb/interwork\libm.a(lib_a-s_floor.o) (__gtdf2)
c:/espardino/bin/../lib/gcc/arm-elf/4.4.0/thumb/interwork\libgcc.a(_arm_fixdfsi.o)
                              c:/espardino/bin/../lib/gcc/arm-elf/4.4.0/../../../../arm-elf/lib\libmicro214x.a(miniprintf.o) (__fixdfsi)
c:/espardino/bin/../lib/gcc/arm-elf/4.4.0/../../../../arm-elf/lib/thumb/interwork\libg.a(lib_a-memcpy.o)
                              c:/espardino/bin/../lib/gcc/arm-elf/4.4.0/../../../../arm-elf/lib/thumb/interwork\libvcom.a(main_serial.o) (memcpy)

Asignando símbolos comunes
Símbolo común       tamaño            fichero

Finfo               0x20              main.o
acc_dirs            0x2               main.o
acc_files           0x2               main.o

Configuración de la Memoria

Nombre           Origen             Longitud           Atributos
ROM              0x00002000         0x0007a000         xr
RAM              0x40000000         0x00008000         rw
*default*        0x00000000         0xffffffff

Guión del enlazador y mapa de memoria

LOAD startup.o
LOAD main.o
LOAD c:/espardino/bin/../lib/gcc/arm-elf/4.4.0/../../../../arm-elf/lib/thumb/interwork\libc.a
LOAD c:/espardino/bin/../lib/gcc/arm-elf/4.4.0/../../../../arm-elf/lib/thumb/interwork\libm.a
LOAD c:/espardino/bin/../lib/gcc/arm-elf/4.4.0/../../../../arm-elf/lib/thumb/interwork\libc.a
LOAD c:/espardino/bin/../lib/gcc/arm-elf/4.4.0/thumb/interwork\libgcc.a
LOAD c:/espardino/bin/../lib/gcc/arm-elf/4.4.0/../../../../arm-elf/lib/thumb/interwork\libstdc++.a
LOAD c:/espardino/bin/../lib/gcc/arm-elf/4.4.0/../../../../arm-elf/lib/thumb/interwork\libffs.a
LOAD c:/espardino/bin/../lib/gcc/arm-elf/4.4.0/../../../../arm-elf/lib/thumb/interwork\libvcom.a
LOAD c:/espardino/bin/../lib/gcc/arm-elf/4.4.0/../../../../arm-elf/lib\libmicro214x.a
LOAD c:/espardino/bin/../lib/gcc/arm-elf/4.4.0/../../../../arm-elf/lib/thumb/interwork\libm.a
START GROUP
LOAD c:/espardino/bin/../lib/gcc/arm-elf/4.4.0/thumb/interwork\libgcc.a
LOAD c:/espardino/bin/../lib/gcc/arm-elf/4.4.0/../../../../arm-elf/lib/thumb/interwork\libg.a
LOAD c:/espardino/bin/../lib/gcc/arm-elf/4.4.0/../../../../arm-elf/lib/thumb/interwork\libc.a
END GROUP
                0x00000010                STACK_SIZE = 0x10
                0x00008000                RAM_LENGTH = 0x8000

.startup        0x00002000      0x1b4
 *startup.o(.text)
 .text          0x00002000      0x1b4 startup.o
                0x00002000                _boot
                0x00002178                __exit_THUMB
                0x00002174                __exit_ARM

.text           0x000021b4     0x6102
 *(.init)
 *(.text .text.*)
 .text          0x000021b4       0x9c main.o
                0x000021b4                main
 .text          0x00002250     0x2800 c:/espardino/bin/../lib/gcc/arm-elf/4.4.0/../../../../arm-elf/lib/thumb/interwork\libffs.a(ff.o)
                0x00004594                f_rename
                0x00003118                f_truncate
                0x00002250                gen_numname
                0x0000420c                f_unlink
                0x000036a8                f_close
                0x00003a20                f_read
                0x00003ce0                f_readdir
                0x000041a8                f_chmod
                0x00003608                f_sync
                0x00002314                f_mkfs
                0x000022e8                f_mount
                0x0000431c                f_opendir
                0x000036bc                f_lseek
                0x000042c8                f_stat
                0x00004144                f_utime
                0x0000383c                f_write
                0x000048e0                f_open
                0x000046dc                f_mkdir
                0x00003528                f_getfree
 .text          0x00004a50      0x9bc c:/espardino/bin/../lib/gcc/arm-elf/4.4.0/../../../../arm-elf/lib/thumb/interwork\libffs.a(sd_spi_lpc2000.o)
                0x0000528c                disk_initialize
                0x00004bf8                disk_status
                0x0000500c                disk_ioctl
                0x00004ec0                disk_write
                0x00004f70                disk_read
 .text          0x0000540c       0x74 c:/espardino/bin/../lib/gcc/arm-elf/4.4.0/../../../../arm-elf/lib/thumb/interwork\libffs.a(ccsbcs.o)
                0x00005450                ff_wtoupper
                0x0000540c                ff_convert
 .text          0x00005480       0x54 c:/espardino/bin/../lib/gcc/arm-elf/4.4.0/../../../../arm-elf/lib/thumb/interwork\libffs.a(fattime.o)
                0x00005480                get_fattime
 .text          0x000054d4      0x3b0 c:/espardino/bin/../lib/gcc/arm-elf/4.4.0/../../../../arm-elf/lib/thumb/interwork\libvcom.a(main_serial.o)
                0x000057a0                VCOM_init_internal
                0x00005514                VCOM_kbhit
                0x00005598                VCOM_putchar
                0x000055f4                VCOM_putchar_nl
                0x0000569c                VCOM_getchar_nonblock
                0x00005648                VCOM_putchar_nonblock_nl
                0x0000561c                VCOM_putchar_nonblock
                0x000055c8                VCOM_puts
                0x00005670                VCOM_getchar
                0x000057cc                VCOM_init
 .text          0x00005884      0x650 c:/espardino/bin/../lib/gcc/arm-elf/4.4.0/../../../../arm-elf/lib/thumb/interwork\libvcom.a(usbhw_lpc.o)
                0x00005bb8                USBHwEPRead
                0x00005ccc                USBHwISR
                0x00005b1c                USBHwEPWrite
                0x00005884                USBHwEPConfig
                0x00005970                USBHwSetAddress
                0x000059c4                USBHwConnect
                0x00005ab8                USBHwEPStall
                0x00005940                USBHwRegisterDevIntHandler
                0x0000590c                USBHwRegisterEPIntHandler
                0x00005c80                USBHwConfigDevice
                0x00005a10                USBHwNakIntEnable
                0x00005df4                USBHwInit
                0x00005958                USBHwRegisterFrameHandler
                0x00005a5c                USBHwEPGetStatus
 .text          0x00005ed4      0x130 c:/espardino/bin/../lib/gcc/arm-elf/4.4.0/../../../../arm-elf/lib/thumb/interwork\libvcom.a(usbcontrol.o)
                0x00005f24                USBHandleControlTransfer
                0x00005ed4                USBRegisterRequestHandler
 .text          0x00006004      0x1b0 c:/espardino/bin/../lib/gcc/arm-elf/4.4.0/../../../../arm-elf/lib/thumb/interwork\libvcom.a(usbstdreq.o)
                0x00006010                USBGetDescriptor
                0x0000605c                USBRegisterCustomReqHandler
                0x00006004                USBRegisterDescriptors
                0x00006068                USBHandleStandardRequest
 .text          0x000061b4       0x54 c:/espardino/bin/../lib/gcc/arm-elf/4.4.0/../../../../arm-elf/lib/thumb/interwork\libvcom.a(usbinit.o)
                0x000061b8                USBInit
 .text          0x00006208       0xb8 c:/espardino/bin/../lib/gcc/arm-elf/4.4.0/../../../../arm-elf/lib/thumb/interwork\libvcom.a(serial_fifo.o)
                0x0000627c                fifo_avail
                0x00006214                fifo_put
                0x00006208                fifo_init
                0x0000624c                fifo_get
                0x0000629c                fifo_free
 .text          0x000062c0       0x78 c:/espardino/bin/../lib/gcc/arm-elf/4.4.0/../../../../arm-elf/lib/thumb/interwork\libvcom.a(armVIC.o)
                0x000062d0                restoreIRQ
                0x00006328                enableFIQ
                0x000062fc                disableFIQ
                0x000062ec                enableIRQ
                0x0000630c                restoreFIQ
                0x000062c0                disableIRQ
 .text          0x00006338       0x64 c:/espardino/bin/../lib/gcc/arm-elf/4.4.0/../../../../arm-elf/lib\libmicro214x.a(leds.o)
                0x0000636c                LEDS_on
                0x00006338                LEDS_init
                0x0000633c                LEDS_off
 .text          0x0000639c      0x168 c:/espardino/bin/../lib/gcc/arm-elf/4.4.0/../../../../arm-elf/lib\libmicro214x.a(iolib.o)
                0x0000639c                IO_init
                0x000064e0                IO_output_low
                0x00006438                IO_output
                0x000064ec                IO_output_high
                0x000063bc                IO_input
                0x000064f8                IO_get_mode
 .text          0x00006504       0x90 c:/espardino/bin/../lib/gcc/arm-elf/4.4.0/../../../../arm-elf/lib\libmicro214x.a(rtc.o)
                0x00006554                RTC_set
                0x00006504                RTC_get
 .text          0x00006594      0x6b8 c:/espardino/bin/../lib/gcc/arm-elf/4.4.0/../../../../arm-elf/lib\libmicro214x.a(miniprintf.o)
                0x00006858                print
                0x00006594                xprintf_output
                0x00006c2c                xprintf
                0x00006600                xputs
                0x00006c04                xsprintf
                0x00006bdc                xfprintf
 .text          0x00006c4c      0x150 c:/espardino/bin/../lib/gcc/arm-elf/4.4.0/../../../../arm-elf/lib/thumb/interwork\libm.a(lib_a-s_floor.o)
                0x00006c4c                floor
 .text          0x00006d9c       0x8c c:/espardino/bin/../lib/gcc/arm-elf/4.4.0/thumb/interwork\libgcc.a(_udivsi3.o)
                0x00006d9c                __udivsi3
                0x00006d9c                __aeabi_uidiv
                0x00006e18                __aeabi_uidivmod
 .text          0x00006e28       0xa4 c:/espardino/bin/../lib/gcc/arm-elf/4.4.0/thumb/interwork\libgcc.a(_divsi3.o)
                0x00006e28                __aeabi_idiv
                0x00006e28                __divsi3
                0x00006ebc                __aeabi_idivmod
 .text          0x00006ecc       0xc8 c:/espardino/bin/../lib/gcc/arm-elf/4.4.0/thumb/interwork\libgcc.a(_umodsi3.o)
                0x00006ecc                __umodsi3
 .text          0x00006f94        0x4 c:/espardino/bin/../lib/gcc/arm-elf/4.4.0/thumb/interwork\libgcc.a(_dvmd_tls.o)
                0x00006f94                __aeabi_ldiv0
                0x00006f94                __div0
                0x00006f94                __aeabi_idiv0
 .text          0x00006f98      0x430 c:/espardino/bin/../lib/gcc/arm-elf/4.4.0/thumb/interwork\libgcc.a(_arm_addsubdf3.o)
                0x0000735c                __floatdidf
                0x000072dc                __floatsidf
                0x000072b4                __aeabi_ui2d
                0x00006f98                __aeabi_drsub
                0x00007308                __extendsfdf2
                0x00006fa4                __adddf3
                0x000072b4                __floatunsidf
                0x00006fa4                __aeabi_dadd
                0x00007348                __aeabi_ul2d
                0x00006fa0                __aeabi_dsub
                0x00007348                __floatundidf
                0x000072dc                __aeabi_i2d
                0x0000735c                __aeabi_l2d
                0x00007308                __aeabi_f2d
                0x00006fa0                __subdf3
 .text          0x000073c8      0x49c c:/espardino/bin/../lib/gcc/arm-elf/4.4.0/thumb/interwork\libgcc.a(_arm_muldivdf3.o)
                0x00007658                __aeabi_ddiv
                0x000073c8                __aeabi_dmul
                0x00007658                __divdf3
                0x000073c8                __muldf3
 .text          0x00007864      0x140 c:/espardino/bin/../lib/gcc/arm-elf/4.4.0/thumb/interwork\libgcc.a(_arm_cmpdf2.o)
                0x0000795c                __aeabi_dcmple
                0x00007874                __cmpdf2
                0x00007874                __eqdf2
                0x00007864                __gtdf2
                0x00007914                __aeabi_cdcmple
                0x000078f8                __aeabi_cdrcmple
                0x0000786c                __ltdf2
                0x00007944                __aeabi_dcmplt
                0x0000786c                __ledf2
                0x0000798c                __aeabi_dcmpgt
                0x00007974                __aeabi_dcmpge
                0x00007874                __nedf2
                0x0000792c                __aeabi_dcmpeq
                0x00007914                __aeabi_cdcmpeq
                0x00007864                __gedf2
 .text          0x000079a4       0x5c c:/espardino/bin/../lib/gcc/arm-elf/4.4.0/thumb/interwork\libgcc.a(_arm_fixdfsi.o)
                0x000079a4                __fixdfsi
                0x000079a4                __aeabi_d2iz
 .text          0x00007a00       0x80 c:/espardino/bin/../lib/gcc/arm-elf/4.4.0/../../../../arm-elf/lib/thumb/interwork\libg.a(lib_a-memcpy.o)
                0x00007a00                memcpy
 *(.gnu.linkonce.t.*)
 *(.gcc_except_table)
 *(.glue_7)
 .glue_7        0x00007a80        0x0 startup.o
 .glue_7        0x00007a80        0x0 main.o
 .glue_7        0x00007a80        0x0 c:/espardino/bin/../lib/gcc/arm-elf/4.4.0/../../../../arm-elf/lib/thumb/interwork\libffs.a(ff.o)
 .glue_7        0x00007a80        0x0 c:/espardino/bin/../lib/gcc/arm-elf/4.4.0/../../../../arm-elf/lib/thumb/interwork\libffs.a(sd_spi_lpc2000.o)
 .glue_7        0x00007a80        0x0 c:/espardino/bin/../lib/gcc/arm-elf/4.4.0/../../../../arm-elf/lib/thumb/interwork\libffs.a(ccsbcs.o)
 .glue_7        0x00007a80        0x0 c:/espardino/bin/../lib/gcc/arm-elf/4.4.0/../../../../arm-elf/lib/thumb/interwork\libffs.a(fattime.o)
 .glue_7        0x00007a80        0x0 c:/espardino/bin/../lib/gcc/arm-elf/4.4.0/../../../../arm-elf/lib/thumb/interwork\libvcom.a(main_serial.o)
 .glue_7        0x00007a80        0x0 c:/espardino/bin/../lib/gcc/arm-elf/4.4.0/../../../../arm-elf/lib/thumb/interwork\libvcom.a(usbhw_lpc.o)
 .glue_7        0x00007a80        0x0 c:/espardino/bin/../lib/gcc/arm-elf/4.4.0/../../../../arm-elf/lib/thumb/interwork\libvcom.a(usbcontrol.o)
 .glue_7        0x00007a80        0x0 c:/espardino/bin/../lib/gcc/arm-elf/4.4.0/../../../../arm-elf/lib/thumb/interwork\libvcom.a(usbstdreq.o)
 .glue_7        0x00007a80        0x0 c:/espardino/bin/../lib/gcc/arm-elf/4.4.0/../../../../arm-elf/lib/thumb/interwork\libvcom.a(usbinit.o)
 .glue_7        0x00007a80        0x0 c:/espardino/bin/../lib/gcc/arm-elf/4.4.0/../../../../arm-elf/lib/thumb/interwork\libvcom.a(serial_fifo.o)
 .glue_7        0x00007a80        0x0 c:/espardino/bin/../lib/gcc/arm-elf/4.4.0/../../../../arm-elf/lib/thumb/interwork\libvcom.a(armVIC.o)
 .glue_7        0x00007a80        0x0 c:/espardino/bin/../lib/gcc/arm-elf/4.4.0/../../../../arm-elf/lib\libmicro214x.a(leds.o)
 .glue_7        0x00007a80        0x0 c:/espardino/bin/../lib/gcc/arm-elf/4.4.0/../../../../arm-elf/lib\libmicro214x.a(iolib.o)
 .glue_7        0x00007a80        0x0 c:/espardino/bin/../lib/gcc/arm-elf/4.4.0/../../../../arm-elf/lib\libmicro214x.a(rtc.o)
 .glue_7        0x00007a80        0x0 c:/espardino/bin/../lib/gcc/arm-elf/4.4.0/../../../../arm-elf/lib\libmicro214x.a(miniprintf.o)
 .glue_7        0x00007a80        0x0 c:/espardino/bin/../lib/gcc/arm-elf/4.4.0/../../../../arm-elf/lib/thumb/interwork\libm.a(lib_a-s_floor.o)
 .glue_7        0x00007a80        0x0 c:/espardino/bin/../lib/gcc/arm-elf/4.4.0/thumb/interwork\libgcc.a(_udivsi3.o)
 .glue_7        0x00007a80        0x0 c:/espardino/bin/../lib/gcc/arm-elf/4.4.0/thumb/interwork\libgcc.a(_divsi3.o)
 .glue_7        0x00007a80        0x0 c:/espardino/bin/../lib/gcc/arm-elf/4.4.0/thumb/interwork\libgcc.a(_umodsi3.o)
 .glue_7        0x00007a80        0x0 c:/espardino/bin/../lib/gcc/arm-elf/4.4.0/thumb/interwork\libgcc.a(_dvmd_tls.o)
 .glue_7        0x00007a80        0x0 c:/espardino/bin/../lib/gcc/arm-elf/4.4.0/thumb/interwork\libgcc.a(_arm_addsubdf3.o)
 .glue_7        0x00007a80        0x0 c:/espardino/bin/../lib/gcc/arm-elf/4.4.0/thumb/interwork\libgcc.a(_arm_muldivdf3.o)
 .glue_7        0x00007a80        0x0 c:/espardino/bin/../lib/gcc/arm-elf/4.4.0/thumb/interwork\libgcc.a(_arm_cmpdf2.o)
 .glue_7        0x00007a80        0x0 c:/espardino/bin/../lib/gcc/arm-elf/4.4.0/thumb/interwork\libgcc.a(_arm_fixdfsi.o)
 .glue_7        0x00007a80       0xe4 c:/espardino/bin/../lib/gcc/arm-elf/4.4.0/../../../../arm-elf/lib/thumb/interwork\libg.a(lib_a-memcpy.o)
                0x00007a80                __USBHwISR_from_arm
                0x00007b34                __USBHwConnect_from_arm
                0x00007ac8                __fifo_get_from_arm
                0x00007ad4                __USBHwEPWrite_from_arm
                0x00007aec                __fifo_init_from_arm
                0x00007a98                __USBHwNakIntEnable_from_arm
                0x00007b40                ____umodsi3_from_arm
                0x00007b4c                ____udivsi3_from_arm
                0x00007a8c                __fifo_avail_from_arm
                0x00007af8                __USBInit_from_arm
                0x00007ae0                __memcpy_from_arm
                0x00007b28                __USBHwRegisterFrameHandler_from_arm
                0x00007b04                __USBRegisterDescriptors_from_arm
                0x00007b10                __USBRegisterRequestHandler_from_arm
                0x00007b58                __floor_from_arm
                0x00007abc                __fifo_put_from_arm
                0x00007ab0                __USBHwEPRead_from_arm
                0x00007aa4                __fifo_free_from_arm
                0x00007b1c                __USBHwRegisterEPIntHandler_from_arm
 *(.glue_7t)
 .glue_7t       0x00007b64        0x0 startup.o
 .glue_7t       0x00007b64        0x0 main.o
 .glue_7t       0x00007b64        0x0 c:/espardino/bin/../lib/gcc/arm-elf/4.4.0/../../../../arm-elf/lib/thumb/interwork\libffs.a(ff.o)
 .glue_7t       0x00007b64        0x0 c:/espardino/bin/../lib/gcc/arm-elf/4.4.0/../../../../arm-elf/lib/thumb/interwork\libffs.a(sd_spi_lpc2000.o)
 .glue_7t       0x00007b64        0x0 c:/espardino/bin/../lib/gcc/arm-elf/4.4.0/../../../../arm-elf/lib/thumb/interwork\libffs.a(ccsbcs.o)
 .glue_7t       0x00007b64        0x0 c:/espardino/bin/../lib/gcc/arm-elf/4.4.0/../../../../arm-elf/lib/thumb/interwork\libffs.a(fattime.o)
 .glue_7t       0x00007b64        0x0 c:/espardino/bin/../lib/gcc/arm-elf/4.4.0/../../../../arm-elf/lib/thumb/interwork\libvcom.a(main_serial.o)
 .glue_7t       0x00007b64        0x0 c:/espardino/bin/../lib/gcc/arm-elf/4.4.0/../../../../arm-elf/lib/thumb/interwork\libvcom.a(usbhw_lpc.o)
 .glue_7t       0x00007b64        0x0 c:/espardino/bin/../lib/gcc/arm-elf/4.4.0/../../../../arm-elf/lib/thumb/interwork\libvcom.a(usbcontrol.o)
 .glue_7t       0x00007b64        0x0 c:/espardino/bin/../lib/gcc/arm-elf/4.4.0/../../../../arm-elf/lib/thumb/interwork\libvcom.a(usbstdreq.o)
 .glue_7t       0x00007b64        0x0 c:/espardino/bin/../lib/gcc/arm-elf/4.4.0/../../../../arm-elf/lib/thumb/interwork\libvcom.a(usbinit.o)
 .glue_7t       0x00007b64        0x0 c:/espardino/bin/../lib/gcc/arm-elf/4.4.0/../../../../arm-elf/lib/thumb/interwork\libvcom.a(serial_fifo.o)
 .glue_7t       0x00007b64        0x0 c:/espardino/bin/../lib/gcc/arm-elf/4.4.0/../../../../arm-elf/lib/thumb/interwork\libvcom.a(armVIC.o)
 .glue_7t       0x00007b64        0x0 c:/espardino/bin/../lib/gcc/arm-elf/4.4.0/../../../../arm-elf/lib\libmicro214x.a(leds.o)
 .glue_7t       0x00007b64        0x0 c:/espardino/bin/../lib/gcc/arm-elf/4.4.0/../../../../arm-elf/lib\libmicro214x.a(iolib.o)
 .glue_7t       0x00007b64        0x0 c:/espardino/bin/../lib/gcc/arm-elf/4.4.0/../../../../arm-elf/lib\libmicro214x.a(rtc.o)
 .glue_7t       0x00007b64        0x0 c:/espardino/bin/../lib/gcc/arm-elf/4.4.0/../../../../arm-elf/lib\libmicro214x.a(miniprintf.o)
 .glue_7t       0x00007b64        0x0 c:/espardino/bin/../lib/gcc/arm-elf/4.4.0/../../../../arm-elf/lib/thumb/interwork\libm.a(lib_a-s_floor.o)
 .glue_7t       0x00007b64        0x0 c:/espardino/bin/../lib/gcc/arm-elf/4.4.0/thumb/interwork\libgcc.a(_udivsi3.o)
 .glue_7t       0x00007b64        0x0 c:/espardino/bin/../lib/gcc/arm-elf/4.4.0/thumb/interwork\libgcc.a(_divsi3.o)
 .glue_7t       0x00007b64        0x0 c:/espardino/bin/../lib/gcc/arm-elf/4.4.0/thumb/interwork\libgcc.a(_umodsi3.o)
 .glue_7t       0x00007b64        0x0 c:/espardino/bin/../lib/gcc/arm-elf/4.4.0/thumb/interwork\libgcc.a(_dvmd_tls.o)
 .glue_7t       0x00007b64        0x0 c:/espardino/bin/../lib/gcc/arm-elf/4.4.0/thumb/interwork\libgcc.a(_arm_addsubdf3.o)
 .glue_7t       0x00007b64        0x0 c:/espardino/bin/../lib/gcc/arm-elf/4.4.0/thumb/interwork\libgcc.a(_arm_muldivdf3.o)
 .glue_7t       0x00007b64        0x0 c:/espardino/bin/../lib/gcc/arm-elf/4.4.0/thumb/interwork\libgcc.a(_arm_cmpdf2.o)
 .glue_7t       0x00007b64        0x0 c:/espardino/bin/../lib/gcc/arm-elf/4.4.0/thumb/interwork\libgcc.a(_arm_fixdfsi.o)
 .glue_7t       0x00007b64       0x38 c:/espardino/bin/../lib/gcc/arm-elf/4.4.0/../../../../arm-elf/lib/thumb/interwork\libg.a(lib_a-memcpy.o)
                0x00007b94                ____gtdf2_from_thumb
                0x00007b78                __xprintf_change_to_arm
                0x00007b84                __VCOM_putchar_from_thumb
                0x00007b80                __VCOM_getchar_change_to_arm
                0x00007b90                ____adddf3_change_to_arm
                0x00007b98                ____gtdf2_change_to_arm
                0x00007b6c                __xprintf_output_from_thumb
                0x00007b8c                ____adddf3_from_thumb
                0x00007b88                __VCOM_putchar_change_to_arm
                0x00007b64                __VCOM_init_from_thumb
                0x00007b74                __xprintf_from_thumb
                0x00007b68                __VCOM_init_change_to_arm
                0x00007b7c                __VCOM_getchar_from_thumb
                0x00007b70                __xprintf_output_change_to_arm
 *(.rodata)
 .rodata        0x00007b9c       0xd8 c:/espardino/bin/../lib/gcc/arm-elf/4.4.0/../../../../arm-elf/lib/thumb/interwork\libffs.a(ff.o)
 .rodata        0x00007c74       0x3c c:/espardino/bin/../lib/gcc/arm-elf/4.4.0/../../../../arm-elf/lib/thumb/interwork\libffs.a(sd_spi_lpc2000.o)
 .rodata        0x00007cb0      0x4c0 c:/espardino/bin/../lib/gcc/arm-elf/4.4.0/../../../../arm-elf/lib/thumb/interwork\libffs.a(ccsbcs.o)
 .rodata        0x00008170       0x90 c:/espardino/bin/../lib/gcc/arm-elf/4.4.0/../../../../arm-elf/lib/thumb/interwork\libvcom.a(main_serial.o)
 .rodata        0x00008200       0x28 c:/espardino/bin/../lib/gcc/arm-elf/4.4.0/../../../../arm-elf/lib/thumb/interwork\libvcom.a(usbstdreq.o)
 *(.rodata*)
 .rodata.str1.1
                0x00008228       0x4f main.o
 .rodata.str1.1
                0x00008277       0x38 c:/espardino/bin/../lib/gcc/arm-elf/4.4.0/../../../../arm-elf/lib/thumb/interwork\libffs.a(ff.o)
 .rodata.str1.1
                0x000082af        0x7 c:/espardino/bin/../lib/gcc/arm-elf/4.4.0/../../../../arm-elf/lib\libmicro214x.a(miniprintf.o)
 *(.gnu.linkonce.r.*)

.eh_frame       0x000082b8       0x38
 .eh_frame      0x000082b8       0x38 main.o

.vfp11_veneer   0x000082f0        0x0
 .vfp11_veneer  0x000082f0        0x0 startup.o
 .vfp11_veneer  0x000082f0        0x0 main.o
 .vfp11_veneer  0x000082f0        0x0 c:/espardino/bin/../lib/gcc/arm-elf/4.4.0/../../../../arm-elf/lib/thumb/interwork\libffs.a(ff.o)
 .vfp11_veneer  0x000082f0        0x0 c:/espardino/bin/../lib/gcc/arm-elf/4.4.0/../../../../arm-elf/lib/thumb/interwork\libffs.a(sd_spi_lpc2000.o)
 .vfp11_veneer  0x000082f0        0x0 c:/espardino/bin/../lib/gcc/arm-elf/4.4.0/../../../../arm-elf/lib/thumb/interwork\libffs.a(ccsbcs.o)
 .vfp11_veneer  0x000082f0        0x0 c:/espardino/bin/../lib/gcc/arm-elf/4.4.0/../../../../arm-elf/lib/thumb/interwork\libffs.a(fattime.o)
 .vfp11_veneer  0x000082f0        0x0 c:/espardino/bin/../lib/gcc/arm-elf/4.4.0/../../../../arm-elf/lib/thumb/interwork\libvcom.a(main_serial.o)
 .vfp11_veneer  0x000082f0        0x0 c:/espardino/bin/../lib/gcc/arm-elf/4.4.0/../../../../arm-elf/lib/thumb/interwork\libvcom.a(usbhw_lpc.o)
 .vfp11_veneer  0x000082f0        0x0 c:/espardino/bin/../lib/gcc/arm-elf/4.4.0/../../../../arm-elf/lib/thumb/interwork\libvcom.a(usbcontrol.o)
 .vfp11_veneer  0x000082f0        0x0 c:/espardino/bin/../lib/gcc/arm-elf/4.4.0/../../../../arm-elf/lib/thumb/interwork\libvcom.a(usbstdreq.o)
 .vfp11_veneer  0x000082f0        0x0 c:/espardino/bin/../lib/gcc/arm-elf/4.4.0/../../../../arm-elf/lib/thumb/interwork\libvcom.a(usbinit.o)
 .vfp11_veneer  0x000082f0        0x0 c:/espardino/bin/../lib/gcc/arm-elf/4.4.0/../../../../arm-elf/lib/thumb/interwork\libvcom.a(serial_fifo.o)
 .vfp11_veneer  0x000082f0        0x0 c:/espardino/bin/../lib/gcc/arm-elf/4.4.0/../../../../arm-elf/lib/thumb/interwork\libvcom.a(armVIC.o)
 .vfp11_veneer  0x000082f0        0x0 c:/espardino/bin/../lib/gcc/arm-elf/4.4.0/../../../../arm-elf/lib\libmicro214x.a(leds.o)
 .vfp11_veneer  0x000082f0        0x0 c:/espardino/bin/../lib/gcc/arm-elf/4.4.0/../../../../arm-elf/lib\libmicro214x.a(iolib.o)
 .vfp11_veneer  0x000082f0        0x0 c:/espardino/bin/../lib/gcc/arm-elf/4.4.0/../../../../arm-elf/lib\libmicro214x.a(rtc.o)
 .vfp11_veneer  0x000082f0        0x0 c:/espardino/bin/../lib/gcc/arm-elf/4.4.0/../../../../arm-elf/lib\libmicro214x.a(miniprintf.o)
 .vfp11_veneer  0x000082f0        0x0 c:/espardino/bin/../lib/gcc/arm-elf/4.4.0/../../../../arm-elf/lib/thumb/interwork\libm.a(lib_a-s_floor.o)
 .vfp11_veneer  0x000082f0        0x0 c:/espardino/bin/../lib/gcc/arm-elf/4.4.0/thumb/interwork\libgcc.a(_udivsi3.o)
 .vfp11_veneer  0x000082f0        0x0 c:/espardino/bin/../lib/gcc/arm-elf/4.4.0/thumb/interwork\libgcc.a(_divsi3.o)
 .vfp11_veneer  0x000082f0        0x0 c:/espardino/bin/../lib/gcc/arm-elf/4.4.0/thumb/interwork\libgcc.a(_umodsi3.o)
 .vfp11_veneer  0x000082f0        0x0 c:/espardino/bin/../lib/gcc/arm-elf/4.4.0/thumb/interwork\libgcc.a(_dvmd_tls.o)
 .vfp11_veneer  0x000082f0        0x0 c:/espardino/bin/../lib/gcc/arm-elf/4.4.0/thumb/interwork\libgcc.a(_arm_addsubdf3.o)
 .vfp11_veneer  0x000082f0        0x0 c:/espardino/bin/../lib/gcc/arm-elf/4.4.0/thumb/interwork\libgcc.a(_arm_muldivdf3.o)
 .vfp11_veneer  0x000082f0        0x0 c:/espardino/bin/../lib/gcc/arm-elf/4.4.0/thumb/interwork\libgcc.a(_arm_cmpdf2.o)
 .vfp11_veneer  0x000082f0        0x0 c:/espardino/bin/../lib/gcc/arm-elf/4.4.0/thumb/interwork\libgcc.a(_arm_fixdfsi.o)
 .vfp11_veneer  0x000082f0        0x0 c:/espardino/bin/../lib/gcc/arm-elf/4.4.0/../../../../arm-elf/lib/thumb/interwork\libg.a(lib_a-memcpy.o)
                0x000082f0                . = ALIGN (0x4)

.ctors          0x000082f0        0x0
                0x000082f0                PROVIDE (__ctors_start__, .)
 *(SORT(.ctors.*))
 *(.ctors)
                0x000082f0                PROVIDE (__ctors_end__, .)

.dtors          0x000082f0        0x0
                0x000082f0                PROVIDE (__dtors_start__, .)
 *(SORT(.dtors.*))
 *(.dtors)
                0x000082f0                PROVIDE (__dtors_end__, .)
                0x000082f0                . = ALIGN (0x4)
                0x000082f0                _etext = .
                0x000082f0                PROVIDE (etext, .)

.data           0x40000000        0xc cargar la dirección 0x000082f0
                0x40000000                _data = .
 *(.data)
 .data          0x40000000        0x0 startup.o
 .data          0x40000000        0x0 main.o
 .data          0x40000000        0x0 c:/espardino/bin/../lib/gcc/arm-elf/4.4.0/../../../../arm-elf/lib/thumb/interwork\libffs.a(ff.o)
 .data          0x40000000        0x1 c:/espardino/bin/../lib/gcc/arm-elf/4.4.0/../../../../arm-elf/lib/thumb/interwork\libffs.a(sd_spi_lpc2000.o)
 .data          0x40000001        0x0 c:/espardino/bin/../lib/gcc/arm-elf/4.4.0/../../../../arm-elf/lib/thumb/interwork\libffs.a(ccsbcs.o)
 .data          0x40000001        0x0 c:/espardino/bin/../lib/gcc/arm-elf/4.4.0/../../../../arm-elf/lib/thumb/interwork\libffs.a(fattime.o)
 *fill*         0x40000001        0x3 00
 .data          0x40000004        0x8 c:/espardino/bin/../lib/gcc/arm-elf/4.4.0/../../../../arm-elf/lib/thumb/interwork\libvcom.a(main_serial.o)
 .data          0x4000000c        0x0 c:/espardino/bin/../lib/gcc/arm-elf/4.4.0/../../../../arm-elf/lib/thumb/interwork\libvcom.a(usbhw_lpc.o)
 .data          0x4000000c        0x0 c:/espardino/bin/../lib/gcc/arm-elf/4.4.0/../../../../arm-elf/lib/thumb/interwork\libvcom.a(usbcontrol.o)
 .data          0x4000000c        0x0 c:/espardino/bin/../lib/gcc/arm-elf/4.4.0/../../../../arm-elf/lib/thumb/interwork\libvcom.a(usbstdreq.o)
 .data          0x4000000c        0x0 c:/espardino/bin/../lib/gcc/arm-elf/4.4.0/../../../../arm-elf/lib/thumb/interwork\libvcom.a(usbinit.o)
 .data          0x4000000c        0x0 c:/espardino/bin/../lib/gcc/arm-elf/4.4.0/../../../../arm-elf/lib/thumb/interwork\libvcom.a(serial_fifo.o)
 .data          0x4000000c        0x0 c:/espardino/bin/../lib/gcc/arm-elf/4.4.0/../../../../arm-elf/lib/thumb/interwork\libvcom.a(armVIC.o)
 .data          0x4000000c        0x0 c:/espardino/bin/../lib/gcc/arm-elf/4.4.0/../../../../arm-elf/lib\libmicro214x.a(leds.o)
 .data          0x4000000c        0x0 c:/espardino/bin/../lib/gcc/arm-elf/4.4.0/../../../../arm-elf/lib\libmicro214x.a(iolib.o)
 .data          0x4000000c        0x0 c:/espardino/bin/../lib/gcc/arm-elf/4.4.0/../../../../arm-elf/lib\libmicro214x.a(rtc.o)
 .data          0x4000000c        0x0 c:/espardino/bin/../lib/gcc/arm-elf/4.4.0/../../../../arm-elf/lib\libmicro214x.a(miniprintf.o)
 .data          0x4000000c        0x0 c:/espardino/bin/../lib/gcc/arm-elf/4.4.0/../../../../arm-elf/lib/thumb/interwork\libm.a(lib_a-s_floor.o)
 .data          0x4000000c        0x0 c:/espardino/bin/../lib/gcc/arm-elf/4.4.0/thumb/interwork\libgcc.a(_udivsi3.o)
 .data          0x4000000c        0x0 c:/espardino/bin/../lib/gcc/arm-elf/4.4.0/thumb/interwork\libgcc.a(_divsi3.o)
 .data          0x4000000c        0x0 c:/espardino/bin/../lib/gcc/arm-elf/4.4.0/thumb/interwork\libgcc.a(_umodsi3.o)
 .data          0x4000000c        0x0 c:/espardino/bin/../lib/gcc/arm-elf/4.4.0/thumb/interwork\libgcc.a(_dvmd_tls.o)
 .data          0x4000000c        0x0 c:/espardino/bin/../lib/gcc/arm-elf/4.4.0/thumb/interwork\libgcc.a(_arm_addsubdf3.o)
 .data          0x4000000c        0x0 c:/espardino/bin/../lib/gcc/arm-elf/4.4.0/thumb/interwork\libgcc.a(_arm_muldivdf3.o)
 .data          0x4000000c        0x0 c:/espardino/bin/../lib/gcc/arm-elf/4.4.0/thumb/interwork\libgcc.a(_arm_cmpdf2.o)
 .data          0x4000000c        0x0 c:/espardino/bin/../lib/gcc/arm-elf/4.4.0/thumb/interwork\libgcc.a(_arm_fixdfsi.o)
 .data          0x4000000c        0x0 c:/espardino/bin/../lib/gcc/arm-elf/4.4.0/../../../../arm-elf/lib/thumb/interwork\libg.a(lib_a-memcpy.o)
 *(.data.*)
 *(.gnu.linkonce.d*)
                0x4000000c                . = ALIGN (0x4)
 *(.fastrun)
                0x4000000c                . = ALIGN (0x4)
                0x4000000c                _edata = .
                0x4000000c                PROVIDE (edata, .)

.bss            0x4000000c      0x430 cargar la dirección 0x000082fc
                0x4000000c                __bss_start = .
                0x4000000c                __bss_start__ = .
 *(.bss)
 .bss           0x4000000c        0x0 startup.o
 .bss           0x4000000c        0x0 main.o
 .bss           0x4000000c      0x208 c:/espardino/bin/../lib/gcc/arm-elf/4.4.0/../../../../arm-elf/lib/thumb/interwork\libffs.a(ff.o)
 .bss           0x40000214        0xc c:/espardino/bin/../lib/gcc/arm-elf/4.4.0/../../../../arm-elf/lib/thumb/interwork\libffs.a(sd_spi_lpc2000.o)
 .bss           0x40000220        0x0 c:/espardino/bin/../lib/gcc/arm-elf/4.4.0/../../../../arm-elf/lib/thumb/interwork\libffs.a(ccsbcs.o)
 .bss           0x40000220        0x0 c:/espardino/bin/../lib/gcc/arm-elf/4.4.0/../../../../arm-elf/lib/thumb/interwork\libffs.a(fattime.o)
 .bss           0x40000220      0x160 c:/espardino/bin/../lib/gcc/arm-elf/4.4.0/../../../../arm-elf/lib/thumb/interwork\libvcom.a(main_serial.o)
 .bss           0x40000380       0x48 c:/espardino/bin/../lib/gcc/arm-elf/4.4.0/../../../../arm-elf/lib/thumb/interwork\libvcom.a(usbhw_lpc.o)
 .bss           0x400003c8       0x34 c:/espardino/bin/../lib/gcc/arm-elf/4.4.0/../../../../arm-elf/lib/thumb/interwork\libvcom.a(usbcontrol.o)
 .bss           0x400003fc        0xc c:/espardino/bin/../lib/gcc/arm-elf/4.4.0/../../../../arm-elf/lib/thumb/interwork\libvcom.a(usbstdreq.o)
 .bss           0x40000408        0x8 c:/espardino/bin/../lib/gcc/arm-elf/4.4.0/../../../../arm-elf/lib/thumb/interwork\libvcom.a(usbinit.o)
 .bss           0x40000410        0x0 c:/espardino/bin/../lib/gcc/arm-elf/4.4.0/../../../../arm-elf/lib/thumb/interwork\libvcom.a(serial_fifo.o)
 .bss           0x40000410        0x0 c:/espardino/bin/../lib/gcc/arm-elf/4.4.0/../../../../arm-elf/lib/thumb/interwork\libvcom.a(armVIC.o)
 .bss           0x40000410        0x0 c:/espardino/bin/../lib/gcc/arm-elf/4.4.0/../../../../arm-elf/lib\libmicro214x.a(leds.o)
 .bss           0x40000410        0x4 c:/espardino/bin/../lib/gcc/arm-elf/4.4.0/../../../../arm-elf/lib\libmicro214x.a(iolib.o)
 .bss           0x40000414        0x0 c:/espardino/bin/../lib/gcc/arm-elf/4.4.0/../../../../arm-elf/lib\libmicro214x.a(rtc.o)
 .bss           0x40000414        0x4 c:/espardino/bin/../lib/gcc/arm-elf/4.4.0/../../../../arm-elf/lib\libmicro214x.a(miniprintf.o)
 .bss           0x40000418        0x0 c:/espardino/bin/../lib/gcc/arm-elf/4.4.0/../../../../arm-elf/lib/thumb/interwork\libm.a(lib_a-s_floor.o)
 .bss           0x40000418        0x0 c:/espardino/bin/../lib/gcc/arm-elf/4.4.0/thumb/interwork\libgcc.a(_udivsi3.o)
 .bss           0x40000418        0x0 c:/espardino/bin/../lib/gcc/arm-elf/4.4.0/thumb/interwork\libgcc.a(_divsi3.o)
 .bss           0x40000418        0x0 c:/espardino/bin/../lib/gcc/arm-elf/4.4.0/thumb/interwork\libgcc.a(_umodsi3.o)
 .bss           0x40000418        0x0 c:/espardino/bin/../lib/gcc/arm-elf/4.4.0/thumb/interwork\libgcc.a(_dvmd_tls.o)
 .bss           0x40000418        0x0 c:/espardino/bin/../lib/gcc/arm-elf/4.4.0/thumb/interwork\libgcc.a(_arm_addsubdf3.o)
 .bss           0x40000418        0x0 c:/espardino/bin/../lib/gcc/arm-elf/4.4.0/thumb/interwork\libgcc.a(_arm_muldivdf3.o)
 .bss           0x40000418        0x0 c:/espardino/bin/../lib/gcc/arm-elf/4.4.0/thumb/interwork\libgcc.a(_arm_cmpdf2.o)
 .bss           0x40000418        0x0 c:/espardino/bin/../lib/gcc/arm-elf/4.4.0/thumb/interwork\libgcc.a(_arm_fixdfsi.o)
 .bss           0x40000418        0x0 c:/espardino/bin/../lib/gcc/arm-elf/4.4.0/../../../../arm-elf/lib/thumb/interwork\libg.a(lib_a-memcpy.o)
 *(.gnu.linkonce.b*)
 *(COMMON)
 COMMON         0x40000418       0x24 main.o
                0x40000418                Finfo
                0x40000438                acc_dirs
                0x4000043a                acc_files
                0x4000043c                . = ALIGN (0x4)
                0x4000043c                . = ALIGN (0x4)
                0x4000043c                __bss_end__ = .
                0x4000043c                PROVIDE (__bss_end, .)

.stack          0x40000500       0x10 cargar la dirección 0x000087f0
                0x40000510                . = (. + STACK_SIZE)
 *fill*         0x40000500       0x10 00
                0x40000510                PROVIDE (_stack, .)
                0x40000510                _end = .
                0x40000510                PROVIDE (end, .)

.stab
 *(.stab)

.stabstr
 *(.stabstr)

.stab.excl
 *(.stab.excl)

.stab.exclstr
 *(.stab.exclstr)

.stab.index
 *(.stab.index)

.stab.indexstr
 *(.stab.indexstr)

.comment        0x00000000      0x144
 *(.comment)
 .comment       0x00000000       0x12 main.o
 .comment       0x00000012       0x12 c:/espardino/bin/../lib/gcc/arm-elf/4.4.0/../../../../arm-elf/lib/thumb/interwork\libffs.a(ff.o)
 .comment       0x00000024       0x12 c:/espardino/bin/../lib/gcc/arm-elf/4.4.0/../../../../arm-elf/lib/thumb/interwork\libffs.a(sd_spi_lpc2000.o)
 .comment       0x00000036       0x12 c:/espardino/bin/../lib/gcc/arm-elf/4.4.0/../../../../arm-elf/lib/thumb/interwork\libffs.a(ccsbcs.o)
 .comment       0x00000048       0x12 c:/espardino/bin/../lib/gcc/arm-elf/4.4.0/../../../../arm-elf/lib/thumb/interwork\libffs.a(fattime.o)
 .comment       0x0000005a       0x12 c:/espardino/bin/../lib/gcc/arm-elf/4.4.0/../../../../arm-elf/lib/thumb/interwork\libvcom.a(main_serial.o)
 .comment       0x0000006c       0x12 c:/espardino/bin/../lib/gcc/arm-elf/4.4.0/../../../../arm-elf/lib/thumb/interwork\libvcom.a(usbhw_lpc.o)
 .comment       0x0000007e       0x12 c:/espardino/bin/../lib/gcc/arm-elf/4.4.0/../../../../arm-elf/lib/thumb/interwork\libvcom.a(usbcontrol.o)
 .comment       0x00000090       0x12 c:/espardino/bin/../lib/gcc/arm-elf/4.4.0/../../../../arm-elf/lib/thumb/interwork\libvcom.a(usbstdreq.o)
 .comment       0x000000a2       0x12 c:/espardino/bin/../lib/gcc/arm-elf/4.4.0/../../../../arm-elf/lib/thumb/interwork\libvcom.a(usbinit.o)
 .comment       0x000000b4       0x12 c:/espardino/bin/../lib/gcc/arm-elf/4.4.0/../../../../arm-elf/lib/thumb/interwork\libvcom.a(serial_fifo.o)
 .comment       0x000000c6       0x12 c:/espardino/bin/../lib/gcc/arm-elf/4.4.0/../../../../arm-elf/lib/thumb/interwork\libvcom.a(armVIC.o)
 .comment       0x000000d8       0x12 c:/espardino/bin/../lib/gcc/arm-elf/4.4.0/../../../../arm-elf/lib\libmicro214x.a(leds.o)
 .comment       0x000000ea       0x12 c:/espardino/bin/../lib/gcc/arm-elf/4.4.0/../../../../arm-elf/lib\libmicro214x.a(iolib.o)
 .comment       0x000000fc       0x12 c:/espardino/bin/../lib/gcc/arm-elf/4.4.0/../../../../arm-elf/lib\libmicro214x.a(rtc.o)
 .comment       0x0000010e       0x12 c:/espardino/bin/../lib/gcc/arm-elf/4.4.0/../../../../arm-elf/lib\libmicro214x.a(miniprintf.o)
 .comment       0x00000120       0x12 c:/espardino/bin/../lib/gcc/arm-elf/4.4.0/../../../../arm-elf/lib/thumb/interwork\libm.a(lib_a-s_floor.o)
 .comment       0x00000132       0x12 c:/espardino/bin/../lib/gcc/arm-elf/4.4.0/../../../../arm-elf/lib/thumb/interwork\libg.a(lib_a-memcpy.o)

.debug
 *(.debug)

.line
 *(.line)

.debug_srcinfo
 *(.debug_srcinfo)

.debug_sfnames
 *(.debug_sfnames)

.debug_aranges  0x00000000      0x180
 *(.debug_aranges)
 .debug_aranges
                0x00000000       0x20 startup.o
 .debug_aranges
                0x00000020       0x20 main.o
 .debug_aranges
                0x00000040       0x20 c:/espardino/bin/../lib/gcc/arm-elf/4.4.0/../../../../arm-elf/lib/thumb/interwork\libm.a(lib_a-s_floor.o)
 .debug_aranges
                0x00000060       0x20 c:/espardino/bin/../lib/gcc/arm-elf/4.4.0/thumb/interwork\libgcc.a(_udivsi3.o)
 .debug_aranges
                0x00000080       0x20 c:/espardino/bin/../lib/gcc/arm-elf/4.4.0/thumb/interwork\libgcc.a(_divsi3.o)
 .debug_aranges
                0x000000a0       0x20 c:/espardino/bin/../lib/gcc/arm-elf/4.4.0/thumb/interwork\libgcc.a(_umodsi3.o)
 .debug_aranges
                0x000000c0       0x20 c:/espardino/bin/../lib/gcc/arm-elf/4.4.0/thumb/interwork\libgcc.a(_dvmd_tls.o)
 .debug_aranges
                0x000000e0       0x20 c:/espardino/bin/../lib/gcc/arm-elf/4.4.0/thumb/interwork\libgcc.a(_arm_addsubdf3.o)
 .debug_aranges
                0x00000100       0x20 c:/espardino/bin/../lib/gcc/arm-elf/4.4.0/thumb/interwork\libgcc.a(_arm_muldivdf3.o)
 .debug_aranges
                0x00000120       0x20 c:/espardino/bin/../lib/gcc/arm-elf/4.4.0/thumb/interwork\libgcc.a(_arm_cmpdf2.o)
 .debug_aranges
                0x00000140       0x20 c:/espardino/bin/../lib/gcc/arm-elf/4.4.0/thumb/interwork\libgcc.a(_arm_fixdfsi.o)
 .debug_aranges
                0x00000160       0x20 c:/espardino/bin/../lib/gcc/arm-elf/4.4.0/../../../../arm-elf/lib/thumb/interwork\libg.a(lib_a-memcpy.o)

.debug_pubnames
                0x00000000       0x79
 *(.debug_pubnames)
 .debug_pubnames
                0x00000000       0x40 main.o
 .debug_pubnames
                0x00000040       0x1c c:/espardino/bin/../lib/gcc/arm-elf/4.4.0/../../../../arm-elf/lib/thumb/interwork\libm.a(lib_a-s_floor.o)
 .debug_pubnames
                0x0000005c       0x1d c:/espardino/bin/../lib/gcc/arm-elf/4.4.0/../../../../arm-elf/lib/thumb/interwork\libg.a(lib_a-memcpy.o)

.debug_info     0x00000000      0xc76
 *(.debug_info .gnu.linkonce.wi.*)
 .debug_info    0x00000000       0x5f startup.o
 .debug_info    0x0000005f      0x468 main.o
 .debug_info    0x000004c7      0x1b1 c:/espardino/bin/../lib/gcc/arm-elf/4.4.0/../../../../arm-elf/lib/thumb/interwork\libm.a(lib_a-s_floor.o)
 .debug_info    0x00000678       0x98 c:/espardino/bin/../lib/gcc/arm-elf/4.4.0/thumb/interwork\libgcc.a(_udivsi3.o)
 .debug_info    0x00000710       0x98 c:/espardino/bin/../lib/gcc/arm-elf/4.4.0/thumb/interwork\libgcc.a(_divsi3.o)
 .debug_info    0x000007a8       0x98 c:/espardino/bin/../lib/gcc/arm-elf/4.4.0/thumb/interwork\libgcc.a(_umodsi3.o)
 .debug_info    0x00000840       0x98 c:/espardino/bin/../lib/gcc/arm-elf/4.4.0/thumb/interwork\libgcc.a(_dvmd_tls.o)
 .debug_info    0x000008d8       0x97 c:/espardino/bin/../lib/gcc/arm-elf/4.4.0/thumb/interwork\libgcc.a(_arm_addsubdf3.o)
 .debug_info    0x0000096f       0x97 c:/espardino/bin/../lib/gcc/arm-elf/4.4.0/thumb/interwork\libgcc.a(_arm_muldivdf3.o)
 .debug_info    0x00000a06       0x97 c:/espardino/bin/../lib/gcc/arm-elf/4.4.0/thumb/interwork\libgcc.a(_arm_cmpdf2.o)
 .debug_info    0x00000a9d       0x97 c:/espardino/bin/../lib/gcc/arm-elf/4.4.0/thumb/interwork\libgcc.a(_arm_fixdfsi.o)
 .debug_info    0x00000b34      0x142 c:/espardino/bin/../lib/gcc/arm-elf/4.4.0/../../../../arm-elf/lib/thumb/interwork\libg.a(lib_a-memcpy.o)

.debug_abbrev   0x00000000      0x397
 *(.debug_abbrev)
 .debug_abbrev  0x00000000       0x14 startup.o
 .debug_abbrev  0x00000014      0x150 main.o
 .debug_abbrev  0x00000164       0xf1 c:/espardino/bin/../lib/gcc/arm-elf/4.4.0/../../../../arm-elf/lib/thumb/interwork\libm.a(lib_a-s_floor.o)
 .debug_abbrev  0x00000255       0x14 c:/espardino/bin/../lib/gcc/arm-elf/4.4.0/thumb/interwork\libgcc.a(_udivsi3.o)
 .debug_abbrev  0x00000269       0x14 c:/espardino/bin/../lib/gcc/arm-elf/4.4.0/thumb/interwork\libgcc.a(_divsi3.o)
 .debug_abbrev  0x0000027d       0x14 c:/espardino/bin/../lib/gcc/arm-elf/4.4.0/thumb/interwork\libgcc.a(_umodsi3.o)
 .debug_abbrev  0x00000291       0x14 c:/espardino/bin/../lib/gcc/arm-elf/4.4.0/thumb/interwork\libgcc.a(_dvmd_tls.o)
 .debug_abbrev  0x000002a5       0x14 c:/espardino/bin/../lib/gcc/arm-elf/4.4.0/thumb/interwork\libgcc.a(_arm_addsubdf3.o)
 .debug_abbrev  0x000002b9       0x14 c:/espardino/bin/../lib/gcc/arm-elf/4.4.0/thumb/interwork\libgcc.a(_arm_muldivdf3.o)
 .debug_abbrev  0x000002cd       0x14 c:/espardino/bin/../lib/gcc/arm-elf/4.4.0/thumb/interwork\libgcc.a(_arm_cmpdf2.o)
 .debug_abbrev  0x000002e1       0x14 c:/espardino/bin/../lib/gcc/arm-elf/4.4.0/thumb/interwork\libgcc.a(_arm_fixdfsi.o)
 .debug_abbrev  0x000002f5       0xa2 c:/espardino/bin/../lib/gcc/arm-elf/4.4.0/../../../../arm-elf/lib/thumb/interwork\libg.a(lib_a-memcpy.o)

.debug_line     0x00000000      0xa20
 *(.debug_line)
 .debug_line    0x00000000       0x95 startup.o
 .debug_line    0x00000095       0xb3 main.o
 .debug_line    0x00000148      0x168 c:/espardino/bin/../lib/gcc/arm-elf/4.4.0/../../../../arm-elf/lib/thumb/interwork\libm.a(lib_a-s_floor.o)
 .debug_line    0x000002b0       0x86 c:/espardino/bin/../lib/gcc/arm-elf/4.4.0/thumb/interwork\libgcc.a(_udivsi3.o)
 .debug_line    0x00000336       0x92 c:/espardino/bin/../lib/gcc/arm-elf/4.4.0/thumb/interwork\libgcc.a(_divsi3.o)
 .debug_line    0x000003c8       0x7e c:/espardino/bin/../lib/gcc/arm-elf/4.4.0/thumb/interwork\libgcc.a(_umodsi3.o)
 .debug_line    0x00000446       0x70 c:/espardino/bin/../lib/gcc/arm-elf/4.4.0/thumb/interwork\libgcc.a(_dvmd_tls.o)
 .debug_line    0x000004b6      0x178 c:/espardino/bin/../lib/gcc/arm-elf/4.4.0/thumb/interwork\libgcc.a(_arm_addsubdf3.o)
 .debug_line    0x0000062e      0x18d c:/espardino/bin/../lib/gcc/arm-elf/4.4.0/thumb/interwork\libgcc.a(_arm_muldivdf3.o)
 .debug_line    0x000007bb       0xba c:/espardino/bin/../lib/gcc/arm-elf/4.4.0/thumb/interwork\libgcc.a(_arm_cmpdf2.o)
 .debug_line    0x00000875       0x85 c:/espardino/bin/../lib/gcc/arm-elf/4.4.0/thumb/interwork\libgcc.a(_arm_fixdfsi.o)
 .debug_line    0x000008fa      0x126 c:/espardino/bin/../lib/gcc/arm-elf/4.4.0/../../../../arm-elf/lib/thumb/interwork\libg.a(lib_a-memcpy.o)

.debug_frame    0x00000000       0xec
 *(.debug_frame)
 .debug_frame   0x00000000       0x40 c:/espardino/bin/../lib/gcc/arm-elf/4.4.0/../../../../arm-elf/lib/thumb/interwork\libm.a(lib_a-s_floor.o)
 .debug_frame   0x00000040       0x28 c:/espardino/bin/../lib/gcc/arm-elf/4.4.0/thumb/interwork\libgcc.a(_udivsi3.o)
 .debug_frame   0x00000068       0x28 c:/espardino/bin/../lib/gcc/arm-elf/4.4.0/thumb/interwork\libgcc.a(_divsi3.o)
 .debug_frame   0x00000090       0x28 c:/espardino/bin/../lib/gcc/arm-elf/4.4.0/thumb/interwork\libgcc.a(_umodsi3.o)
 .debug_frame   0x000000b8       0x34 c:/espardino/bin/../lib/gcc/arm-elf/4.4.0/../../../../arm-elf/lib/thumb/interwork\libg.a(lib_a-memcpy.o)

.debug_str      0x00000000      0x44a
 *(.debug_str)
 .debug_str     0x00000000      0x2b9 main.o
                                0x308 (tamaño antes de la relajación)
 .debug_str     0x000002b9       0xdc c:/espardino/bin/../lib/gcc/arm-elf/4.4.0/../../../../arm-elf/lib/thumb/interwork\libm.a(lib_a-s_floor.o)
                                0x178 (tamaño antes de la relajación)
 .debug_str     0x00000395       0xb5 c:/espardino/bin/../lib/gcc/arm-elf/4.4.0/../../../../arm-elf/lib/thumb/interwork\libg.a(lib_a-memcpy.o)
                                0x14a (tamaño antes de la relajación)

.debug_loc      0x00000000      0x3d1
 *(.debug_loc)
 .debug_loc     0x00000000       0x54 main.o
 .debug_loc     0x00000054      0x242 c:/espardino/bin/../lib/gcc/arm-elf/4.4.0/../../../../arm-elf/lib/thumb/interwork\libm.a(lib_a-s_floor.o)
 .debug_loc     0x00000296      0x13b c:/espardino/bin/../lib/gcc/arm-elf/4.4.0/../../../../arm-elf/lib/thumb/interwork\libg.a(lib_a-memcpy.o)

.debug_macinfo
 *(.debug_macinfo)

.debug_weaknames
 *(.debug_weaknames)

.debug_funcnames
 *(.debug_funcnames)

.debug_typenames
 *(.debug_typenames)

.debug_varnames
 *(.debug_varnames)
OUTPUT(main.elf elf32-littlearm)

.ARM.attributes
                0x00000000       0x10
 .ARM.attributes
                0x00000000       0x10 startup.o
 .ARM.attributes
                0x00000010       0x10 main.o
 .ARM.attributes
                0x00000020       0x10 c:/espardino/bin/../lib/gcc/arm-elf/4.4.0/../../../../arm-elf/lib/thumb/interwork\libffs.a(ff.o)
 .ARM.attributes
                0x00000030       0x10 c:/espardino/bin/../lib/gcc/arm-elf/4.4.0/../../../../arm-elf/lib/thumb/interwork\libffs.a(sd_spi_lpc2000.o)
 .ARM.attributes
                0x00000040       0x10 c:/espardino/bin/../lib/gcc/arm-elf/4.4.0/../../../../arm-elf/lib/thumb/interwork\libffs.a(ccsbcs.o)
 .ARM.attributes
                0x00000050       0x10 c:/espardino/bin/../lib/gcc/arm-elf/4.4.0/../../../../arm-elf/lib/thumb/interwork\libffs.a(fattime.o)
 .ARM.attributes
                0x00000060       0x10 c:/espardino/bin/../lib/gcc/arm-elf/4.4.0/../../../../arm-elf/lib/thumb/interwork\libvcom.a(main_serial.o)
 .ARM.attributes
                0x00000070       0x10 c:/espardino/bin/../lib/gcc/arm-elf/4.4.0/../../../../arm-elf/lib/thumb/interwork\libvcom.a(usbhw_lpc.o)
 .ARM.attributes
                0x00000080       0x10 c:/espardino/bin/../lib/gcc/arm-elf/4.4.0/../../../../arm-elf/lib/thumb/interwork\libvcom.a(usbcontrol.o)
 .ARM.attributes
                0x00000090       0x10 c:/espardino/bin/../lib/gcc/arm-elf/4.4.0/../../../../arm-elf/lib/thumb/interwork\libvcom.a(usbstdreq.o)
 .ARM.attributes
                0x000000a0       0x10 c:/espardino/bin/../lib/gcc/arm-elf/4.4.0/../../../../arm-elf/lib/thumb/interwork\libvcom.a(usbinit.o)
 .ARM.attributes
                0x000000b0       0x10 c:/espardino/bin/../lib/gcc/arm-elf/4.4.0/../../../../arm-elf/lib/thumb/interwork\libvcom.a(serial_fifo.o)
 .ARM.attributes
                0x000000c0       0x10 c:/espardino/bin/../lib/gcc/arm-elf/4.4.0/../../../../arm-elf/lib/thumb/interwork\libvcom.a(armVIC.o)
 .ARM.attributes
                0x000000d0       0x10 c:/espardino/bin/../lib/gcc/arm-elf/4.4.0/../../../../arm-elf/lib\libmicro214x.a(leds.o)
 .ARM.attributes
                0x000000e0       0x10 c:/espardino/bin/../lib/gcc/arm-elf/4.4.0/../../../../arm-elf/lib\libmicro214x.a(iolib.o)
 .ARM.attributes
                0x000000f0       0x10 c:/espardino/bin/../lib/gcc/arm-elf/4.4.0/../../../../arm-elf/lib\libmicro214x.a(rtc.o)
 .ARM.attributes
                0x00000100       0x10 c:/espardino/bin/../lib/gcc/arm-elf/4.4.0/../../../../arm-elf/lib\libmicro214x.a(miniprintf.o)

.debug_ranges   0x00000000       0x18
 .debug_ranges  0x00000000       0x18 c:/espardino/bin/../lib/gcc/arm-elf/4.4.0/../../../../arm-elf/lib/thumb/interwork\libm.a(lib_a-s_floor.o)

Tabla de Referencias Cruzadas

Símbolo                                           Fichero
Finfo                                             main.o
IO_get_mode                                       c:/espardino/bin/../lib/gcc/arm-elf/4.4.0/../../../../arm-elf/lib\libmicro214x.a(iolib.o)
                                                  c:/espardino/bin/../lib/gcc/arm-elf/4.4.0/../../../../arm-elf/lib/thumb/interwork\libffs.a(sd_spi_lpc2000.o)
IO_init                                           c:/espardino/bin/../lib/gcc/arm-elf/4.4.0/../../../../arm-elf/lib\libmicro214x.a(iolib.o)
IO_input                                          c:/espardino/bin/../lib/gcc/arm-elf/4.4.0/../../../../arm-elf/lib\libmicro214x.a(iolib.o)
                                                  c:/espardino/bin/../lib/gcc/arm-elf/4.4.0/../../../../arm-elf/lib/thumb/interwork\libffs.a(sd_spi_lpc2000.o)
IO_output                                         c:/espardino/bin/../lib/gcc/arm-elf/4.4.0/../../../../arm-elf/lib\libmicro214x.a(iolib.o)
IO_output_high                                    c:/espardino/bin/../lib/gcc/arm-elf/4.4.0/../../../../arm-elf/lib\libmicro214x.a(iolib.o)
                                                  c:/espardino/bin/../lib/gcc/arm-elf/4.4.0/../../../../arm-elf/lib\libmicro214x.a(leds.o)
IO_output_low                                     c:/espardino/bin/../lib/gcc/arm-elf/4.4.0/../../../../arm-elf/lib\libmicro214x.a(iolib.o)
                                                  c:/espardino/bin/../lib/gcc/arm-elf/4.4.0/../../../../arm-elf/lib\libmicro214x.a(leds.o)
LEDS_init                                         c:/espardino/bin/../lib/gcc/arm-elf/4.4.0/../../../../arm-elf/lib\libmicro214x.a(leds.o)
                                                  main.o
LEDS_off                                          c:/espardino/bin/../lib/gcc/arm-elf/4.4.0/../../../../arm-elf/lib\libmicro214x.a(leds.o)
LEDS_on                                           c:/espardino/bin/../lib/gcc/arm-elf/4.4.0/../../../../arm-elf/lib\libmicro214x.a(leds.o)
                                                  main.o
RTC_get                                           c:/espardino/bin/../lib/gcc/arm-elf/4.4.0/../../../../arm-elf/lib\libmicro214x.a(rtc.o)
                                                  c:/espardino/bin/../lib/gcc/arm-elf/4.4.0/../../../../arm-elf/lib/thumb/interwork\libffs.a(fattime.o)
RTC_set                                           c:/espardino/bin/../lib/gcc/arm-elf/4.4.0/../../../../arm-elf/lib\libmicro214x.a(rtc.o)
USBGetDescriptor                                  c:/espardino/bin/../lib/gcc/arm-elf/4.4.0/../../../../arm-elf/lib/thumb/interwork\libvcom.a(usbstdreq.o)
USBHandleControlTransfer                          c:/espardino/bin/../lib/gcc/arm-elf/4.4.0/../../../../arm-elf/lib/thumb/interwork\libvcom.a(usbcontrol.o)
                                                  c:/espardino/bin/../lib/gcc/arm-elf/4.4.0/../../../../arm-elf/lib/thumb/interwork\libvcom.a(usbinit.o)
USBHandleStandardRequest                          c:/espardino/bin/../lib/gcc/arm-elf/4.4.0/../../../../arm-elf/lib/thumb/interwork\libvcom.a(usbstdreq.o)
                                                  c:/espardino/bin/../lib/gcc/arm-elf/4.4.0/../../../../arm-elf/lib/thumb/interwork\libvcom.a(usbinit.o)
USBHwConfigDevice                                 c:/espardino/bin/../lib/gcc/arm-elf/4.4.0/../../../../arm-elf/lib/thumb/interwork\libvcom.a(usbhw_lpc.o)
                                                  c:/espardino/bin/../lib/gcc/arm-elf/4.4.0/../../../../arm-elf/lib/thumb/interwork\libvcom.a(usbstdreq.o)
USBHwConnect                                      c:/espardino/bin/../lib/gcc/arm-elf/4.4.0/../../../../arm-elf/lib/thumb/interwork\libvcom.a(usbhw_lpc.o)
                                                  c:/espardino/bin/../lib/gcc/arm-elf/4.4.0/../../../../arm-elf/lib/thumb/interwork\libvcom.a(main_serial.o)
USBHwEPConfig                                     c:/espardino/bin/../lib/gcc/arm-elf/4.4.0/../../../../arm-elf/lib/thumb/interwork\libvcom.a(usbhw_lpc.o)
                                                  c:/espardino/bin/../lib/gcc/arm-elf/4.4.0/../../../../arm-elf/lib/thumb/interwork\libvcom.a(usbinit.o)
                                                  c:/espardino/bin/../lib/gcc/arm-elf/4.4.0/../../../../arm-elf/lib/thumb/interwork\libvcom.a(usbstdreq.o)
USBHwEPGetStatus                                  c:/espardino/bin/../lib/gcc/arm-elf/4.4.0/../../../../arm-elf/lib/thumb/interwork\libvcom.a(usbhw_lpc.o)
                                                  c:/espardino/bin/../lib/gcc/arm-elf/4.4.0/../../../../arm-elf/lib/thumb/interwork\libvcom.a(usbstdreq.o)
USBHwEPRead                                       c:/espardino/bin/../lib/gcc/arm-elf/4.4.0/../../../../arm-elf/lib/thumb/interwork\libvcom.a(usbhw_lpc.o)
                                                  c:/espardino/bin/../lib/gcc/arm-elf/4.4.0/../../../../arm-elf/lib/thumb/interwork\libvcom.a(usbcontrol.o)
                                                  c:/espardino/bin/../lib/gcc/arm-elf/4.4.0/../../../../arm-elf/lib/thumb/interwork\libvcom.a(main_serial.o)
USBHwEPStall                                      c:/espardino/bin/../lib/gcc/arm-elf/4.4.0/../../../../arm-elf/lib/thumb/interwork\libvcom.a(usbhw_lpc.o)
                                                  c:/espardino/bin/../lib/gcc/arm-elf/4.4.0/../../../../arm-elf/lib/thumb/interwork\libvcom.a(usbstdreq.o)
                                                  c:/espardino/bin/../lib/gcc/arm-elf/4.4.0/../../../../arm-elf/lib/thumb/interwork\libvcom.a(usbcontrol.o)
USBHwEPWrite                                      c:/espardino/bin/../lib/gcc/arm-elf/4.4.0/../../../../arm-elf/lib/thumb/interwork\libvcom.a(usbhw_lpc.o)
                                                  c:/espardino/bin/../lib/gcc/arm-elf/4.4.0/../../../../arm-elf/lib/thumb/interwork\libvcom.a(usbcontrol.o)
                                                  c:/espardino/bin/../lib/gcc/arm-elf/4.4.0/../../../../arm-elf/lib/thumb/interwork\libvcom.a(main_serial.o)
USBHwISR                                          c:/espardino/bin/../lib/gcc/arm-elf/4.4.0/../../../../arm-elf/lib/thumb/interwork\libvcom.a(usbhw_lpc.o)
                                                  c:/espardino/bin/../lib/gcc/arm-elf/4.4.0/../../../../arm-elf/lib/thumb/interwork\libvcom.a(main_serial.o)
USBHwInit                                         c:/espardino/bin/../lib/gcc/arm-elf/4.4.0/../../../../arm-elf/lib/thumb/interwork\libvcom.a(usbhw_lpc.o)
                                                  c:/espardino/bin/../lib/gcc/arm-elf/4.4.0/../../../../arm-elf/lib/thumb/interwork\libvcom.a(usbinit.o)
USBHwNakIntEnable                                 c:/espardino/bin/../lib/gcc/arm-elf/4.4.0/../../../../arm-elf/lib/thumb/interwork\libvcom.a(usbhw_lpc.o)
                                                  c:/espardino/bin/../lib/gcc/arm-elf/4.4.0/../../../../arm-elf/lib/thumb/interwork\libvcom.a(main_serial.o)
USBHwRegisterDevIntHandler                        c:/espardino/bin/../lib/gcc/arm-elf/4.4.0/../../../../arm-elf/lib/thumb/interwork\libvcom.a(usbhw_lpc.o)
                                                  c:/espardino/bin/../lib/gcc/arm-elf/4.4.0/../../../../arm-elf/lib/thumb/interwork\libvcom.a(usbinit.o)
USBHwRegisterEPIntHandler                         c:/espardino/bin/../lib/gcc/arm-elf/4.4.0/../../../../arm-elf/lib/thumb/interwork\libvcom.a(usbhw_lpc.o)
                                                  c:/espardino/bin/../lib/gcc/arm-elf/4.4.0/../../../../arm-elf/lib/thumb/interwork\libvcom.a(usbinit.o)
                                                  c:/espardino/bin/../lib/gcc/arm-elf/4.4.0/../../../../arm-elf/lib/thumb/interwork\libvcom.a(main_serial.o)
USBHwRegisterFrameHandler                         c:/espardino/bin/../lib/gcc/arm-elf/4.4.0/../../../../arm-elf/lib/thumb/interwork\libvcom.a(usbhw_lpc.o)
                                                  c:/espardino/bin/../lib/gcc/arm-elf/4.4.0/../../../../arm-elf/lib/thumb/interwork\libvcom.a(main_serial.o)
USBHwSetAddress                                   c:/espardino/bin/../lib/gcc/arm-elf/4.4.0/../../../../arm-elf/lib/thumb/interwork\libvcom.a(usbhw_lpc.o)
                                                  c:/espardino/bin/../lib/gcc/arm-elf/4.4.0/../../../../arm-elf/lib/thumb/interwork\libvcom.a(usbstdreq.o)
USBInit                                           c:/espardino/bin/../lib/gcc/arm-elf/4.4.0/../../../../arm-elf/lib/thumb/interwork\libvcom.a(usbinit.o)
                                                  c:/espardino/bin/../lib/gcc/arm-elf/4.4.0/../../../../arm-elf/lib/thumb/interwork\libvcom.a(main_serial.o)
USBRegisterCustomReqHandler                       c:/espardino/bin/../lib/gcc/arm-elf/4.4.0/../../../../arm-elf/lib/thumb/interwork\libvcom.a(usbstdreq.o)
USBRegisterDescriptors                            c:/espardino/bin/../lib/gcc/arm-elf/4.4.0/../../../../arm-elf/lib/thumb/interwork\libvcom.a(usbstdreq.o)
                                                  c:/espardino/bin/../lib/gcc/arm-elf/4.4.0/../../../../arm-elf/lib/thumb/interwork\libvcom.a(main_serial.o)
USBRegisterRequestHandler                         c:/espardino/bin/../lib/gcc/arm-elf/4.4.0/../../../../arm-elf/lib/thumb/interwork\libvcom.a(usbcontrol.o)
                                                  c:/espardino/bin/../lib/gcc/arm-elf/4.4.0/../../../../arm-elf/lib/thumb/interwork\libvcom.a(usbinit.o)
                                                  c:/espardino/bin/../lib/gcc/arm-elf/4.4.0/../../../../arm-elf/lib/thumb/interwork\libvcom.a(main_serial.o)
VCOM_getchar                                      c:/espardino/bin/../lib/gcc/arm-elf/4.4.0/../../../../arm-elf/lib/thumb/interwork\libvcom.a(main_serial.o)
                                                  main.o
VCOM_getchar_nonblock                             c:/espardino/bin/../lib/gcc/arm-elf/4.4.0/../../../../arm-elf/lib/thumb/interwork\libvcom.a(main_serial.o)
VCOM_init                                         c:/espardino/bin/../lib/gcc/arm-elf/4.4.0/../../../../arm-elf/lib/thumb/interwork\libvcom.a(main_serial.o)
                                                  main.o
VCOM_init_internal                                c:/espardino/bin/../lib/gcc/arm-elf/4.4.0/../../../../arm-elf/lib/thumb/interwork\libvcom.a(main_serial.o)
VCOM_kbhit                                        c:/espardino/bin/../lib/gcc/arm-elf/4.4.0/../../../../arm-elf/lib/thumb/interwork\libvcom.a(main_serial.o)
VCOM_putchar                                      c:/espardino/bin/../lib/gcc/arm-elf/4.4.0/../../../../arm-elf/lib/thumb/interwork\libvcom.a(main_serial.o)
                                                  main.o
VCOM_putchar_nl                                   c:/espardino/bin/../lib/gcc/arm-elf/4.4.0/../../../../arm-elf/lib/thumb/interwork\libvcom.a(main_serial.o)
VCOM_putchar_nonblock                             c:/espardino/bin/../lib/gcc/arm-elf/4.4.0/../../../../arm-elf/lib/thumb/interwork\libvcom.a(main_serial.o)
VCOM_putchar_nonblock_nl                          c:/espardino/bin/../lib/gcc/arm-elf/4.4.0/../../../../arm-elf/lib/thumb/interwork\libvcom.a(main_serial.o)
VCOM_puts                                         c:/espardino/bin/../lib/gcc/arm-elf/4.4.0/../../../../arm-elf/lib/thumb/interwork\libvcom.a(main_serial.o)
__USBHwConnect_from_arm                           c:/espardino/bin/../lib/gcc/arm-elf/4.4.0/../../../../arm-elf/lib/thumb/interwork\libg.a(lib_a-memcpy.o)
__USBHwEPRead_from_arm                            c:/espardino/bin/../lib/gcc/arm-elf/4.4.0/../../../../arm-elf/lib/thumb/interwork\libg.a(lib_a-memcpy.o)
__USBHwEPWrite_from_arm                           c:/espardino/bin/../lib/gcc/arm-elf/4.4.0/../../../../arm-elf/lib/thumb/interwork\libg.a(lib_a-memcpy.o)
__USBHwISR_from_arm                               c:/espardino/bin/../lib/gcc/arm-elf/4.4.0/../../../../arm-elf/lib/thumb/interwork\libg.a(lib_a-memcpy.o)
__USBHwNakIntEnable_from_arm                      c:/espardino/bin/../lib/gcc/arm-elf/4.4.0/../../../../arm-elf/lib/thumb/interwork\libg.a(lib_a-memcpy.o)
__USBHwRegisterEPIntHandler_from_arm              c:/espardino/bin/../lib/gcc/arm-elf/4.4.0/../../../../arm-elf/lib/thumb/interwork\libg.a(lib_a-memcpy.o)
__USBHwRegisterFrameHandler_from_arm              c:/espardino/bin/../lib/gcc/arm-elf/4.4.0/../../../../arm-elf/lib/thumb/interwork\libg.a(lib_a-memcpy.o)
__USBInit_from_arm                                c:/espardino/bin/../lib/gcc/arm-elf/4.4.0/../../../../arm-elf/lib/thumb/interwork\libg.a(lib_a-memcpy.o)
__USBRegisterDescriptors_from_arm                 c:/espardino/bin/../lib/gcc/arm-elf/4.4.0/../../../../arm-elf/lib/thumb/interwork\libg.a(lib_a-memcpy.o)
__USBRegisterRequestHandler_from_arm              c:/espardino/bin/../lib/gcc/arm-elf/4.4.0/../../../../arm-elf/lib/thumb/interwork\libg.a(lib_a-memcpy.o)
__VCOM_getchar_change_to_arm                      c:/espardino/bin/../lib/gcc/arm-elf/4.4.0/../../../../arm-elf/lib/thumb/interwork\libg.a(lib_a-memcpy.o)
__VCOM_getchar_from_thumb                         c:/espardino/bin/../lib/gcc/arm-elf/4.4.0/../../../../arm-elf/lib/thumb/interwork\libg.a(lib_a-memcpy.o)
__VCOM_init_change_to_arm                         c:/espardino/bin/../lib/gcc/arm-elf/4.4.0/../../../../arm-elf/lib/thumb/interwork\libg.a(lib_a-memcpy.o)
__VCOM_init_from_thumb                            c:/espardino/bin/../lib/gcc/arm-elf/4.4.0/../../../../arm-elf/lib/thumb/interwork\libg.a(lib_a-memcpy.o)
__VCOM_putchar_change_to_arm                      c:/espardino/bin/../lib/gcc/arm-elf/4.4.0/../../../../arm-elf/lib/thumb/interwork\libg.a(lib_a-memcpy.o)
__VCOM_putchar_from_thumb                         c:/espardino/bin/../lib/gcc/arm-elf/4.4.0/../../../../arm-elf/lib/thumb/interwork\libg.a(lib_a-memcpy.o)
____adddf3_change_to_arm                          c:/espardino/bin/../lib/gcc/arm-elf/4.4.0/../../../../arm-elf/lib/thumb/interwork\libg.a(lib_a-memcpy.o)
____adddf3_from_thumb                             c:/espardino/bin/../lib/gcc/arm-elf/4.4.0/../../../../arm-elf/lib/thumb/interwork\libg.a(lib_a-memcpy.o)
____gtdf2_change_to_arm                           c:/espardino/bin/../lib/gcc/arm-elf/4.4.0/../../../../arm-elf/lib/thumb/interwork\libg.a(lib_a-memcpy.o)
____gtdf2_from_thumb                              c:/espardino/bin/../lib/gcc/arm-elf/4.4.0/../../../../arm-elf/lib/thumb/interwork\libg.a(lib_a-memcpy.o)
____udivsi3_from_arm                              c:/espardino/bin/../lib/gcc/arm-elf/4.4.0/../../../../arm-elf/lib/thumb/interwork\libg.a(lib_a-memcpy.o)
____umodsi3_from_arm                              c:/espardino/bin/../lib/gcc/arm-elf/4.4.0/../../../../arm-elf/lib/thumb/interwork\libg.a(lib_a-memcpy.o)
__adddf3                                          c:/espardino/bin/../lib/gcc/arm-elf/4.4.0/thumb/interwork\libgcc.a(_arm_addsubdf3.o)
                                                  c:/espardino/bin/../lib/gcc/arm-elf/4.4.0/../../../../arm-elf/lib/thumb/interwork\libm.a(lib_a-s_floor.o)
__aeabi_cdcmpeq                                   c:/espardino/bin/../lib/gcc/arm-elf/4.4.0/thumb/interwork\libgcc.a(_arm_cmpdf2.o)
__aeabi_cdcmple                                   c:/espardino/bin/../lib/gcc/arm-elf/4.4.0/thumb/interwork\libgcc.a(_arm_cmpdf2.o)
__aeabi_cdrcmple                                  c:/espardino/bin/../lib/gcc/arm-elf/4.4.0/thumb/interwork\libgcc.a(_arm_cmpdf2.o)
__aeabi_d2iz                                      c:/espardino/bin/../lib/gcc/arm-elf/4.4.0/thumb/interwork\libgcc.a(_arm_fixdfsi.o)
__aeabi_dadd                                      c:/espardino/bin/../lib/gcc/arm-elf/4.4.0/thumb/interwork\libgcc.a(_arm_addsubdf3.o)
__aeabi_dcmpeq                                    c:/espardino/bin/../lib/gcc/arm-elf/4.4.0/thumb/interwork\libgcc.a(_arm_cmpdf2.o)
__aeabi_dcmpge                                    c:/espardino/bin/../lib/gcc/arm-elf/4.4.0/thumb/interwork\libgcc.a(_arm_cmpdf2.o)
__aeabi_dcmpgt                                    c:/espardino/bin/../lib/gcc/arm-elf/4.4.0/thumb/interwork\libgcc.a(_arm_cmpdf2.o)
__aeabi_dcmple                                    c:/espardino/bin/../lib/gcc/arm-elf/4.4.0/thumb/interwork\libgcc.a(_arm_cmpdf2.o)
__aeabi_dcmplt                                    c:/espardino/bin/../lib/gcc/arm-elf/4.4.0/thumb/interwork\libgcc.a(_arm_cmpdf2.o)
__aeabi_ddiv                                      c:/espardino/bin/../lib/gcc/arm-elf/4.4.0/thumb/interwork\libgcc.a(_arm_muldivdf3.o)
__aeabi_dmul                                      c:/espardino/bin/../lib/gcc/arm-elf/4.4.0/thumb/interwork\libgcc.a(_arm_muldivdf3.o)
__aeabi_drsub                                     c:/espardino/bin/../lib/gcc/arm-elf/4.4.0/thumb/interwork\libgcc.a(_arm_addsubdf3.o)
__aeabi_dsub                                      c:/espardino/bin/../lib/gcc/arm-elf/4.4.0/thumb/interwork\libgcc.a(_arm_addsubdf3.o)
__aeabi_f2d                                       c:/espardino/bin/../lib/gcc/arm-elf/4.4.0/thumb/interwork\libgcc.a(_arm_addsubdf3.o)
__aeabi_i2d                                       c:/espardino/bin/../lib/gcc/arm-elf/4.4.0/thumb/interwork\libgcc.a(_arm_addsubdf3.o)
__aeabi_idiv                                      c:/espardino/bin/../lib/gcc/arm-elf/4.4.0/thumb/interwork\libgcc.a(_divsi3.o)
__aeabi_idiv0                                     c:/espardino/bin/../lib/gcc/arm-elf/4.4.0/thumb/interwork\libgcc.a(_dvmd_tls.o)
__aeabi_idivmod                                   c:/espardino/bin/../lib/gcc/arm-elf/4.4.0/thumb/interwork\libgcc.a(_divsi3.o)
__aeabi_l2d                                       c:/espardino/bin/../lib/gcc/arm-elf/4.4.0/thumb/interwork\libgcc.a(_arm_addsubdf3.o)
__aeabi_ldiv0                                     c:/espardino/bin/../lib/gcc/arm-elf/4.4.0/thumb/interwork\libgcc.a(_dvmd_tls.o)
__aeabi_ui2d                                      c:/espardino/bin/../lib/gcc/arm-elf/4.4.0/thumb/interwork\libgcc.a(_arm_addsubdf3.o)
__aeabi_uidiv                                     c:/espardino/bin/../lib/gcc/arm-elf/4.4.0/thumb/interwork\libgcc.a(_udivsi3.o)
__aeabi_uidivmod                                  c:/espardino/bin/../lib/gcc/arm-elf/4.4.0/thumb/interwork\libgcc.a(_udivsi3.o)
__aeabi_ul2d                                      c:/espardino/bin/../lib/gcc/arm-elf/4.4.0/thumb/interwork\libgcc.a(_arm_addsubdf3.o)
__bss_end__                                       startup.o
__bss_start__                                     startup.o
__cmpdf2                                          c:/espardino/bin/../lib/gcc/arm-elf/4.4.0/thumb/interwork\libgcc.a(_arm_cmpdf2.o)
__ctors_end__                                     startup.o
__ctors_start__                                   startup.o
__div0                                            c:/espardino/bin/../lib/gcc/arm-elf/4.4.0/thumb/interwork\libgcc.a(_dvmd_tls.o)
                                                  c:/espardino/bin/../lib/gcc/arm-elf/4.4.0/thumb/interwork\libgcc.a(_umodsi3.o)
                                                  c:/espardino/bin/../lib/gcc/arm-elf/4.4.0/thumb/interwork\libgcc.a(_divsi3.o)
                                                  c:/espardino/bin/../lib/gcc/arm-elf/4.4.0/thumb/interwork\libgcc.a(_udivsi3.o)
__divdf3                                          c:/espardino/bin/../lib/gcc/arm-elf/4.4.0/thumb/interwork\libgcc.a(_arm_muldivdf3.o)
__divsi3                                          c:/espardino/bin/../lib/gcc/arm-elf/4.4.0/thumb/interwork\libgcc.a(_divsi3.o)
                                                  c:/espardino/bin/../lib/gcc/arm-elf/4.4.0/../../../../arm-elf/lib/thumb/interwork\libffs.a(ff.o)
__eqdf2                                           c:/espardino/bin/../lib/gcc/arm-elf/4.4.0/thumb/interwork\libgcc.a(_arm_cmpdf2.o)
__exit_ARM                                        startup.o
__exit_THUMB                                      startup.o
__extendsfdf2                                     c:/espardino/bin/../lib/gcc/arm-elf/4.4.0/thumb/interwork\libgcc.a(_arm_addsubdf3.o)
__fifo_avail_from_arm                             c:/espardino/bin/../lib/gcc/arm-elf/4.4.0/../../../../arm-elf/lib/thumb/interwork\libg.a(lib_a-memcpy.o)
__fifo_free_from_arm                              c:/espardino/bin/../lib/gcc/arm-elf/4.4.0/../../../../arm-elf/lib/thumb/interwork\libg.a(lib_a-memcpy.o)
__fifo_get_from_arm                               c:/espardino/bin/../lib/gcc/arm-elf/4.4.0/../../../../arm-elf/lib/thumb/interwork\libg.a(lib_a-memcpy.o)
__fifo_init_from_arm                              c:/espardino/bin/../lib/gcc/arm-elf/4.4.0/../../../../arm-elf/lib/thumb/interwork\libg.a(lib_a-memcpy.o)
__fifo_put_from_arm                               c:/espardino/bin/../lib/gcc/arm-elf/4.4.0/../../../../arm-elf/lib/thumb/interwork\libg.a(lib_a-memcpy.o)
__fixdfsi                                         c:/espardino/bin/../lib/gcc/arm-elf/4.4.0/thumb/interwork\libgcc.a(_arm_fixdfsi.o)
                                                  c:/espardino/bin/../lib/gcc/arm-elf/4.4.0/../../../../arm-elf/lib\libmicro214x.a(miniprintf.o)
__floatdidf                                       c:/espardino/bin/../lib/gcc/arm-elf/4.4.0/thumb/interwork\libgcc.a(_arm_addsubdf3.o)
__floatsidf                                       c:/espardino/bin/../lib/gcc/arm-elf/4.4.0/thumb/interwork\libgcc.a(_arm_addsubdf3.o)
                                                  c:/espardino/bin/../lib/gcc/arm-elf/4.4.0/../../../../arm-elf/lib\libmicro214x.a(miniprintf.o)
__floatundidf                                     c:/espardino/bin/../lib/gcc/arm-elf/4.4.0/thumb/interwork\libgcc.a(_arm_addsubdf3.o)
__floatunsidf                                     c:/espardino/bin/../lib/gcc/arm-elf/4.4.0/thumb/interwork\libgcc.a(_arm_addsubdf3.o)
__floor_from_arm                                  c:/espardino/bin/../lib/gcc/arm-elf/4.4.0/../../../../arm-elf/lib/thumb/interwork\libg.a(lib_a-memcpy.o)
__gedf2                                           c:/espardino/bin/../lib/gcc/arm-elf/4.4.0/thumb/interwork\libgcc.a(_arm_cmpdf2.o)
__gtdf2                                           c:/espardino/bin/../lib/gcc/arm-elf/4.4.0/thumb/interwork\libgcc.a(_arm_cmpdf2.o)
                                                  c:/espardino/bin/../lib/gcc/arm-elf/4.4.0/../../../../arm-elf/lib/thumb/interwork\libm.a(lib_a-s_floor.o)
__ledf2                                           c:/espardino/bin/../lib/gcc/arm-elf/4.4.0/thumb/interwork\libgcc.a(_arm_cmpdf2.o)
__ltdf2                                           c:/espardino/bin/../lib/gcc/arm-elf/4.4.0/thumb/interwork\libgcc.a(_arm_cmpdf2.o)
                                                  c:/espardino/bin/../lib/gcc/arm-elf/4.4.0/../../../../arm-elf/lib\libmicro214x.a(miniprintf.o)
__memcpy_from_arm                                 c:/espardino/bin/../lib/gcc/arm-elf/4.4.0/../../../../arm-elf/lib/thumb/interwork\libg.a(lib_a-memcpy.o)
__muldf3                                          c:/espardino/bin/../lib/gcc/arm-elf/4.4.0/thumb/interwork\libgcc.a(_arm_muldivdf3.o)
                                                  c:/espardino/bin/../lib/gcc/arm-elf/4.4.0/../../../../arm-elf/lib\libmicro214x.a(miniprintf.o)
__nedf2                                           c:/espardino/bin/../lib/gcc/arm-elf/4.4.0/thumb/interwork\libgcc.a(_arm_cmpdf2.o)
__subdf3                                          c:/espardino/bin/../lib/gcc/arm-elf/4.4.0/thumb/interwork\libgcc.a(_arm_addsubdf3.o)
                                                  c:/espardino/bin/../lib/gcc/arm-elf/4.4.0/../../../../arm-elf/lib\libmicro214x.a(miniprintf.o)
__udivsi3                                         c:/espardino/bin/../lib/gcc/arm-elf/4.4.0/thumb/interwork\libgcc.a(_udivsi3.o)
                                                  c:/espardino/bin/../lib/gcc/arm-elf/4.4.0/../../../../arm-elf/lib\libmicro214x.a(miniprintf.o)
                                                  c:/espardino/bin/../lib/gcc/arm-elf/4.4.0/../../../../arm-elf/lib/thumb/interwork\libffs.a(ff.o)
__umodsi3                                         c:/espardino/bin/../lib/gcc/arm-elf/4.4.0/thumb/interwork\libgcc.a(_umodsi3.o)
                                                  c:/espardino/bin/../lib/gcc/arm-elf/4.4.0/../../../../arm-elf/lib\libmicro214x.a(miniprintf.o)
                                                  c:/espardino/bin/../lib/gcc/arm-elf/4.4.0/../../../../arm-elf/lib/thumb/interwork\libffs.a(ff.o)
__xprintf_change_to_arm                           c:/espardino/bin/../lib/gcc/arm-elf/4.4.0/../../../../arm-elf/lib/thumb/interwork\libg.a(lib_a-memcpy.o)
__xprintf_from_thumb                              c:/espardino/bin/../lib/gcc/arm-elf/4.4.0/../../../../arm-elf/lib/thumb/interwork\libg.a(lib_a-memcpy.o)
__xprintf_output_change_to_arm                    c:/espardino/bin/../lib/gcc/arm-elf/4.4.0/../../../../arm-elf/lib/thumb/interwork\libg.a(lib_a-memcpy.o)
__xprintf_output_from_thumb                       c:/espardino/bin/../lib/gcc/arm-elf/4.4.0/../../../../arm-elf/lib/thumb/interwork\libg.a(lib_a-memcpy.o)
_boot                                             startup.o
_data                                             startup.o
_edata                                            startup.o
_etext                                            startup.o
acc_dirs                                          main.o
acc_files                                         main.o
disableFIQ                                        c:/espardino/bin/../lib/gcc/arm-elf/4.4.0/../../../../arm-elf/lib/thumb/interwork\libvcom.a(armVIC.o)
disableIRQ                                        c:/espardino/bin/../lib/gcc/arm-elf/4.4.0/../../../../arm-elf/lib/thumb/interwork\libvcom.a(armVIC.o)
disk_initialize                                   c:/espardino/bin/../lib/gcc/arm-elf/4.4.0/../../../../arm-elf/lib/thumb/interwork\libffs.a(sd_spi_lpc2000.o)
                                                  c:/espardino/bin/../lib/gcc/arm-elf/4.4.0/../../../../arm-elf/lib/thumb/interwork\libffs.a(ff.o)
disk_ioctl                                        c:/espardino/bin/../lib/gcc/arm-elf/4.4.0/../../../../arm-elf/lib/thumb/interwork\libffs.a(sd_spi_lpc2000.o)
                                                  c:/espardino/bin/../lib/gcc/arm-elf/4.4.0/../../../../arm-elf/lib/thumb/interwork\libffs.a(ff.o)
disk_read                                         c:/espardino/bin/../lib/gcc/arm-elf/4.4.0/../../../../arm-elf/lib/thumb/interwork\libffs.a(sd_spi_lpc2000.o)
                                                  c:/espardino/bin/../lib/gcc/arm-elf/4.4.0/../../../../arm-elf/lib/thumb/interwork\libffs.a(ff.o)
disk_status                                       c:/espardino/bin/../lib/gcc/arm-elf/4.4.0/../../../../arm-elf/lib/thumb/interwork\libffs.a(sd_spi_lpc2000.o)
                                                  c:/espardino/bin/../lib/gcc/arm-elf/4.4.0/../../../../arm-elf/lib/thumb/interwork\libffs.a(ff.o)
disk_write                                        c:/espardino/bin/../lib/gcc/arm-elf/4.4.0/../../../../arm-elf/lib/thumb/interwork\libffs.a(sd_spi_lpc2000.o)
                                                  c:/espardino/bin/../lib/gcc/arm-elf/4.4.0/../../../../arm-elf/lib/thumb/interwork\libffs.a(ff.o)
enableFIQ                                         c:/espardino/bin/../lib/gcc/arm-elf/4.4.0/../../../../arm-elf/lib/thumb/interwork\libvcom.a(armVIC.o)
enableIRQ                                         c:/espardino/bin/../lib/gcc/arm-elf/4.4.0/../../../../arm-elf/lib/thumb/interwork\libvcom.a(armVIC.o)
                                                  c:/espardino/bin/../lib/gcc/arm-elf/4.4.0/../../../../arm-elf/lib/thumb/interwork\libvcom.a(main_serial.o)
f_chmod                                           c:/espardino/bin/../lib/gcc/arm-elf/4.4.0/../../../../arm-elf/lib/thumb/interwork\libffs.a(ff.o)
f_close                                           c:/espardino/bin/../lib/gcc/arm-elf/4.4.0/../../../../arm-elf/lib/thumb/interwork\libffs.a(ff.o)
                                                  main.o
f_getfree                                         c:/espardino/bin/../lib/gcc/arm-elf/4.4.0/../../../../arm-elf/lib/thumb/interwork\libffs.a(ff.o)
f_lseek                                           c:/espardino/bin/../lib/gcc/arm-elf/4.4.0/../../../../arm-elf/lib/thumb/interwork\libffs.a(ff.o)
f_mkdir                                           c:/espardino/bin/../lib/gcc/arm-elf/4.4.0/../../../../arm-elf/lib/thumb/interwork\libffs.a(ff.o)
f_mkfs                                            c:/espardino/bin/../lib/gcc/arm-elf/4.4.0/../../../../arm-elf/lib/thumb/interwork\libffs.a(ff.o)
f_mount                                           c:/espardino/bin/../lib/gcc/arm-elf/4.4.0/../../../../arm-elf/lib/thumb/interwork\libffs.a(ff.o)
                                                  main.o
f_open                                            c:/espardino/bin/../lib/gcc/arm-elf/4.4.0/../../../../arm-elf/lib/thumb/interwork\libffs.a(ff.o)
                                                  main.o
f_opendir                                         c:/espardino/bin/../lib/gcc/arm-elf/4.4.0/../../../../arm-elf/lib/thumb/interwork\libffs.a(ff.o)
f_read                                            c:/espardino/bin/../lib/gcc/arm-elf/4.4.0/../../../../arm-elf/lib/thumb/interwork\libffs.a(ff.o)
                                                  main.o
f_readdir                                         c:/espardino/bin/../lib/gcc/arm-elf/4.4.0/../../../../arm-elf/lib/thumb/interwork\libffs.a(ff.o)
f_rename                                          c:/espardino/bin/../lib/gcc/arm-elf/4.4.0/../../../../arm-elf/lib/thumb/interwork\libffs.a(ff.o)
f_stat                                            c:/espardino/bin/../lib/gcc/arm-elf/4.4.0/../../../../arm-elf/lib/thumb/interwork\libffs.a(ff.o)
f_sync                                            c:/espardino/bin/../lib/gcc/arm-elf/4.4.0/../../../../arm-elf/lib/thumb/interwork\libffs.a(ff.o)
f_truncate                                        c:/espardino/bin/../lib/gcc/arm-elf/4.4.0/../../../../arm-elf/lib/thumb/interwork\libffs.a(ff.o)
f_unlink                                          c:/espardino/bin/../lib/gcc/arm-elf/4.4.0/../../../../arm-elf/lib/thumb/interwork\libffs.a(ff.o)
f_utime                                           c:/espardino/bin/../lib/gcc/arm-elf/4.4.0/../../../../arm-elf/lib/thumb/interwork\libffs.a(ff.o)
f_write                                           c:/espardino/bin/../lib/gcc/arm-elf/4.4.0/../../../../arm-elf/lib/thumb/interwork\libffs.a(ff.o)
ff_convert                                        c:/espardino/bin/../lib/gcc/arm-elf/4.4.0/../../../../arm-elf/lib/thumb/interwork\libffs.a(ccsbcs.o)
                                                  c:/espardino/bin/../lib/gcc/arm-elf/4.4.0/../../../../arm-elf/lib/thumb/interwork\libffs.a(ff.o)
ff_wtoupper                                       c:/espardino/bin/../lib/gcc/arm-elf/4.4.0/../../../../arm-elf/lib/thumb/interwork\libffs.a(ccsbcs.o)
                                                  c:/espardino/bin/../lib/gcc/arm-elf/4.4.0/../../../../arm-elf/lib/thumb/interwork\libffs.a(ff.o)
fifo_avail                                        c:/espardino/bin/../lib/gcc/arm-elf/4.4.0/../../../../arm-elf/lib/thumb/interwork\libvcom.a(serial_fifo.o)
                                                  c:/espardino/bin/../lib/gcc/arm-elf/4.4.0/../../../../arm-elf/lib/thumb/interwork\libvcom.a(main_serial.o)
fifo_free                                         c:/espardino/bin/../lib/gcc/arm-elf/4.4.0/../../../../arm-elf/lib/thumb/interwork\libvcom.a(serial_fifo.o)
                                                  c:/espardino/bin/../lib/gcc/arm-elf/4.4.0/../../../../arm-elf/lib/thumb/interwork\libvcom.a(main_serial.o)
fifo_get                                          c:/espardino/bin/../lib/gcc/arm-elf/4.4.0/../../../../arm-elf/lib/thumb/interwork\libvcom.a(serial_fifo.o)
                                                  c:/espardino/bin/../lib/gcc/arm-elf/4.4.0/../../../../arm-elf/lib/thumb/interwork\libvcom.a(main_serial.o)
fifo_init                                         c:/espardino/bin/../lib/gcc/arm-elf/4.4.0/../../../../arm-elf/lib/thumb/interwork\libvcom.a(serial_fifo.o)
                                                  c:/espardino/bin/../lib/gcc/arm-elf/4.4.0/../../../../arm-elf/lib/thumb/interwork\libvcom.a(main_serial.o)
fifo_put                                          c:/espardino/bin/../lib/gcc/arm-elf/4.4.0/../../../../arm-elf/lib/thumb/interwork\libvcom.a(serial_fifo.o)
                                                  c:/espardino/bin/../lib/gcc/arm-elf/4.4.0/../../../../arm-elf/lib/thumb/interwork\libvcom.a(main_serial.o)
floor                                             c:/espardino/bin/../lib/gcc/arm-elf/4.4.0/../../../../arm-elf/lib/thumb/interwork\libm.a(lib_a-s_floor.o)
                                                  c:/espardino/bin/../lib/gcc/arm-elf/4.4.0/../../../../arm-elf/lib\libmicro214x.a(miniprintf.o)
gen_numname                                       c:/espardino/bin/../lib/gcc/arm-elf/4.4.0/../../../../arm-elf/lib/thumb/interwork\libffs.a(ff.o)
get_fattime                                       c:/espardino/bin/../lib/gcc/arm-elf/4.4.0/../../../../arm-elf/lib/thumb/interwork\libffs.a(fattime.o)
                                                  c:/espardino/bin/../lib/gcc/arm-elf/4.4.0/../../../../arm-elf/lib/thumb/interwork\libffs.a(ff.o)
main                                              main.o
                                                  startup.o
memcpy                                            c:/espardino/bin/../lib/gcc/arm-elf/4.4.0/../../../../arm-elf/lib/thumb/interwork\libg.a(lib_a-memcpy.o)
                                                  c:/espardino/bin/../lib/gcc/arm-elf/4.4.0/../../../../arm-elf/lib/thumb/interwork\libvcom.a(main_serial.o)
print                                             c:/espardino/bin/../lib/gcc/arm-elf/4.4.0/../../../../arm-elf/lib\libmicro214x.a(miniprintf.o)
restoreFIQ                                        c:/espardino/bin/../lib/gcc/arm-elf/4.4.0/../../../../arm-elf/lib/thumb/interwork\libvcom.a(armVIC.o)
restoreIRQ                                        c:/espardino/bin/../lib/gcc/arm-elf/4.4.0/../../../../arm-elf/lib/thumb/interwork\libvcom.a(armVIC.o)
xfprintf                                          c:/espardino/bin/../lib/gcc/arm-elf/4.4.0/../../../../arm-elf/lib\libmicro214x.a(miniprintf.o)
xprintf                                           c:/espardino/bin/../lib/gcc/arm-elf/4.4.0/../../../../arm-elf/lib\libmicro214x.a(miniprintf.o)
                                                  main.o
xprintf_output                                    c:/espardino/bin/../lib/gcc/arm-elf/4.4.0/../../../../arm-elf/lib\libmicro214x.a(miniprintf.o)
                                                  main.o
xputs                                             c:/espardino/bin/../lib/gcc/arm-elf/4.4.0/../../../../arm-elf/lib\libmicro214x.a(miniprintf.o)
xsprintf                                          c:/espardino/bin/../lib/gcc/arm-elf/4.4.0/../../../../arm-elf/lib\libmicro214x.a(miniprintf.o)
